2025-12-11 20:10:17.394 11811-11833 DvdVideoPr...$playTitle com.ble1st.connectias                D  DvdVideoProvider: playTitle() called
2025-12-11 20:10:17.395 11811-11833 DvdVideoPr...$playTitle com.ble1st.connectias                D  DvdVideoProvider: playTitle() called
2025-12-11 20:10:17.396 11811-11833 DvdVideoPr...$playTitle com.ble1st.connectias                D  DvdVideoProvider: playTitle() - titleNumber: 1, deviceId: 1003
2025-12-11 20:10:17.397 11811-11833 DvdVideoPr...$playTitle com.ble1st.connectias                D  DvdVideoProvider: playTitle() - titleNumber: 1, deviceId: 1003
2025-12-11 20:10:17.399 11811-11833 DvdVideoPr...$playTitle com.ble1st.connectias                D  DvdVideoProvider: playTitle() - Available titles: 53
2025-12-11 20:10:17.399 11811-11833 DvdVideoPr...$playTitle com.ble1st.connectias                D  DvdVideoProvider: playTitle() - Available titles: 53
2025-12-11 20:10:17.400 11811-11833 DvdVideoPr...$playTitle com.ble1st.connectias                D  DvdVideoProvider: playTitle() -   Title[0]: number=1, chapters=21, duration=5306980ms
2025-12-11 20:10:17.401 11811-11833 DvdVideoPr...$playTitle com.ble1st.connectias                D  DvdVideoProvider: playTitle() -   Title[0]: number=1, chapters=21, duration=5306980ms
2025-12-11 20:10:17.401 11811-11833 DvdVideoPr...$playTitle com.ble1st.connectias                D  DvdVideoProvider: playTitle() -   Title[1]: number=2, chapters=2, duration=475419ms
2025-12-11 20:10:17.401 11811-11833 DvdVideoPr...$playTitle com.ble1st.connectias                D  DvdVideoProvider: playTitle() -   Title[1]: number=2, chapters=2, duration=475419ms
2025-12-11 20:10:17.401 11811-11833 DvdVideoPr...$playTitle com.ble1st.connectias                D  DvdVideoProvider: playTitle() -   Title[2]: number=3, chapters=2, duration=110980ms
2025-12-11 20:10:17.401 11811-11833 DvdVideoPr...$playTitle com.ble1st.connectias                D  DvdVideoProvider: playTitle() -   Title[2]: number=3, chapters=2, duration=110980ms
2025-12-11 20:10:17.402 11811-11833 DvdVideoPr...$playTitle com.ble1st.connectias                D  DvdVideoProvider: playTitle() -   Title[3]: number=4, chapters=2, duration=128320ms
2025-12-11 20:10:17.402 11811-11833 DvdVideoPr...$playTitle com.ble1st.connectias                D  DvdVideoProvider: playTitle() -   Title[3]: number=4, chapters=2, duration=128320ms
2025-12-11 20:10:17.402 11811-11833 DvdVideoPr...$playTitle com.ble1st.connectias                D  DvdVideoProvider: playTitle() -   Title[4]: number=5, chapters=21, duration=5306980ms
2025-12-11 20:10:17.402 11811-11833 DvdVideoPr...$playTitle com.ble1st.connectias                D  DvdVideoProvider: playTitle() -   Title[4]: number=5, chapters=21, duration=5306980ms
2025-12-11 20:10:17.403 11811-11833 DvdVideoPr...$playTitle com.ble1st.connectias                D  DvdVideoProvider: playTitle() -   Title[5]: number=6, chapters=2, duration=475419ms
2025-12-11 20:10:17.404 11811-11833 DvdVideoPr...$playTitle com.ble1st.connectias                D  DvdVideoProvider: playTitle() -   Title[5]: number=6, chapters=2, duration=475419ms
2025-12-11 20:10:17.405 11811-11833 DvdVideoPr...$playTitle com.ble1st.connectias                D  DvdVideoProvider: playTitle() -   Title[6]: number=7, chapters=2, duration=110980ms
2025-12-11 20:10:17.407 11811-11833 DvdVideoPr...$playTitle com.ble1st.connectias                D  DvdVideoProvider: playTitle() -   Title[6]: number=7, chapters=2, duration=110980ms
2025-12-11 20:10:17.407 11811-11833 DvdVideoPr...$playTitle com.ble1st.connectias                D  DvdVideoProvider: playTitle() -   Title[7]: number=8, chapters=2, duration=128320ms
2025-12-11 20:10:17.407 11811-11833 DvdVideoPr...$playTitle com.ble1st.connectias                D  DvdVideoProvider: playTitle() -   Title[7]: number=8, chapters=2, duration=128320ms
2025-12-11 20:10:17.407 11811-11833 DvdVideoPr...$playTitle com.ble1st.connectias                D  DvdVideoProvider: playTitle() -   Title[8]: number=9, chapters=2, duration=26881ms
2025-12-11 20:10:17.408 11811-11833 DvdVideoPr...$playTitle com.ble1st.connectias                D  DvdVideoProvider: playTitle() -   Title[8]: number=9, chapters=2, duration=26881ms
2025-12-11 20:10:17.408 11811-11833 DvdVideoPr...$playTitle com.ble1st.connectias                D  DvdVideoProvider: playTitle() -   Title[9]: number=10, chapters=21, duration=5306980ms
2025-12-11 20:10:17.408 11811-11833 DvdVideoPr...$playTitle com.ble1st.connectias                D  DvdVideoProvider: playTitle() -   Title[9]: number=10, chapters=21, duration=5306980ms
2025-12-11 20:10:17.408 11811-11833 DvdVideoPr...$playTitle com.ble1st.connectias                D  DvdVideoProvider: playTitle() -   Title[10]: number=11, chapters=2, duration=475419ms
2025-12-11 20:10:17.409 11811-11833 DvdVideoPr...$playTitle com.ble1st.connectias                D  DvdVideoProvider: playTitle() -   Title[10]: number=11, chapters=2, duration=475419ms
2025-12-11 20:10:17.409 11811-11833 DvdVideoPr...$playTitle com.ble1st.connectias                D  DvdVideoProvider: playTitle() -   Title[11]: number=12, chapters=2, duration=110980ms
2025-12-11 20:10:17.409 11811-11833 DvdVideoPr...$playTitle com.ble1st.connectias                D  DvdVideoProvider: playTitle() -   Title[11]: number=12, chapters=2, duration=110980ms
2025-12-11 20:10:17.410 11811-11833 DvdVideoPr...$playTitle com.ble1st.connectias                D  DvdVideoProvider: playTitle() -   Title[12]: number=13, chapters=2, duration=128320ms
2025-12-11 20:10:17.410 11811-11833 DvdVideoPr...$playTitle com.ble1st.connectias                D  DvdVideoProvider: playTitle() -   Title[12]: number=13, chapters=2, duration=128320ms
2025-12-11 20:10:17.411 11811-11833 DvdVideoPr...$playTitle com.ble1st.connectias                D  DvdVideoProvider: playTitle() -   Title[13]: number=14, chapters=2, duration=26881ms
2025-12-11 20:10:17.411 11811-11833 DvdVideoPr...$playTitle com.ble1st.connectias                D  DvdVideoProvider: playTitle() -   Title[13]: number=14, chapters=2, duration=26881ms
2025-12-11 20:10:17.411 11811-11833 DvdVideoPr...$playTitle com.ble1st.connectias                D  DvdVideoProvider: playTitle() -   Title[14]: number=15, chapters=2, duration=74815ms
2025-12-11 20:10:17.412 11811-11833 DvdVideoPr...$playTitle com.ble1st.connectias                D  DvdVideoProvider: playTitle() -   Title[14]: number=15, chapters=2, duration=74815ms
2025-12-11 20:10:17.412 11811-11833 DvdVideoPr...$playTitle com.ble1st.connectias                D  DvdVideoProvider: playTitle() -   Title[15]: number=16, chapters=45, duration=442320ms
2025-12-11 20:10:17.412 11811-11833 DvdVideoPr...$playTitle com.ble1st.connectias                D  DvdVideoProvider: playTitle() -   Title[15]: number=16, chapters=45, duration=442320ms
2025-12-11 20:10:17.412 11811-11833 DvdVideoPr...$playTitle com.ble1st.connectias                D  DvdVideoProvider: playTitle() -   Title[16]: number=17, chapters=1, duration=1716ms
2025-12-11 20:10:17.413 11811-11833 DvdVideoPr...$playTitle com.ble1st.connectias                D  DvdVideoProvider: playTitle() -   Title[16]: number=17, chapters=1, duration=1716ms
2025-12-11 20:10:17.413 11811-11833 DvdVideoPr...$playTitle com.ble1st.connectias                D  DvdVideoProvider: playTitle() -   Title[17]: number=18, chapters=21, duration=5306980ms
2025-12-11 20:10:17.413 11811-11833 DvdVideoPr...$playTitle com.ble1st.connectias                D  DvdVideoProvider: playTitle() -   Title[17]: number=18, chapters=21, duration=5306980ms
2025-12-11 20:10:17.414 11811-11833 DvdVideoPr...$playTitle com.ble1st.connectias                D  DvdVideoProvider: playTitle() -   Title[18]: number=19, chapters=2, duration=475419ms
2025-12-11 20:10:17.414 11811-11833 DvdVideoPr...$playTitle com.ble1st.connectias                D  DvdVideoProvider: playTitle() -   Title[18]: number=19, chapters=2, duration=475419ms
2025-12-11 20:10:17.414 11811-11833 DvdVideoPr...$playTitle com.ble1st.connectias                D  DvdVideoProvider: playTitle() -   Title[19]: number=20, chapters=2, duration=110980ms
2025-12-11 20:10:17.414 11811-11833 DvdVideoPr...$playTitle com.ble1st.connectias                D  DvdVideoProvider: playTitle() -   Title[19]: number=20, chapters=2, duration=110980ms
2025-12-11 20:10:17.415 11811-11833 DvdVideoPr...$playTitle com.ble1st.connectias                D  DvdVideoProvider: playTitle() -   Title[20]: number=21, chapters=2, duration=128320ms
2025-12-11 20:10:17.415 11811-11833 DvdVideoPr...$playTitle com.ble1st.connectias                D  DvdVideoProvider: playTitle() -   Title[20]: number=21, chapters=2, duration=128320ms
2025-12-11 20:10:17.415 11811-11833 DvdVideoPr...$playTitle com.ble1st.connectias                D  DvdVideoProvider: playTitle() -   Title[21]: number=22, chapters=2, duration=26881ms
2025-12-11 20:10:17.416 11811-11833 DvdVideoPr...$playTitle com.ble1st.connectias                D  DvdVideoProvider: playTitle() -   Title[21]: number=22, chapters=2, duration=26881ms
2025-12-11 20:10:17.416 11811-11833 DvdVideoPr...$playTitle com.ble1st.connectias                D  DvdVideoProvider: playTitle() -   Title[22]: number=23, chapters=2, duration=74815ms
2025-12-11 20:10:17.416 11811-11833 DvdVideoPr...$playTitle com.ble1st.connectias                D  DvdVideoProvider: playTitle() -   Title[22]: number=23, chapters=2, duration=74815ms
2025-12-11 20:10:17.417 11811-11833 DvdVideoPr...$playTitle com.ble1st.connectias                D  DvdVideoProvider: playTitle() -   Title[23]: number=24, chapters=45, duration=442320ms
2025-12-11 20:10:17.417 11811-11833 DvdVideoPr...$playTitle com.ble1st.connectias                D  DvdVideoProvider: playTitle() -   Title[23]: number=24, chapters=45, duration=442320ms
2025-12-11 20:10:17.417 11811-11833 DvdVideoPr...$playTitle com.ble1st.connectias                D  DvdVideoProvider: playTitle() -   Title[24]: number=25, chapters=1, duration=1716ms
2025-12-11 20:10:17.417 11811-11833 DvdVideoPr...$playTitle com.ble1st.connectias                D  DvdVideoProvider: playTitle() -   Title[24]: number=25, chapters=1, duration=1716ms
2025-12-11 20:10:17.418 11811-11833 DvdVideoPr...$playTitle com.ble1st.connectias                D  DvdVideoProvider: playTitle() -   Title[25]: number=26, chapters=2, duration=25320ms
2025-12-11 20:10:17.418 11811-11833 DvdVideoPr...$playTitle com.ble1st.connectias                D  DvdVideoProvider: playTitle() -   Title[25]: number=26, chapters=2, duration=25320ms
2025-12-11 20:10:17.418 11811-11833 DvdVideoPr...$playTitle com.ble1st.connectias                D  DvdVideoProvider: playTitle() -   Title[26]: number=27, chapters=2, duration=22320ms
2025-12-11 20:10:17.418 11811-11833 DvdVideoPr...$playTitle com.ble1st.connectias                D  DvdVideoProvider: playTitle() -   Title[26]: number=27, chapters=2, duration=22320ms
2025-12-11 20:10:17.419 11811-11833 DvdVideoPr...$playTitle com.ble1st.connectias                D  DvdVideoProvider: playTitle() -   Title[27]: number=28, chapters=2, duration=15320ms
2025-12-11 20:10:17.419 11811-11833 DvdVideoPr...$playTitle com.ble1st.connectias                D  DvdVideoProvider: playTitle() -   Title[27]: number=28, chapters=2, duration=15320ms
2025-12-11 20:10:17.419 11811-11833 DvdVideoPr...$playTitle com.ble1st.connectias                D  DvdVideoProvider: playTitle() -   Title[28]: number=35, chapters=21, duration=5306980ms
2025-12-11 20:10:17.419 11811-11833 DvdVideoPr...$playTitle com.ble1st.connectias                D  DvdVideoProvider: playTitle() -   Title[28]: number=35, chapters=21, duration=5306980ms
2025-12-11 20:10:17.420 11811-11833 DvdVideoPr...$playTitle com.ble1st.connectias                D  DvdVideoProvider: playTitle() -   Title[29]: number=36, chapters=2, duration=475419ms
2025-12-11 20:10:17.420 11811-11833 DvdVideoPr...$playTitle com.ble1st.connectias                D  DvdVideoProvider: playTitle() -   Title[29]: number=36, chapters=2, duration=475419ms
2025-12-11 20:10:17.420 11811-11833 DvdVideoPr...$playTitle com.ble1st.connectias                D  DvdVideoProvider: playTitle() -   Title[30]: number=37, chapters=2, duration=110980ms
2025-12-11 20:10:17.420 11811-11833 DvdVideoPr...$playTitle com.ble1st.connectias                D  DvdVideoProvider: playTitle() -   Title[30]: number=37, chapters=2, duration=110980ms
2025-12-11 20:10:17.420 11811-11833 DvdVideoPr...$playTitle com.ble1st.connectias                D  DvdVideoProvider: playTitle() -   Title[31]: number=38, chapters=2, duration=128320ms
2025-12-11 20:10:17.420 11811-11833 DvdVideoPr...$playTitle com.ble1st.connectias                D  DvdVideoProvider: playTitle() -   Title[31]: number=38, chapters=2, duration=128320ms
2025-12-11 20:10:17.421 11811-11833 DvdVideoPr...$playTitle com.ble1st.connectias                D  DvdVideoProvider: playTitle() -   Title[32]: number=39, chapters=2, duration=26881ms
2025-12-11 20:10:17.421 11811-11833 DvdVideoPr...$playTitle com.ble1st.connectias                D  DvdVideoProvider: playTitle() -   Title[32]: number=39, chapters=2, duration=26881ms
2025-12-11 20:10:17.421 11811-11833 DvdVideoPr...$playTitle com.ble1st.connectias                D  DvdVideoProvider: playTitle() -   Title[33]: number=40, chapters=2, duration=74815ms
2025-12-11 20:10:17.421 11811-11833 DvdVideoPr...$playTitle com.ble1st.connectias                D  DvdVideoProvider: playTitle() -   Title[33]: number=40, chapters=2, duration=74815ms
2025-12-11 20:10:17.421 11811-11833 DvdVideoPr...$playTitle com.ble1st.connectias                D  DvdVideoProvider: playTitle() -   Title[34]: number=41, chapters=45, duration=442320ms
2025-12-11 20:10:17.422 11811-11833 DvdVideoPr...$playTitle com.ble1st.connectias                D  DvdVideoProvider: playTitle() -   Title[34]: number=41, chapters=45, duration=442320ms
2025-12-11 20:10:17.422 11811-11833 DvdVideoPr...$playTitle com.ble1st.connectias                D  DvdVideoProvider: playTitle() -   Title[35]: number=42, chapters=1, duration=1716ms
2025-12-11 20:10:17.422 11811-11833 DvdVideoPr...$playTitle com.ble1st.connectias                D  DvdVideoProvider: playTitle() -   Title[35]: number=42, chapters=1, duration=1716ms
2025-12-11 20:10:17.422 11811-11833 DvdVideoPr...$playTitle com.ble1st.connectias                D  DvdVideoProvider: playTitle() -   Title[36]: number=43, chapters=2, duration=25320ms
2025-12-11 20:10:17.422 11811-11833 DvdVideoPr...$playTitle com.ble1st.connectias                D  DvdVideoProvider: playTitle() -   Title[36]: number=43, chapters=2, duration=25320ms
2025-12-11 20:10:17.423 11811-11833 DvdVideoPr...$playTitle com.ble1st.connectias                D  DvdVideoProvider: playTitle() -   Title[37]: number=44, chapters=2, duration=22320ms
2025-12-11 20:10:17.423 11811-11833 DvdVideoPr...$playTitle com.ble1st.connectias                D  DvdVideoProvider: playTitle() -   Title[37]: number=44, chapters=2, duration=22320ms
2025-12-11 20:10:17.423 11811-11833 DvdVideoPr...$playTitle com.ble1st.connectias                D  DvdVideoProvider: playTitle() -   Title[38]: number=45, chapters=2, duration=15320ms
2025-12-11 20:10:17.423 11811-11833 DvdVideoPr...$playTitle com.ble1st.connectias                D  DvdVideoProvider: playTitle() -   Title[38]: number=45, chapters=2, duration=15320ms
2025-12-11 20:10:17.424 11811-11833 DvdVideoPr...$playTitle com.ble1st.connectias                D  DvdVideoProvider: playTitle() -   Title[39]: number=47, chapters=21, duration=5306980ms
2025-12-11 20:10:17.424 11811-11833 DvdVideoPr...$playTitle com.ble1st.connectias                D  DvdVideoProvider: playTitle() -   Title[39]: number=47, chapters=21, duration=5306980ms
2025-12-11 20:10:17.424 11811-11833 DvdVideoPr...$playTitle com.ble1st.connectias                D  DvdVideoProvider: playTitle() -   Title[40]: number=48, chapters=2, duration=475419ms
2025-12-11 20:10:17.424 11811-11833 DvdVideoPr...$playTitle com.ble1st.connectias                D  DvdVideoProvider: playTitle() -   Title[40]: number=48, chapters=2, duration=475419ms
2025-12-11 20:10:17.424 11811-11833 DvdVideoPr...$playTitle com.ble1st.connectias                D  DvdVideoProvider: playTitle() -   Title[41]: number=49, chapters=2, duration=110980ms
2025-12-11 20:10:17.425 11811-11833 DvdVideoPr...$playTitle com.ble1st.connectias                D  DvdVideoProvider: playTitle() -   Title[41]: number=49, chapters=2, duration=110980ms
2025-12-11 20:10:17.425 11811-11833 DvdVideoPr...$playTitle com.ble1st.connectias                D  DvdVideoProvider: playTitle() -   Title[42]: number=50, chapters=21, duration=5306980ms
2025-12-11 20:10:17.425 11811-11833 DvdVideoPr...$playTitle com.ble1st.connectias                D  DvdVideoProvider: playTitle() -   Title[42]: number=50, chapters=21, duration=5306980ms
2025-12-11 20:10:17.425 11811-11833 DvdVideoPr...$playTitle com.ble1st.connectias                D  DvdVideoProvider: playTitle() -   Title[43]: number=51, chapters=21, duration=5306980ms
2025-12-11 20:10:17.425 11811-11833 DvdVideoPr...$playTitle com.ble1st.connectias                D  DvdVideoProvider: playTitle() -   Title[43]: number=51, chapters=21, duration=5306980ms
2025-12-11 20:10:17.426 11811-11833 DvdVideoPr...$playTitle com.ble1st.connectias                D  DvdVideoProvider: playTitle() -   Title[44]: number=52, chapters=2, duration=475419ms
2025-12-11 20:10:17.426 11811-11833 DvdVideoPr...$playTitle com.ble1st.connectias                D  DvdVideoProvider: playTitle() -   Title[44]: number=52, chapters=2, duration=475419ms
2025-12-11 20:10:17.426 11811-11833 DvdVideoPr...$playTitle com.ble1st.connectias                D  DvdVideoProvider: playTitle() -   Title[45]: number=53, chapters=2, duration=110980ms
2025-12-11 20:10:17.427 11811-11833 DvdVideoPr...$playTitle com.ble1st.connectias                D  DvdVideoProvider: playTitle() -   Title[45]: number=53, chapters=2, duration=110980ms
2025-12-11 20:10:17.427 11811-11833 DvdVideoPr...$playTitle com.ble1st.connectias                D  DvdVideoProvider: playTitle() -   Title[46]: number=54, chapters=2, duration=128320ms
2025-12-11 20:10:17.427 11811-11833 DvdVideoPr...$playTitle com.ble1st.connectias                D  DvdVideoProvider: playTitle() -   Title[46]: number=54, chapters=2, duration=128320ms
2025-12-11 20:10:17.427 11811-11833 DvdVideoPr...$playTitle com.ble1st.connectias                D  DvdVideoProvider: playTitle() -   Title[47]: number=55, chapters=2, duration=26881ms
2025-12-11 20:10:17.428 11811-11833 DvdVideoPr...$playTitle com.ble1st.connectias                D  DvdVideoProvider: playTitle() -   Title[47]: number=55, chapters=2, duration=26881ms
2025-12-11 20:10:17.428 11811-11833 DvdVideoPr...$playTitle com.ble1st.connectias                D  DvdVideoProvider: playTitle() -   Title[48]: number=56, chapters=2, duration=74815ms
2025-12-11 20:10:17.428 11811-11833 DvdVideoPr...$playTitle com.ble1st.connectias                D  DvdVideoProvider: playTitle() -   Title[48]: number=56, chapters=2, duration=74815ms
2025-12-11 20:10:17.428 11811-11833 DvdVideoPr...$playTitle com.ble1st.connectias                D  DvdVideoProvider: playTitle() -   Title[49]: number=57, chapters=45, duration=442320ms
2025-12-11 20:10:17.428 11811-11833 DvdVideoPr...$playTitle com.ble1st.connectias                D  DvdVideoProvider: playTitle() -   Title[49]: number=57, chapters=45, duration=442320ms
2025-12-11 20:10:17.429 11811-11833 DvdVideoPr...$playTitle com.ble1st.connectias                D  DvdVideoProvider: playTitle() -   Title[50]: number=58, chapters=21, duration=5306980ms
2025-12-11 20:10:17.429 11811-11833 DvdVideoPr...$playTitle com.ble1st.connectias                D  DvdVideoProvider: playTitle() -   Title[50]: number=58, chapters=21, duration=5306980ms
2025-12-11 20:10:17.429 11811-11833 DvdVideoPr...$playTitle com.ble1st.connectias                D  DvdVideoProvider: playTitle() -   Title[51]: number=59, chapters=21, duration=5306980ms
2025-12-11 20:10:17.429 11811-11833 DvdVideoPr...$playTitle com.ble1st.connectias                D  DvdVideoProvider: playTitle() -   Title[51]: number=59, chapters=21, duration=5306980ms
2025-12-11 20:10:17.429 11811-11833 DvdVideoPr...$playTitle com.ble1st.connectias                D  DvdVideoProvider: playTitle() -   Title[52]: number=60, chapters=21, duration=5306980ms
2025-12-11 20:10:17.430 11811-11833 DvdVideoPr...$playTitle com.ble1st.connectias                D  DvdVideoProvider: playTitle() -   Title[52]: number=60, chapters=21, duration=5306980ms
2025-12-11 20:10:17.430 11811-11833 DvdVideoPr...$playTitle com.ble1st.connectias                D  DvdVideoProvider: playTitle() - Searching for title 1
2025-12-11 20:10:17.430 11811-11833 DvdVideoPr...$playTitle com.ble1st.connectias                D  DvdVideoProvider: playTitle() - Searching for title 1
2025-12-11 20:10:17.431 11811-11833 DvdVideoPr...$playTitle com.ble1st.connectias                D  DvdVideoProvider: playTitle() - Title found: number=1, chapters=21, duration=5306980ms
2025-12-11 20:10:17.431 11811-11833 DvdVideoPr...$playTitle com.ble1st.connectias                D  DvdVideoProvider: playTitle() - Title found: number=1, chapters=21, duration=5306980ms
2025-12-11 20:10:17.431 11811-11833 DvdVideoPr...$playTitle com.ble1st.connectias                D  DvdVideoProvider: playTitle() - Generated URI: content://com.ble1st.connectias.provider/dvd/1003/1
2025-12-11 20:10:17.431 11811-11833 DvdVideoPr...$playTitle com.ble1st.connectias                D  DvdVideoProvider: playTitle() - Generated URI: content://com.ble1st.connectias.provider/dvd/1003/1
2025-12-11 20:10:17.431 11811-11833 DvdVideoPr...$playTitle com.ble1st.connectias                D  DvdVideoProvider: playTitle() - Creating VideoStream object
2025-12-11 20:10:17.432 11811-11833 DvdVideoPr...$playTitle com.ble1st.connectias                D  DvdVideoProvider: playTitle() - Creating VideoStream object
2025-12-11 20:10:17.432 11811-11833 DvdVideoPr...$playTitle com.ble1st.connectias                D  DvdVideoProvider: playTitle() - VideoStream created: codec=mpeg2, resolution=720x480, uri=content://com.ble1st.connectias.provider/dvd/1003/1
2025-12-11 20:10:17.433 11811-11833 DvdVideoPr...$playTitle com.ble1st.connectias                D  DvdVideoProvider: playTitle() - VideoStream created: codec=mpeg2, resolution=720x480, uri=content://com.ble1st.connectias.provider/dvd/1003/1
2025-12-11 20:10:17.433 11811-11833 DvdVideoPr...$playTitle com.ble1st.connectias                D  DvdVideoProvider: playTitle() - Returning VideoStream
2025-12-11 20:10:17.433 11811-11833 DvdVideoPr...$playTitle com.ble1st.connectias                D  DvdVideoProvider: playTitle() - Returning VideoStream
2025-12-11 20:10:17.483 11811-11833 OpticalDriveProvider    com.ble1st.connectias                I  OpticalDriveProvider: Active session opened for Portable Super Multi Drive
2025-12-11 20:10:17.483 11811-11833 OpticalDriveProvider    com.ble1st.connectias                I  OpticalDriveProvider: Active session opened for Portable Super Multi Drive
2025-12-11 20:10:17.500 11811-11811 DvdPlayerFragment       com.ble1st.connectias                D  DvdPlayerFragment: onCreateView
2025-12-11 20:10:17.500 11811-11811 DvdPlayerFragment       com.ble1st.connectias                D  DvdPlayerFragment: onCreateView
2025-12-11 20:10:17.501 11811-11811 DvdPlayerFragment       com.ble1st.connectias                D  DvdPlayerFragment: Starting playback for content://com.ble1st.connectias.provider/dvd/1003/1
2025-12-11 20:10:17.501 11811-11811 DvdPlayerFragment       com.ble1st.connectias                D  DvdPlayerFragment: Starting playback for content://com.ble1st.connectias.provider/dvd/1003/1
2025-12-11 20:10:17.515 11811-11811 VlcDvdPlayer            com.ble1st.connectias                D  VlcDvdPlayer: Initializing VlcDvdPlayer instance
2025-12-11 20:10:17.516 11811-11811 VlcDvdPlayer            com.ble1st.connectias                D  VlcDvdPlayer: Initializing VlcDvdPlayer instance
2025-12-11 20:10:17.516 11811-11811 VlcDvdPlayer            com.ble1st.connectias                D  VlcDvdPlayer: setupLibVlc() called
2025-12-11 20:10:17.516 11811-11811 VlcDvdPlayer            com.ble1st.connectias                D  VlcDvdPlayer: setupLibVlc() called
2025-12-11 20:10:17.516 11811-11811 VlcDvdPlayer            com.ble1st.connectias                D  VlcDvdPlayer: Starting native bridge initialization
2025-12-11 20:10:17.516 11811-11811 VlcDvdPlayer            com.ble1st.connectias                D  VlcDvdPlayer: Starting native bridge initialization
2025-12-11 20:10:17.516 11811-11811 VlcJni                  com.ble1st.connectias                I  VlcJni: nativeInit() - g_vm initialized: 0xf00ccf7fe8dcf80
2025-12-11 20:10:17.521 11811-11811 VlcJni                  com.ble1st.connectias                E  === nativeInit() SUCCESS - Will use Java LibVLC's native instance ===
2025-12-11 20:10:17.522 11811-11811 VlcDvdPlayer            com.ble1st.connectias                D  VlcDvdPlayer: nativeInit() returned: true
2025-12-11 20:10:17.522 11811-11811 VlcDvdPlayer            com.ble1st.connectias                D  VlcDvdPlayer: nativeInit() returned: true
2025-12-11 20:10:17.522 11811-11811 VlcDvdPlayer            com.ble1st.connectias                D  VlcDvdPlayer: Native bridge initialized successfully
2025-12-11 20:10:17.522 11811-11811 VlcDvdPlayer            com.ble1st.connectias                D  VlcDvdPlayer: Native bridge initialized successfully
2025-12-11 20:10:17.522 11811-11811 VlcDvdPlayer            com.ble1st.connectias                D  VlcDvdPlayer: Creating LibVLC options list
2025-12-11 20:10:17.522 11811-11811 VlcDvdPlayer            com.ble1st.connectias                D  VlcDvdPlayer: Creating LibVLC options list
2025-12-11 20:10:17.523 11811-11811 VlcDvdPlayer            com.ble1st.connectias                D  VlcDvdPlayer: Added option: --no-drop-late-frames
2025-12-11 20:10:17.523 11811-11811 VlcDvdPlayer            com.ble1st.connectias                D  VlcDvdPlayer: Added option: --no-drop-late-frames
2025-12-11 20:10:17.523 11811-11811 VlcDvdPlayer            com.ble1st.connectias                D  VlcDvdPlayer: Added option: --no-skip-frames
2025-12-11 20:10:17.523 11811-11811 VlcDvdPlayer            com.ble1st.connectias                D  VlcDvdPlayer: Added option: --no-skip-frames
2025-12-11 20:10:17.523 11811-11811 VlcDvdPlayer            com.ble1st.connectias                D  VlcDvdPlayer: Added option: --rtsp-tcp
2025-12-11 20:10:17.523 11811-11811 VlcDvdPlayer            com.ble1st.connectias                D  VlcDvdPlayer: Added option: --rtsp-tcp
2025-12-11 20:10:17.524 11811-11811 VlcDvdPlayer            com.ble1st.connectias                D  VlcDvdPlayer: Added option: -vvv (verbose logging)
2025-12-11 20:10:17.524 11811-11811 VlcDvdPlayer            com.ble1st.connectias                D  VlcDvdPlayer: Added option: -vvv (verbose logging)
2025-12-11 20:10:17.524 11811-11811 VlcDvdPlayer            com.ble1st.connectias                D  VlcDvdPlayer: Creating LibVLC instance with 4 options
2025-12-11 20:10:17.524 11811-11811 VlcDvdPlayer            com.ble1st.connectias                D  VlcDvdPlayer: Creating LibVLC instance with 4 options
2025-12-11 20:10:17.525 11811-11811 nativeloader            com.ble1st.connectias                D  Load /data/app/~~Rd9DIYiXoxd68P7CZniWJw==/com.ble1st.connectias-pZmUgNgKcKs-_5afHAKy8g==/base.apk!/lib/arm64-v8a/libc++_shared.so using class loader ns clns-9 (caller=/data/app/~~Rd9DIYiXoxd68P7CZniWJw==/com.ble1st.connectias-pZmUgNgKcKs-_5afHAKy8g==/base.apk!classes25.dex): ok
2025-12-11 20:10:17.525 11811-11811 nativeloader            com.ble1st.connectias                D  Load /data/app/~~Rd9DIYiXoxd68P7CZniWJw==/com.ble1st.connectias-pZmUgNgKcKs-_5afHAKy8g==/base.apk!/lib/arm64-v8a/libvlc.so using class loader ns clns-9 (caller=/data/app/~~Rd9DIYiXoxd68P7CZniWJw==/com.ble1st.connectias-pZmUgNgKcKs-_5afHAKy8g==/base.apk!classes25.dex): ok
2025-12-11 20:10:17.526 11811-11811 nativeloader            com.ble1st.connectias                D  Load /data/app/~~Rd9DIYiXoxd68P7CZniWJw==/com.ble1st.connectias-pZmUgNgKcKs-_5afHAKy8g==/base.apk!/lib/arm64-v8a/libvlcjni.so using class loader ns clns-9 (caller=/data/app/~~Rd9DIYiXoxd68P7CZniWJw==/com.ble1st.connectias-pZmUgNgKcKs-_5afHAKy8g==/base.apk!classes25.dex): ok
2025-12-11 20:10:17.528 11811-11811 VLC/JNI/VLCObject       com.ble1st.connectias                D  JNI interface loaded.
2025-12-11 20:10:17.532 11811-11811 VLC                     com.ble1st.connectias                D  [0700ccd6dec10710/0] libvlc libvlc: VLC media player - 3.0.22-rc1 Vetinari
2025-12-11 20:10:17.532 11811-11811 VLC                     com.ble1st.connectias                D  [0700ccd6dec10710/0] libvlc libvlc: Copyright © 1996-2025 the VideoLAN team
2025-12-11 20:10:17.532 11811-11811 VLC                     com.ble1st.connectias                D  [0700ccd6dec10710/0] libvlc libvlc: revision 3.0.22-rc1-20-g9306ddb224
2025-12-11 20:10:17.532 11811-11811 VLC                     com.ble1st.connectias                D  [0700ccd6dec10710/0] libvlc libvlc: configured with ../configure  '--host=aarch64-linux-android' '--build=x86_64-unknown-linux' '--with-contrib=/builds/videolan/vlc-android/libvlcjni/buildsystem/../vlc/contrib/aarch64-linux-android' '--prefix=/builds/videolan/vlc-android/libvlcjni/vlc/build-android-aarch64-linux-android/install/' '--with-pic' '--disable-nls' '--enable-realrtsp' '--enable-avformat' '--enable-swscale' '--enable-avcodec' '--enable-opus' '--enable-opensles' '--enable-matroska' '--enable-taglib' '--enable-dvbpsi' '--disable-vlc' '--disable-shared' '--disable-update-check' '--disable-vlm' '--disable-dbus' '--enable-lua' '--disable-vcd' '--disable-v4l2' '--enable-bluray' '--disable-linsys' '--disable-decklink' '--disable-libva' '--disable-dv1394' '--enable-mod' '--disable-sid' '--enable-gme' '--disable-tremor' '--disable-mad' '--enable-mpg123' '--disable-dca' '--disable-sdl-image' '--enable-zvbi' '--disable-fluidsynth' '--enable-fluidlite' '--disable-jack' '--disable-pulse' '--disable-alsa' '--disa
2025-12-11 20:10:17.532 11811-11811 VLC                     com.ble1st.connectias                D  [0700ccd6dec10710/0] libvlc libvlc: plug-ins loaded: 368 modules
2025-12-11 20:10:17.532 11811-11811 VLC                     com.ble1st.connectias                D  [0c00ccd6debc9d10/0] libvlc logger: looking for logger module matching "any": 4 candidates
2025-12-11 20:10:17.532 11811-11811 VLC                     com.ble1st.connectias                D  [0c00ccd6debc9d10/0] libvlc logger: using logger module "android_logger"
2025-12-11 20:10:17.532 11811-11811 VLC                     com.ble1st.connectias                D  [0700ccd6dec10710/2e23] libvlc libvlc: translation test: code is "C"
2025-12-11 20:10:17.532 11811-11811 VLC                     com.ble1st.connectias                D  [0400ccc334396590/2e23] libvlc keystore: looking for keystore module matching "memory": 3 candidates
2025-12-11 20:10:17.532 11811-11811 VLC                     com.ble1st.connectias                D  [0400ccc334396590/2e23] libvlc keystore: using keystore module "memory"
2025-12-11 20:10:17.532 11811-11811 VLC                     com.ble1st.connectias                D  [0700ccd6dec10710/2e23] libvlc libvlc: CPU has capabilities FPU 
2025-12-11 20:10:17.532 11811-11811 VlcDvdPlayer            com.ble1st.connectias                D  VlcDvdPlayer: LibVLC instance created: true
2025-12-11 20:10:17.533 11811-11811 VlcDvdPlayer            com.ble1st.connectias                D  VlcDvdPlayer: LibVLC instance created: true
2025-12-11 20:10:17.533 11811-11811 VlcDvdPlayer            com.ble1st.connectias                D  VlcDvdPlayer: Creating MediaPlayer instance
2025-12-11 20:10:17.533 11811-11811 VlcDvdPlayer            com.ble1st.connectias                D  VlcDvdPlayer: Creating MediaPlayer instance
2025-12-11 20:10:17.534 11811-11811 VLC                     com.ble1st.connectias                D  [0100ccf7fe985550/2e23] libvlc generic: creating audio output
2025-12-11 20:10:17.534 11811-11811 VLC                     com.ble1st.connectias                D  [0a00cd27289c8990/2e23] libvlc audio output: looking for audio output module matching "android_audiotrack": 4 candidates
2025-12-11 20:10:17.534 11811-11811 VLC                     com.ble1st.connectias                D  [0a00cd27289c8990/2e23] libvlc audio output: using audio output module "android_audiotrack"
2025-12-11 20:10:17.534 11811-11811 VLC                     com.ble1st.connectias                D  [0100ccf7fe985550/2e23] libvlc generic: keeping audio output
2025-12-11 20:10:17.534 11811-11811 VlcDvdPlayer            com.ble1st.connectias                D  VlcDvdPlayer: MediaPlayer instance created: true
2025-12-11 20:10:17.535 11811-11811 VlcDvdPlayer            com.ble1st.connectias                D  VlcDvdPlayer: MediaPlayer instance created: true
2025-12-11 20:10:17.535 11811-11811 VlcDvdPlayer            com.ble1st.connectias                D  VlcDvdPlayer: Setting up MediaPlayer event listener
2025-12-11 20:10:17.535 11811-11811 VlcDvdPlayer            com.ble1st.connectias                D  VlcDvdPlayer: Setting up MediaPlayer event listener
2025-12-11 20:10:17.535 11811-11811 VlcDvdPlayer            com.ble1st.connectias                D  VlcDvdPlayer: Event listener setup complete
2025-12-11 20:10:17.535 11811-11811 VlcDvdPlayer            com.ble1st.connectias                D  VlcDvdPlayer: Event listener setup complete
2025-12-11 20:10:17.535 11811-11811 VlcDvdPlayer            com.ble1st.connectias                D  VlcDvdPlayer: Initialization complete
2025-12-11 20:10:17.536 11811-11811 VlcDvdPlayer            com.ble1st.connectias                D  VlcDvdPlayer: Initialization complete
2025-12-11 20:10:17.541 11811-11811 VlcDvdPlayer            com.ble1st.connectias                D  VlcDvdPlayer: attachView() called
2025-12-11 20:10:17.541 11811-11811 VlcDvdPlayer            com.ble1st.connectias                D  VlcDvdPlayer: attachView() called
2025-12-11 20:10:17.541 11811-11811 VlcDvdPlayer            com.ble1st.connectias                D  VlcDvdPlayer: attachView() - surfaceView: android.view.SurfaceView{e9169ca V.E...... ......I. 0,0-0,0}
2025-12-11 20:10:17.542 11811-11811 VlcDvdPlayer            com.ble1st.connectias                D  VlcDvdPlayer: attachView() - surfaceView: android.view.SurfaceView{e9169ca V.E...... ......I. 0,0-0,0}
2025-12-11 20:10:17.542 11811-11811 VlcDvdPlayer            com.ble1st.connectias                D  VlcDvdPlayer: attachView() - vout: org.videolan.libvlc.AWindow@e61c73b
2025-12-11 20:10:17.542 11811-11811 VlcDvdPlayer            com.ble1st.connectias                D  VlcDvdPlayer: attachView() - vout: org.videolan.libvlc.AWindow@e61c73b
2025-12-11 20:10:17.542 11811-11811 VlcDvdPlayer            com.ble1st.connectias                D  VlcDvdPlayer: attachView() - Setting video view
2025-12-11 20:10:17.542 11811-11811 VlcDvdPlayer            com.ble1st.connectias                D  VlcDvdPlayer: attachView() - Setting video view
2025-12-11 20:10:17.542 11811-11811 VlcDvdPlayer            com.ble1st.connectias                D  VlcDvdPlayer: attachView() - Attaching views
2025-12-11 20:10:17.542 11811-11811 VlcDvdPlayer            com.ble1st.connectias                D  VlcDvdPlayer: attachView() - Attaching views
2025-12-11 20:10:17.543 11811-11811 VlcDvdPlayer            com.ble1st.connectias                D  VlcDvdPlayer: attachView() - Views attached
2025-12-11 20:10:17.543 11811-11811 VlcDvdPlayer            com.ble1st.connectias                D  VlcDvdPlayer: attachView() - Views attached
2025-12-11 20:10:17.563 11811-11833 VlcDvdPlayer            com.ble1st.connectias                D  VlcDvdPlayer: playDvd() called
2025-12-11 20:10:17.563 11811-11833 VlcDvdPlayer            com.ble1st.connectias                D  VlcDvdPlayer: playDvd() called
2025-12-11 20:10:17.563 11811-11833 VlcDvdPlayer            com.ble1st.connectias                D  VlcDvdPlayer: usbDevice: Portable Super Multi Drive, devicePath: content://com.ble1st.connectias.provider/dvd/1003/1, driver: true
2025-12-11 20:10:17.564 11811-11833 VlcDvdPlayer            com.ble1st.connectias                D  VlcDvdPlayer: usbDevice: Portable Super Multi Drive, devicePath: content://com.ble1st.connectias.provider/dvd/1003/1, driver: true
2025-12-11 20:10:17.564 11811-11833 VlcDvdPlayer            com.ble1st.connectias                D  VlcDvdPlayer: titleNumber param: null, audioStreamId: 1, subtitleStreamId: 1
2025-12-11 20:10:17.564 11811-11833 VlcDvdPlayer            com.ble1st.connectias                D  VlcDvdPlayer: titleNumber param: null, audioStreamId: 1, subtitleStreamId: 1
2025-12-11 20:10:17.565 11811-11811 VlcDvdPlayer            com.ble1st.connectias                V  VlcDvdPlayer: getLengthMs() -> -1
2025-12-11 20:10:17.565 11811-11811 VlcDvdPlayer            com.ble1st.connectias                V  VlcDvdPlayer: getLengthMs() -> -1
2025-12-11 20:10:17.565 11811-11833 VlcDvdPlayer            com.ble1st.connectias                D  VlcDvdPlayer: extractTitleNumberFromUri() - Found title number: 1
2025-12-11 20:10:17.565 11811-11811 VlcDvdPlayer            com.ble1st.connectias                V  VlcDvdPlayer: getTimeMs() -> -1
2025-12-11 20:10:17.565 11811-11811 VlcDvdPlayer            com.ble1st.connectias                V  VlcDvdPlayer: getTimeMs() -> -1
2025-12-11 20:10:17.566 11811-11833 VlcDvdPlayer            com.ble1st.connectias                D  VlcDvdPlayer: extractTitleNumberFromUri() - Found title number: 1
2025-12-11 20:10:17.566 11811-11833 VlcDvdPlayer            com.ble1st.connectias                D  VlcDvdPlayer: playDvd() - Using title number: 1
2025-12-11 20:10:17.567 11811-11833 VlcDvdPlayer            com.ble1st.connectias                D  VlcDvdPlayer: playDvd() - Using title number: 1
2025-12-11 20:10:17.567 11811-11833 VlcDvdPlayer            com.ble1st.connectias                D  VlcDvdPlayer: libVlc instance available: org.videolan.libvlc.LibVLC@6c5b907
2025-12-11 20:10:17.567 11811-11833 VlcDvdPlayer            com.ble1st.connectias                D  VlcDvdPlayer: libVlc instance available: org.videolan.libvlc.LibVLC@6c5b907
2025-12-11 20:10:17.568 11811-11833 VlcDvdPlayer            com.ble1st.connectias                D  VlcDvdPlayer: mediaPlayer instance available: org.videolan.libvlc.MediaPlayer@2fa1a34
2025-12-11 20:10:17.568 11811-11833 VlcDvdPlayer            com.ble1st.connectias                D  VlcDvdPlayer: mediaPlayer instance available: org.videolan.libvlc.MediaPlayer@2fa1a34
2025-12-11 20:10:17.569 11811-11833 VlcDvdPlayer            com.ble1st.connectias                D  VlcDvdPlayer: Stopping any previous playback
2025-12-11 20:10:17.569 11811-11833 VlcDvdPlayer            com.ble1st.connectias                D  VlcDvdPlayer: Stopping any previous playback
2025-12-11 20:10:17.570 11811-11833 VlcDvdPlayer            com.ble1st.connectias                D  VlcDvdPlayer: stop() called
2025-12-11 20:10:17.570 11811-11833 VlcDvdPlayer            com.ble1st.connectias                D  VlcDvdPlayer: stop() called
2025-12-11 20:10:17.571 11811-11833 VlcDvdPlayer            com.ble1st.connectias                D  VlcDvdPlayer: stop() - Stopping media player
2025-12-11 20:10:17.571 11811-11833 VlcDvdPlayer            com.ble1st.connectias                D  VlcDvdPlayer: stop() - Stopping media player
2025-12-11 20:10:17.572 11811-11833 VLC                     com.ble1st.connectias                D  [0a00cd27289c8990/2e39] libvlc audio output: removing module "android_audiotrack"
2025-12-11 20:10:17.573 11811-11833 VlcDvdPlayer            com.ble1st.connectias                D  VlcDvdPlayer: stop() - Clearing currentBlockDevice
2025-12-11 20:10:17.573 11811-11833 VlcDvdPlayer            com.ble1st.connectias                D  VlcDvdPlayer: stop() - Clearing currentBlockDevice
2025-12-11 20:10:17.573 11811-11833 VlcDvdPlayer            com.ble1st.connectias                D  VlcDvdPlayer: stop() - Clearing read buffer
2025-12-11 20:10:17.573 11811-11833 VlcDvdPlayer            com.ble1st.connectias                D  VlcDvdPlayer: stop() - Clearing read buffer
2025-12-11 20:10:17.574 11811-11833 VlcDvdPlayer            com.ble1st.connectias                D  VlcDvdPlayer: stop() - Complete
2025-12-11 20:10:17.574 11811-11833 VlcDvdPlayer            com.ble1st.connectias                D  VlcDvdPlayer: stop() - Complete
2025-12-11 20:10:17.574 11811-11833 VlcDvdPlayer            com.ble1st.connectias                D  VlcDvdPlayer: Previous playback stopped
2025-12-11 20:10:17.575 11811-11833 VlcDvdPlayer            com.ble1st.connectias                D  VlcDvdPlayer: Previous playback stopped
2025-12-11 20:10:17.575 11811-11833 VlcDvdPlayer            com.ble1st.connectias                D  VlcDvdPlayer: Strategy 1 - Checking for Custom Native Callbacks
2025-12-11 20:10:17.575 11811-11833 VlcDvdPlayer            com.ble1st.connectias                D  VlcDvdPlayer: Strategy 1 - Checking for Custom Native Callbacks
2025-12-11 20:10:17.575 11811-11833 VlcDvdPlayer            com.ble1st.connectias                D  VlcDvdPlayer: Driver available, attempting Custom Native Input setup
2025-12-11 20:10:17.575 11811-11833 VlcDvdPlayer            com.ble1st.connectias                D  VlcDvdPlayer: Driver available, attempting Custom Native Input setup
2025-12-11 20:10:17.575 11811-11833 VlcDvdPlayer            com.ble1st.connectias                I  VlcDvdPlayer: Attempting to setup Custom Native Input for USB Block Device
2025-12-11 20:10:17.576 11811-11833 VlcDvdPlayer            com.ble1st.connectias                I  VlcDvdPlayer: Attempting to setup Custom Native Input for USB Block Device
2025-12-11 20:10:17.576 11811-11833 VlcDvdPlayer            com.ble1st.connectias                D  VlcDvdPlayer: Setting currentBlockDevice to driver
2025-12-11 20:10:17.576 11811-11833 VlcDvdPlayer            com.ble1st.connectias                D  VlcDvdPlayer: Setting currentBlockDevice to driver
2025-12-11 20:10:17.576 11811-11833 VlcDvdPlayer            com.ble1st.connectias                D  VlcDvdPlayer: Driver verified, blockSize: 2048
2025-12-11 20:10:17.576 11811-11833 VlcDvdPlayer            com.ble1st.connectias                D  VlcDvdPlayer: Driver verified, blockSize: 2048
2025-12-11 20:10:17.576 11811-11833 VlcDvdPlayer            com.ble1st.connectias                I  VlcDvdPlayer: currentBlockDevice set: true
2025-12-11 20:10:17.576 11811-11833 VlcDvdPlayer            com.ble1st.connectias                I  VlcDvdPlayer: currentBlockDevice set: true
2025-12-11 20:10:17.577 11811-11833 VlcDvdPlayer            com.ble1st.connectias                D  VlcDvdPlayer: Loading VOB offsets for title: 1
2025-12-11 20:10:17.577 11811-11811 VlcDvdPlayer$attachView com.ble1st.connectias                D  VlcDvdPlayer: attachView() - Setting window size after layout: 1080x2400
2025-12-11 20:10:17.577 11811-11811 VlcDvdPlayer$attachView com.ble1st.connectias                D  VlcDvdPlayer: attachView() - Setting window size after layout: 1080x2400
2025-12-11 20:10:17.577 11811-11833 VlcDvdPlayer            com.ble1st.connectias                D  VlcDvdPlayer: Loading VOB offsets for title: 1
2025-12-11 20:10:17.578 11811-11833 VlcDvdPlayer$playDvd    com.ble1st.connectias                D  VlcDvdPlayer: [IO Thread] Opening DVD handle
2025-12-11 20:10:17.578 11811-11833 VlcDvdPlayer$playDvd    com.ble1st.connectias                D  VlcDvdPlayer: [IO Thread] Opening DVD handle
2025-12-11 20:10:17.581 11811-11811 VlcDvdPlayer            com.ble1st.connectias                D  VlcDvdPlayer: Event received - type: 262, buffering: 0.0%
2025-12-11 20:10:17.581 11811-11811 VlcDvdPlayer            com.ble1st.connectias                D  VlcDvdPlayer: Event received - type: 262, buffering: 0.0%
2025-12-11 20:10:17.581 11811-11811 VlcDvdPlayer            com.ble1st.connectias                D  VlcDvdPlayer: VLC Event - Stopped
2025-12-11 20:10:17.581 11811-11811 VlcDvdPlayer            com.ble1st.connectias                D  VlcDvdPlayer: VLC Event - Stopped
2025-12-11 20:10:18.070 11811-11811 VlcDvdPlayer            com.ble1st.connectias                V  VlcDvdPlayer: getLengthMs() -> -1
2025-12-11 20:10:18.071 11811-11811 VlcDvdPlayer            com.ble1st.connectias                V  VlcDvdPlayer: getLengthMs() -> -1
2025-12-11 20:10:18.071 11811-11811 VlcDvdPlayer            com.ble1st.connectias                V  VlcDvdPlayer: getTimeMs() -> -1
2025-12-11 20:10:18.072 11811-11811 VlcDvdPlayer            com.ble1st.connectias                V  VlcDvdPlayer: getTimeMs() -> -1
2025-12-11 20:10:18.579 11811-11811 VlcDvdPlayer            com.ble1st.connectias                V  VlcDvdPlayer: getLengthMs() -> -1
2025-12-11 20:10:18.580 11811-11811 VlcDvdPlayer            com.ble1st.connectias                V  VlcDvdPlayer: getLengthMs() -> -1
2025-12-11 20:10:18.581 11811-11811 VlcDvdPlayer            com.ble1st.connectias                V  VlcDvdPlayer: getTimeMs() -> -1
2025-12-11 20:10:18.582 11811-11811 VlcDvdPlayer            com.ble1st.connectias                V  VlcDvdPlayer: getTimeMs() -> -1
2025-12-11 20:10:19.090 11811-11811 VlcDvdPlayer            com.ble1st.connectias                V  VlcDvdPlayer: getLengthMs() -> -1
2025-12-11 20:10:19.091 11811-11811 VlcDvdPlayer            com.ble1st.connectias                V  VlcDvdPlayer: getLengthMs() -> -1
2025-12-11 20:10:19.092 11811-11811 VlcDvdPlayer            com.ble1st.connectias                V  VlcDvdPlayer: getTimeMs() -> -1
2025-12-11 20:10:19.093 11811-11811 VlcDvdPlayer            com.ble1st.connectias                V  VlcDvdPlayer: getTimeMs() -> -1
2025-12-11 20:10:19.602 11811-11811 VlcDvdPlayer            com.ble1st.connectias                V  VlcDvdPlayer: getLengthMs() -> -1
2025-12-11 20:10:19.602 11811-11811 VlcDvdPlayer            com.ble1st.connectias                V  VlcDvdPlayer: getLengthMs() -> -1
2025-12-11 20:10:19.603 11811-11811 VlcDvdPlayer            com.ble1st.connectias                V  VlcDvdPlayer: getTimeMs() -> -1
2025-12-11 20:10:19.604 11811-11811 VlcDvdPlayer            com.ble1st.connectias                V  VlcDvdPlayer: getTimeMs() -> -1
2025-12-11 20:10:19.913 11811-11833 DvdNative               com.ble1st.connectias                I  DvdNative: dvdOpenStreamNative() - DVD opened successfully via stream, handle: 2
2025-12-11 20:10:19.919 11811-11833 VlcDvdPlayer$playDvd    com.ble1st.connectias                D  VlcDvdPlayer: [IO Thread] DVD handle opened: 2
2025-12-11 20:10:19.922 11811-11833 VlcDvdPlayer$playDvd    com.ble1st.connectias                D  VlcDvdPlayer: [IO Thread] DVD handle opened: 2
2025-12-11 20:10:19.923 11811-11833 DvdNative               com.ble1st.connectias                I  === Getting VOB offsets for title 1 ===
2025-12-11 20:10:20.114 11811-11811 VlcDvdPlayer            com.ble1st.connectias                V  VlcDvdPlayer: getLengthMs() -> -1
2025-12-11 20:10:20.115 11811-11811 VlcDvdPlayer            com.ble1st.connectias                V  VlcDvdPlayer: getLengthMs() -> -1
2025-12-11 20:10:20.116 11811-11811 VlcDvdPlayer            com.ble1st.connectias                V  VlcDvdPlayer: getTimeMs() -> -1
2025-12-11 20:10:20.117 11811-11811 VlcDvdPlayer            com.ble1st.connectias                V  VlcDvdPlayer: getTimeMs() -> -1
2025-12-11 20:10:20.294 11811-11819 e1st.connectias         com.ble1st.connectias                W  Cleared Reference was only reachable from finalizer (only reported once)
2025-12-11 20:10:20.475 11811-11833 DvdNative               com.ble1st.connectias                I  DVD has 60 titles
2025-12-11 20:10:20.475 11811-11833 DvdNative               com.ble1st.connectias                I  Title 1: VTS=1, VTS_TTN=1
2025-12-11 20:10:20.626 11811-11811 VlcDvdPlayer            com.ble1st.connectias                V  VlcDvdPlayer: getLengthMs() -> -1
2025-12-11 20:10:20.627 11811-11811 VlcDvdPlayer            com.ble1st.connectias                V  VlcDvdPlayer: getLengthMs() -> -1
2025-12-11 20:10:20.629 11811-11811 VlcDvdPlayer            com.ble1st.connectias                V  VlcDvdPlayer: getTimeMs() -> -1
2025-12-11 20:10:20.630 11811-11811 VlcDvdPlayer            com.ble1st.connectias                V  VlcDvdPlayer: getTimeMs() -> -1
2025-12-11 20:10:20.709 11811-11833 DvdNative               com.ble1st.connectias                I  VTS_TTN 1 maps to PGCN=1, PGN=1
2025-12-11 20:10:20.709 11811-11833 DvdNative               com.ble1st.connectias                I  PGC has 28 cells
2025-12-11 20:10:20.710 11811-11833 DvdNative               com.ble1st.connectias                I  Returning VTS=1 and 28 cell offsets (array size: 57)
2025-12-11 20:10:20.715 11811-11833 VlcDvdPlayer$playDvd    com.ble1st.connectias                I  VlcDvdPlayer: [IO Thread] Loaded 28 VOB cell offsets for VTS: 1
2025-12-11 20:10:20.716 11811-11833 VlcDvdPlayer$playDvd    com.ble1st.connectias                I  VlcDvdPlayer: [IO Thread] Loaded 28 VOB cell offsets for VTS: 1
2025-12-11 20:10:20.718 11811-11833 VlcDvdPlayer$playDvd    com.ble1st.connectias                D  VlcDvdPlayer: [IO Thread] Total VOB size: 4540033024 bytes (4329 MB)
2025-12-11 20:10:20.719 11811-11833 VlcDvdPlayer$playDvd    com.ble1st.connectias                D  VlcDvdPlayer: [IO Thread] Total VOB size: 4540033024 bytes (4329 MB)
2025-12-11 20:10:20.720 11811-11833 DvdNative               com.ble1st.connectias                I  Opening VOB file for VTS 1
2025-12-11 20:10:21.138 11811-11811 VlcDvdPlayer            com.ble1st.connectias                V  VlcDvdPlayer: getLengthMs() -> -1
