2025-12-07 20:55:37.901 15932-16160 VLC-std                 com.ble1st.connectias                D  dread: Get key for /VIDEO_TS/VTS_11_1.VOB at 0x003a33c6
                                                                                                    libdvdread: Elapsed time 0
                                                                                                    libdvdread: Found 11 VTS's
                                                                                                    libdvdread: Elapsed time 0
2025-12-07 20:55:37.901 15932-16163 VlcJni                  com.ble1st.connectias                I  VlcJni: media_open_cb() CALLED - opaque: 0xa00c0ef0f628840
2025-12-07 20:55:37.901 15932-16163 VlcJni                  com.ble1st.connectias                I  VlcJni: media_open_cb() - data and g_vm are valid
2025-12-07 20:55:37.901 15932-15932 VlcDvdPlayer            com.ble1st.connectias                D  VlcDvdPlayer: Available subtitle tracks: 0
2025-12-07 20:55:37.901 15932-15932 VlcDvdPlayer            com.ble1st.connectias                D  VlcDvdPlayer: Tracks not ready yet (attempt 1/30), retrying in 500ms
2025-12-07 20:55:37.901 15932-16163 VlcDvdPlayer            com.ble1st.connectias                I  VlcDvdPlayer: ioOpen() CALLED - Thread: VlcObject
2025-12-07 20:55:37.902 15932-16163 VlcDvdPlayer            com.ble1st.connectias                I  VlcDvdPlayer: ioOpen() - currentBlockDevice: true
2025-12-07 20:55:37.902 15932-15932 VlcDvdPlayer$playDvd    com.ble1st.connectias                I  VlcDvdPlayer: [Main Thread] Playback started successfully
2025-12-07 20:55:37.902 15932-16163 VlcDvdPlayer            com.ble1st.connectias                D  VlcDvdPlayer: ioOpen() - Getting block size
2025-12-07 20:55:37.902 15932-16163 VlcDvdPlayer            com.ble1st.connectias                D  VlcDvdPlayer: ioOpen() - Block size: 2048
2025-12-07 20:55:37.902 15932-15932 VlcDvdPlayer$playDvd    com.ble1st.connectias                D  VlcDvdPlayer: [Main Thread] Player state after play(): 1
2025-12-07 20:55:37.903 15932-16163 VlcDvdPlayer            com.ble1st.connectias                D  VlcDvdPlayer: ioOpen() - Device size set to VOB size: 4540033024 bytes (4329 MB)
2025-12-07 20:55:37.903 15932-16163 VlcDvdPlayer            com.ble1st.connectias                D  VlcDvdPlayer: ioOpen() - Current offset reset to: 0
2025-12-07 20:55:37.904 15932-16163 VlcDvdPlayer            com.ble1st.connectias                D  VlcDvdPlayer: ioOpen() - Read buffer initialized
2025-12-07 20:55:37.904 15932-16163 VlcDvdPlayer            com.ble1st.connectias                I  VlcDvdPlayer: ioOpen() - SUCCESS, returning true
2025-12-07 20:55:37.904 15932-15986 VlcDvdPlayer            com.ble1st.connectias                D  VlcDvdPlayer: Final setup complete
2025-12-07 20:55:37.904 15932-16163 VlcDvdPlayer            com.ble1st.connectias                D  VlcDvdPlayer: ioGetSize() called, returning: 4540033024
2025-12-07 20:55:37.904 15932-16163 VLC                     com.ble1st.connectias                D  [0100c18df333db10/3f23] libvlc stream: using access module "imem_access"
2025-12-07 20:55:37.904 15932-16163 VLC                     com.ble1st.connectias                D  [0500c18df333ea10/3f23] libvlc stream: looking for stream_filter module matching "prefetch,cache_read": 26 candidates
2025-12-07 20:55:37.904 15932-15986 VlcDvdPlayer            com.ble1st.connectias                D  VlcDvdPlayer: playDvd() completed
2025-12-07 20:55:37.904 15932-15932 VlcDvdPlayer            com.ble1st.connectias                V  VlcDvdPlayer: getLengthMs() -> 0
2025-12-07 20:55:37.905 15932-15932 VlcDvdPlayer            com.ble1st.connectias                V  VlcDvdPlayer: getTimeMs() -> 0
2025-12-07 20:55:37.905 15932-16163 VLC                     com.ble1st.connectias                D  [0500c18df333ea10/3f23] libvlc stream: using 16777216 bytes buffer, 16777216 bytes read
2025-12-07 20:55:37.905 15932-16163 VLC                     com.ble1st.connectias                D  [0500c18df333ea10/3f23] libvlc stream: using stream_filter module "prefetch"
2025-12-07 20:55:37.905 15932-16163 VLC                     com.ble1st.connectias                D  [0b00c18df3342d90/3f23] libvlc stream: looking for stream_filter module matching "any": 26 candidates
2025-12-07 20:55:37.908 15932-15932 VlcDvdPlayer            com.ble1st.connectias                D  VlcDvdPlayer: Event received - type: 258, buffering: 0.0%
2025-12-07 20:55:37.908 15932-15932 VlcDvdPlayer            com.ble1st.connectias                D  VlcDvdPlayer: VLC Event - Opening media
2025-12-07 20:55:37.909 15932-15932 VlcDvdPlayer            com.ble1st.connectias                D  VlcDvdPlayer: Event received - type: 259, buffering: 0.0%
2025-12-07 20:55:37.909 15932-15932 VlcDvdPlayer            com.ble1st.connectias                D  VlcDvdPlayer: VLC Event - Buffering 0.0%
2025-12-07 20:55:37.936 15932-15942 e1st.connectias         com.ble1st.connectias                W  Cleared Reference was only reachable from finalizer (only reported once)
2025-12-07 20:55:37.964 15932-15944 System                  com.ble1st.connectias                W  A resource failed to call release. 
2025-12-07 20:55:37.964 15932-15944 System                  com.ble1st.connectias                W  A resource failed to call release. 
2025-12-07 20:55:38.408 15932-15932 VlcDvdPlayer            com.ble1st.connectias                D  VlcDvdPlayer: Available audio tracks: 0
2025-12-07 20:55:38.410 15932-15932 VlcDvdPlayer            com.ble1st.connectias                D  VlcDvdPlayer: Available subtitle tracks: 0
2025-12-07 20:55:38.410 15932-15932 VlcDvdPlayer            com.ble1st.connectias                D  VlcDvdPlayer: Tracks not ready yet (attempt 2/30), retrying in 500ms
2025-12-07 20:55:38.412 15932-15932 VlcDvdPlayer            com.ble1st.connectias                V  VlcDvdPlayer: getLengthMs() -> 0
2025-12-07 20:55:38.413 15932-15932 VlcDvdPlayer            com.ble1st.connectias                V  VlcDvdPlayer: getTimeMs() -> 0
2025-12-07 20:55:38.914 15932-15932 VlcDvdPlayer            com.ble1st.connectias                D  VlcDvdPlayer: Available audio tracks: 0
2025-12-07 20:55:38.917 15932-15932 VlcDvdPlayer            com.ble1st.connectias                D  VlcDvdPlayer: Available subtitle tracks: 0
2025-12-07 20:55:38.918 15932-15932 VlcDvdPlayer            com.ble1st.connectias                D  VlcDvdPlayer: Tracks not ready yet (attempt 3/30), retrying in 500ms
2025-12-07 20:55:38.920 15932-15932 VlcDvdPlayer            com.ble1st.connectias                V  VlcDvdPlayer: getLengthMs() -> 0
2025-12-07 20:55:38.921 15932-15932 VlcDvdPlayer            com.ble1st.connectias                V  VlcDvdPlayer: getTimeMs() -> 0
2025-12-07 20:55:39.424 15932-15932 VlcDvdPlayer            com.ble1st.connectias                D  VlcDvdPlayer: Available audio tracks: 0
2025-12-07 20:55:39.425 15932-15932 VlcDvdPlayer            com.ble1st.connectias                D  VlcDvdPlayer: Available subtitle tracks: 0
2025-12-07 20:55:39.427 15932-15932 VlcDvdPlayer            com.ble1st.connectias                D  VlcDvdPlayer: Tracks not ready yet (attempt 4/30), retrying in 500ms
2025-12-07 20:55:39.430 15932-15932 VlcDvdPlayer            com.ble1st.connectias                V  VlcDvdPlayer: getLengthMs() -> 0
2025-12-07 20:55:39.431 15932-15932 VlcDvdPlayer            com.ble1st.connectias                V  VlcDvdPlayer: getTimeMs() -> 0
2025-12-07 20:55:39.931 15932-15932 VlcDvdPlayer            com.ble1st.connectias                D  VlcDvdPlayer: Available audio tracks: 0
2025-12-07 20:55:39.933 15932-15932 VlcDvdPlayer            com.ble1st.connectias                D  VlcDvdPlayer: Available subtitle tracks: 0
2025-12-07 20:55:39.935 15932-15932 VlcDvdPlayer            com.ble1st.connectias                D  VlcDvdPlayer: Tracks not ready yet (attempt 5/30), retrying in 500ms
2025-12-07 20:55:39.939 15932-15932 VlcDvdPlayer            com.ble1st.connectias                V  VlcDvdPlayer: getLengthMs() -> 0
2025-12-07 20:55:39.940 15932-15932 VlcDvdPlayer            com.ble1st.connectias                V  VlcDvdPlayer: getTimeMs() -> 0
2025-12-07 20:55:40.439 15932-15932 VlcDvdPlayer            com.ble1st.connectias                D  VlcDvdPlayer: Available audio tracks: 0
2025-12-07 20:55:40.441 15932-15932 VlcDvdPlayer            com.ble1st.connectias                D  VlcDvdPlayer: Available subtitle tracks: 0
2025-12-07 20:55:40.442 15932-15932 VlcDvdPlayer            com.ble1st.connectias                D  VlcDvdPlayer: Tracks not ready yet (attempt 6/30), retrying in 500ms
2025-12-07 20:55:40.447 15932-15932 VlcDvdPlayer            com.ble1st.connectias                V  VlcDvdPlayer: getLengthMs() -> 0
2025-12-07 20:55:40.447 15932-15932 VlcDvdPlayer            com.ble1st.connectias                V  VlcDvdPlayer: getTimeMs() -> 0
2025-12-07 20:55:40.947 15932-15932 VlcDvdPlayer            com.ble1st.connectias                D  VlcDvdPlayer: Available audio tracks: 0
2025-12-07 20:55:40.948 15932-15932 VlcDvdPlayer            com.ble1st.connectias                D  VlcDvdPlayer: Available subtitle tracks: 0
2025-12-07 20:55:40.950 15932-15932 VlcDvdPlayer            com.ble1st.connectias                D  VlcDvdPlayer: Tracks not ready yet (attempt 7/30), retrying in 500ms
2025-12-07 20:55:40.952 15932-15932 VlcDvdPlayer            com.ble1st.connectias                V  VlcDvdPlayer: getLengthMs() -> 0
2025-12-07 20:55:40.953 15932-15932 VlcDvdPlayer            com.ble1st.connectias                V  VlcDvdPlayer: getTimeMs() -> 0
2025-12-07 20:55:41.457 15932-15932 VlcDvdPlayer            com.ble1st.connectias                D  VlcDvdPlayer: Available audio tracks: 0
2025-12-07 20:55:41.459 15932-15932 VlcDvdPlayer            com.ble1st.connectias                D  VlcDvdPlayer: Available subtitle tracks: 0
2025-12-07 20:55:41.461 15932-15932 VlcDvdPlayer            com.ble1st.connectias                D  VlcDvdPlayer: Tracks not ready yet (attempt 8/30), retrying in 500ms
2025-12-07 20:55:41.465 15932-15932 VlcDvdPlayer            com.ble1st.connectias                V  VlcDvdPlayer: getLengthMs() -> 0
2025-12-07 20:55:41.466 15932-15932 VlcDvdPlayer            com.ble1st.connectias                V  VlcDvdPlayer: getTimeMs() -> 0
2025-12-07 20:55:41.966 15932-15932 VlcDvdPlayer            com.ble1st.connectias                D  VlcDvdPlayer: Available audio tracks: 0
2025-12-07 20:55:41.968 15932-15932 VlcDvdPlayer            com.ble1st.connectias                D  VlcDvdPlayer: Available subtitle tracks: 0
2025-12-07 20:55:41.969 15932-15932 VlcDvdPlayer            com.ble1st.connectias                D  VlcDvdPlayer: Tracks not ready yet (attempt 9/30), retrying in 500ms
2025-12-07 20:55:41.972 15932-15932 VlcDvdPlayer            com.ble1st.connectias                V  VlcDvdPlayer: getLengthMs() -> 0
2025-12-07 20:55:41.973 15932-15932 VlcDvdPlayer            com.ble1st.connectias                V  VlcDvdPlayer: getTimeMs() -> 0
2025-12-07 20:55:42.474 15932-15932 VlcDvdPlayer            com.ble1st.connectias                D  VlcDvdPlayer: Available audio tracks: 0
2025-12-07 20:55:42.476 15932-15932 VlcDvdPlayer            com.ble1st.connectias                D  VlcDvdPlayer: Available subtitle tracks: 0
2025-12-07 20:55:42.477 15932-15932 VlcDvdPlayer            com.ble1st.connectias                D  VlcDvdPlayer: Tracks not ready yet (attempt 10/30), retrying in 500ms
2025-12-07 20:55:42.480 15932-15932 VlcDvdPlayer            com.ble1st.connectias                V  VlcDvdPlayer: getLengthMs() -> 0
2025-12-07 20:55:42.481 15932-15932 VlcDvdPlayer            com.ble1st.connectias                V  VlcDvdPlayer: getTimeMs() -> 0
2025-12-07 20:55:42.983 15932-15932 VlcDvdPlayer            com.ble1st.connectias                D  VlcDvdPlayer: Available audio tracks: 0
2025-12-07 20:55:42.985 15932-15932 VlcDvdPlayer            com.ble1st.connectias                D  VlcDvdPlayer: Available subtitle tracks: 0
2025-12-07 20:55:42.987 15932-15932 VlcDvdPlayer            com.ble1st.connectias                D  VlcDvdPlayer: Tracks not ready yet (attempt 11/30), retrying in 500ms
2025-12-07 20:55:42.990 15932-15932 VlcDvdPlayer            com.ble1st.connectias                V  VlcDvdPlayer: getLengthMs() -> 0
2025-12-07 20:55:42.992 15932-15932 VlcDvdPlayer            com.ble1st.connectias                V  VlcDvdPlayer: getTimeMs() -> 0
2025-12-07 20:55:43.492 15932-15932 VlcDvdPlayer            com.ble1st.connectias                D  VlcDvdPlayer: Available audio tracks: 0
2025-12-07 20:55:43.494 15932-15932 VlcDvdPlayer            com.ble1st.connectias                D  VlcDvdPlayer: Available subtitle tracks: 0
2025-12-07 20:55:43.495 15932-15932 VlcDvdPlayer            com.ble1st.connectias                D  VlcDvdPlayer: Tracks not ready yet (attempt 12/30), retrying in 500ms
2025-12-07 20:55:43.498 15932-15932 VlcDvdPlayer            com.ble1st.connectias                V  VlcDvdPlayer: getLengthMs() -> 0
2025-12-07 20:55:43.500 15932-15932 VlcDvdPlayer            com.ble1st.connectias                V  VlcDvdPlayer: getTimeMs() -> 0
2025-12-07 20:55:43.999 15932-15932 VlcDvdPlayer            com.ble1st.connectias                D  VlcDvdPlayer: Available audio tracks: 0
2025-12-07 20:55:44.001 15932-15932 VlcDvdPlayer            com.ble1st.connectias                D  VlcDvdPlayer: Available subtitle tracks: 0
2025-12-07 20:55:44.003 15932-15932 VlcDvdPlayer            com.ble1st.connectias                D  VlcDvdPlayer: Tracks not ready yet (attempt 13/30), retrying in 500ms
2025-12-07 20:55:44.006 15932-15932 VlcDvdPlayer            com.ble1st.connectias                V  VlcDvdPlayer: getLengthMs() -> 0
2025-12-07 20:55:44.009 15932-15932 VlcDvdPlayer            com.ble1st.connectias                V  VlcDvdPlayer: getTimeMs() -> 0
2025-12-07 20:55:44.509 15932-15932 VlcDvdPlayer            com.ble1st.connectias                D  VlcDvdPlayer: Available audio tracks: 0
2025-12-07 20:55:44.511 15932-15932 VlcDvdPlayer            com.ble1st.connectias                D  VlcDvdPlayer: Available subtitle tracks: 0
2025-12-07 20:55:44.512 15932-15932 VlcDvdPlayer            com.ble1st.connectias                D  VlcDvdPlayer: Tracks not ready yet (attempt 14/30), retrying in 500ms
2025-12-07 20:55:44.515 15932-15932 VlcDvdPlayer            com.ble1st.connectias                V  VlcDvdPlayer: getLengthMs() -> 0
2025-12-07 20:55:44.516 15932-15932 VlcDvdPlayer            com.ble1st.connectias                V  VlcDvdPlayer: getTimeMs() -> 0
2025-12-07 20:55:44.751 15932-16163 VLC                     com.ble1st.connectias                D  [0b00c18df3342d90/3f23] libvlc stream: Trying Lua scripts in /data/user/0/com.ble1st.connectias/app_vlc/.share/lua/playlist
2025-12-07 20:55:44.752 15932-16163 VLC                     com.ble1st.connectias                D  [0b00c18df3342d90/3f23] libvlc stream: Trying Lua scripts in /data/app/~~cCgXLh6S0ZGnwNIvDtqVaQ==/com.ble1st.connectias-f8hJ9tUnVahnCiq8fRsgQg==/vlc/lua/playlist
2025-12-07 20:55:44.752 15932-16163 VLC                     com.ble1st.connectias                D  [0b00c18df3342d90/3f23] libvlc stream: Trying Lua scripts in /system/usr/share/lua/playlist
2025-12-07 20:55:44.757 15932-16163 VLC                     com.ble1st.connectias                D  [0b00c18df3342d90/3f23] libvlc stream: no stream_filter modules matched
2025-12-07 20:55:44.757 15932-16163 VLC                     com.ble1st.connectias                D  [0700c17f17328850/3f23] libvlc stream_directory: looking for stream_directory module matching "any": 1 candidates
2025-12-07 20:55:44.757 15932-16163 VLC                     com.ble1st.connectias                D  [0700c17f17328850/3f23] libvlc stream_directory: no stream_directory modules matched
2025-12-07 20:55:44.757 15932-16163 VLC                     com.ble1st.connectias                D  [0400c17f17334dd0/3f23] libvlc input source: attachment of directory-extractor failed for imem://
2025-12-07 20:55:44.757 15932-16163 VLC                     com.ble1st.connectias                D  [0400c18df332a310/3f23] libvlc stream: looking for stream_filter module matching "record": 26 candidates
2025-12-07 20:55:44.757 15932-16163 VLC                     com.ble1st.connectias                D  [0400c18df332a310/3f23] libvlc stream: using stream_filter module "record"
2025-12-07 20:55:44.757 15932-16163 VLC                     com.ble1st.connectias                D  [0400c17f17334dd0/3f23] libvlc input source: creating demux: access='imem' demux='any' location='' file='(null)'
2025-12-07 20:55:44.757 15932-16163 VLC                     com.ble1st.connectias                D  [0100c17f1733cc10/3f23] libvlc demux: looking for demux module matching "any": 50 candidates
2025-12-07 20:55:44.760 15932-16163 VLC                     com.ble1st.connectias                D  [0600c16f8651df90/3f23] libvlc xml reader: looking for xml reader module matching "any": 1 candidates
2025-12-07 20:55:44.767 15932-16163 VLC                     com.ble1st.connectias                D  [0600c16f8651df90/3f23] libvlc xml reader: using xml reader module "xml"
2025-12-07 20:55:44.767 15932-16163 VLC                     com.ble1st.connectias                D  [0100c17f1733cc10/3f23] libvlc demux: subtitle demux discarded
2025-12-07 20:55:44.768 15932-16163 VLC                     com.ble1st.connectias                D  [0100c17f1733cc10/3f23] libvlc demux: TS module discarded (lost sync)
2025-12-07 20:55:44.768 15932-16163 VLC                     com.ble1st.connectias                D  [0100c17f1733cc10/3f23] libvlc demux: MOD validation failed (ext=)
2025-12-07 20:55:44.768 15932-16163 VLC                     com.ble1st.connectias                D  [0100c17f1733cc10/3f23] libvlc demux: using demux module "ps"
2025-12-07 20:55:44.769 15932-16163 VLC                     com.ble1st.connectias                D  [0300c15eb2a4cf30/3f23] libvlc demux meta: looking for meta reader module matching "any": 2 candidates
2025-12-07 20:55:44.769 15932-16163 VLC                     com.ble1st.connectias                D  [0300c15eb2a4cf30/3f23] libvlc demux meta: Trying Lua scripts in /data/user/0/com.ble1st.connectias/app_vlc/.share/lua/meta/reader
2025-12-07 20:55:44.769 15932-16163 VLC                     com.ble1st.connectias                D  [0300c15eb2a4cf30/3f23] libvlc demux meta: Trying Lua scripts in /data/app/~~cCgXLh6S0ZGnwNIvDtqVaQ==/com.ble1st.connectias-f8hJ9tUnVahnCiq8fRsgQg==/vlc/lua/meta/reader
2025-12-07 20:55:44.770 15932-16163 VLC                     com.ble1st.connectias                D  [0300c15eb2a4cf30/3f23] libvlc demux meta: Trying Lua scripts in /system/usr/share/lua/meta/reader
2025-12-07 20:55:44.770 15932-16163 VLC                     com.ble1st.connectias                D  [0300c15eb2a4cf30/3f23] libvlc demux meta: no meta reader modules matched
2025-12-07 20:55:44.770 15932-16163 VLC                     com.ble1st.connectias                D  [0600c242bb0afa90/3f23] libvlc input: `imem://' successfully opened
2025-12-07 20:55:44.771 15932-15932 VlcDvdPlayer            com.ble1st.connectias                D  VlcDvdPlayer: Event received - type: 269, buffering: 0.0%
2025-12-07 20:55:44.772 15932-15932 VlcDvdPlayer            com.ble1st.connectias                D  VlcDvdPlayer: VLC Event - Unknown event type: 269
2025-12-07 20:55:44.774 15932-15932 VlcDvdPlayer            com.ble1st.connectias                D  VlcDvdPlayer: Event received - type: 270, buffering: 0.0%
2025-12-07 20:55:44.774 15932-16164 VlcDvdPlayer            com.ble1st.connectias                D  VlcDvdPlayer: ioSeek() called - seeking to offset: 4539833024
2025-12-07 20:55:44.774 15932-16164 VlcDvdPlayer            com.ble1st.connectias                D  VlcDvdPlayer: ioSeek() - Offset changed from 16785422 to 4539833024
2025-12-07 20:55:44.774 15932-16164 VlcDvdPlayer            com.ble1st.connectias                D  VlcDvdPlayer: ioSeek() - Invalidating read buffer
2025-12-07 20:55:44.774 15932-16164 VlcDvdPlayer            com.ble1st.connectias                D  VlcDvdPlayer: ioSeek() - Buffer invalidated, returning true
2025-12-07 20:55:44.775 15932-15932 VlcDvdPlayer            com.ble1st.connectias                D  VlcDvdPlayer: VLC Event - Unknown event type: 270
2025-12-07 20:55:44.776 15932-15932 VlcDvdPlayer            com.ble1st.connectias                D  VlcDvdPlayer: Event received - type: 273, buffering: 0.0%
2025-12-07 20:55:44.777 15932-15932 VlcDvdPlayer            com.ble1st.connectias                D  VlcDvdPlayer: VLC Event - Length changed: 0ms
2025-12-07 20:55:44.778 15932-15932 VlcDvdPlayer            com.ble1st.connectias                D  VlcDvdPlayer: Event received - type: 260, buffering: 0.0%
2025-12-07 20:55:44.779 15932-15932 VlcDvdPlayer            com.ble1st.connectias                D  VlcDvdPlayer: VLC Event - Playing
2025-12-07 20:55:44.781 15932-15932 VlcDvdPlayer            com.ble1st.connectias                D  VlcDvdPlayer: Available audio tracks: 0
2025-12-07 20:55:44.781 15932-15932 VlcDvdPlayer            com.ble1st.connectias                D  VlcDvdPlayer: Available subtitle tracks: 0
2025-12-07 20:55:44.782 15932-15932 VlcDvdPlayer            com.ble1st.connectias                D  VlcDvdPlayer: Tracks not ready yet (attempt 1/30), retrying in 500ms
2025-12-07 20:55:44.782 15932-15932 VlcDvdPlayer            com.ble1st.connectias                D  VlcDvdPlayer: Available audio tracks: 0
2025-12-07 20:55:44.783 15932-15932 VlcDvdPlayer            com.ble1st.connectias                D  VlcDvdPlayer: Available subtitle tracks: 0
2025-12-07 20:55:44.783 15932-15932 VlcDvdPlayer            com.ble1st.connectias                D  VlcDvdPlayer: Tracks not ready yet (attempt 1/30), retrying in 500ms
2025-12-07 20:55:45.016 15932-15932 VlcDvdPlayer            com.ble1st.connectias                D  VlcDvdPlayer: Available audio tracks: 0
2025-12-07 20:55:45.017 15932-15932 VlcDvdPlayer            com.ble1st.connectias                D  VlcDvdPlayer: Available subtitle tracks: 0
2025-12-07 20:55:45.019 15932-15932 VlcDvdPlayer            com.ble1st.connectias                D  VlcDvdPlayer: Tracks not ready yet (attempt 15/30), retrying in 500ms
2025-12-07 20:55:45.020 15932-15932 VlcDvdPlayer            com.ble1st.connectias                V  VlcDvdPlayer: getLengthMs() -> 0
2025-12-07 20:55:45.021 15932-15932 VlcDvdPlayer            com.ble1st.connectias                V  VlcDvdPlayer: getTimeMs() -> 0
2025-12-07 20:55:45.174 15932-16163 VLC                     com.ble1st.connectias                W  [0100c17f1733cc10/3f23] libvlc demux: garbage at input, trying to resync...
2025-12-07 20:55:45.174 15932-16163 VLC                     com.ble1st.connectias                W  [0100c17f1733cc10/3f23] libvlc demux: found sync code
2025-12-07 20:55:45.176 15932-16164 VlcDvdPlayer            com.ble1st.connectias                W  VlcDvdPlayer: ioReadVob() - Offset 4540033024 beyond VOB data, returning EOF
2025-12-07 20:55:45.176 15932-16164 VLC                     com.ble1st.connectias                D  [0500c18df333ea10/3f24] libvlc stream: end of stream
2025-12-07 20:55:45.179 15932-16163 VLC                     com.ble1st.connectias                D  [0100c17f1733cc10/3f23] libvlc demux: we found a length of: 0s
2025-12-07 20:55:45.179 15932-16163 VLC                     com.ble1st.connectias                D  [0100c17f1733cc10/3f23] libvlc demux: we found a length of: 5304s
2025-12-07 20:55:45.180 15932-16164 VlcDvdPlayer            com.ble1st.connectias                D  VlcDvdPlayer: ioSeek() called - seeking to offset: 0
2025-12-07 20:55:45.181 15932-16164 VlcDvdPlayer            com.ble1st.connectias                D  VlcDvdPlayer: ioSeek() - Offset changed from 4540033024 to 0
2025-12-07 20:55:45.181 15932-16164 VlcDvdPlayer            com.ble1st.connectias                D  VlcDvdPlayer: ioSeek() - Invalidating read buffer
2025-12-07 20:55:45.181 15932-16164 VlcDvdPlayer            com.ble1st.connectias                D  VlcDvdPlayer: ioSeek() - Buffer invalidated, returning true
2025-12-07 20:55:45.285 15932-15932 VlcDvdPlayer            com.ble1st.connectias                D  VlcDvdPlayer: Available audio tracks: 0
2025-12-07 20:55:45.287 15932-15932 VlcDvdPlayer            com.ble1st.connectias                D  VlcDvdPlayer: Available subtitle tracks: 0
2025-12-07 20:55:45.288 15932-15932 VlcDvdPlayer            com.ble1st.connectias                D  VlcDvdPlayer: Tracks not ready yet (attempt 2/30), retrying in 500ms
2025-12-07 20:55:45.290 15932-15932 VlcDvdPlayer            com.ble1st.connectias                D  VlcDvdPlayer: Available audio tracks: 0
2025-12-07 20:55:45.291 15932-15932 VlcDvdPlayer            com.ble1st.connectias                D  VlcDvdPlayer: Available subtitle tracks: 0
2025-12-07 20:55:45.292 15932-15932 VlcDvdPlayer            com.ble1st.connectias                D  VlcDvdPlayer: Tracks not ready yet (attempt 2/30), retrying in 500ms
2025-12-07 20:55:45.523 15932-15932 VlcDvdPlayer            com.ble1st.connectias                D  VlcDvdPlayer: Available audio tracks: 0
2025-12-07 20:55:45.525 15932-15932 VlcDvdPlayer            com.ble1st.connectias                D  VlcDvdPlayer: Available subtitle tracks: 0
2025-12-07 20:55:45.526 15932-15932 VlcDvdPlayer            com.ble1st.connectias                D  VlcDvdPlayer: Tracks not ready yet (attempt 16/30), retrying in 500ms
2025-12-07 20:55:45.529 15932-15932 VlcDvdPlayer            com.ble1st.connectias                V  VlcDvdPlayer: getLengthMs() -> 0
2025-12-07 20:55:45.530 15932-15932 VlcDvdPlayer            com.ble1st.connectias                V  VlcDvdPlayer: getTimeMs() -> 0
2025-12-07 20:55:45.792 15932-15932 VlcDvdPlayer            com.ble1st.connectias                D  VlcDvdPlayer: Available audio tracks: 0
2025-12-07 20:55:45.793 15932-15932 VlcDvdPlayer            com.ble1st.connectias                D  VlcDvdPlayer: Available subtitle tracks: 0
2025-12-07 20:55:45.795 15932-15932 VlcDvdPlayer            com.ble1st.connectias                D  VlcDvdPlayer: Tracks not ready yet (attempt 3/30), retrying in 500ms
2025-12-07 20:55:45.796 15932-15932 VlcDvdPlayer            com.ble1st.connectias                D  VlcDvdPlayer: Available audio tracks: 0
2025-12-07 20:55:45.797 15932-15932 VlcDvdPlayer            com.ble1st.connectias                D  VlcDvdPlayer: Available subtitle tracks: 0
2025-12-07 20:55:45.798 15932-15932 VlcDvdPlayer            com.ble1st.connectias                D  VlcDvdPlayer: Tracks not ready yet (attempt 3/30), retrying in 500ms
2025-12-07 20:55:46.030 15932-15932 VlcDvdPlayer            com.ble1st.connectias                D  VlcDvdPlayer: Available audio tracks: 0
2025-12-07 20:55:46.032 15932-15932 VlcDvdPlayer            com.ble1st.connectias                D  VlcDvdPlayer: Available subtitle tracks: 0
2025-12-07 20:55:46.034 15932-15932 VlcDvdPlayer            com.ble1st.connectias                D  VlcDvdPlayer: Tracks not ready yet (attempt 17/30), retrying in 500ms
2025-12-07 20:55:46.037 15932-15932 VlcDvdPlayer            com.ble1st.connectias                V  VlcDvdPlayer: getLengthMs() -> 0
2025-12-07 20:55:46.038 15932-15932 VlcDvdPlayer            com.ble1st.connectias                V  VlcDvdPlayer: getTimeMs() -> 0
2025-12-07 20:55:46.298 15932-15932 VlcDvdPlayer            com.ble1st.connectias                D  VlcDvdPlayer: Available audio tracks: 0
2025-12-07 20:55:46.300 15932-15932 VlcDvdPlayer            com.ble1st.connectias                D  VlcDvdPlayer: Available subtitle tracks: 0
2025-12-07 20:55:46.301 15932-15932 VlcDvdPlayer            com.ble1st.connectias                D  VlcDvdPlayer: Tracks not ready yet (attempt 4/30), retrying in 500ms
2025-12-07 20:55:46.304 15932-15932 VlcDvdPlayer            com.ble1st.connectias                D  VlcDvdPlayer: Available audio tracks: 0
2025-12-07 20:55:46.305 15932-15932 VlcDvdPlayer            com.ble1st.connectias                D  VlcDvdPlayer: Available subtitle tracks: 0
2025-12-07 20:55:46.306 15932-15932 VlcDvdPlayer            com.ble1st.connectias                D  VlcDvdPlayer: Tracks not ready yet (attempt 4/30), retrying in 500ms
2025-12-07 20:55:46.537 15932-15932 VlcDvdPlayer            com.ble1st.connectias                D  VlcDvdPlayer: Available audio tracks: 0
2025-12-07 20:55:46.537 15932-15932 VlcDvdPlayer            com.ble1st.connectias                D  VlcDvdPlayer: Available subtitle tracks: 0
2025-12-07 20:55:46.538 15932-15932 VlcDvdPlayer            com.ble1st.connectias                D  VlcDvdPlayer: Tracks not ready yet (attempt 18/30), retrying in 500ms
2025-12-07 20:55:46.543 15932-15932 VlcDvdPlayer            com.ble1st.connectias                V  VlcDvdPlayer: getLengthMs() -> 0
2025-12-07 20:55:46.545 15932-15932 VlcDvdPlayer            com.ble1st.connectias                V  VlcDvdPlayer: getTimeMs() -> 0
2025-12-07 20:55:46.805 15932-15932 VlcDvdPlayer            com.ble1st.connectias                D  VlcDvdPlayer: Available audio tracks: 0
2025-12-07 20:55:46.806 15932-15932 VlcDvdPlayer            com.ble1st.connectias                D  VlcDvdPlayer: Available subtitle tracks: 0
2025-12-07 20:55:46.808 15932-15932 VlcDvdPlayer            com.ble1st.connectias                D  VlcDvdPlayer: Tracks not ready yet (attempt 5/30), retrying in 500ms
2025-12-07 20:55:46.809 15932-15932 VlcDvdPlayer            com.ble1st.connectias                D  VlcDvdPlayer: Available audio tracks: 0
2025-12-07 20:55:46.810 15932-15932 VlcDvdPlayer            com.ble1st.connectias                D  VlcDvdPlayer: Available subtitle tracks: 0
2025-12-07 20:55:46.811 15932-15932 VlcDvdPlayer            com.ble1st.connectias                D  VlcDvdPlayer: Tracks not ready yet (attempt 5/30), retrying in 500ms
2025-12-07 20:55:47.042 15932-15932 VlcDvdPlayer            com.ble1st.connectias                D  VlcDvdPlayer: Available audio tracks: 0
2025-12-07 20:55:47.044 15932-15932 VlcDvdPlayer            com.ble1st.connectias                D  VlcDvdPlayer: Available subtitle tracks: 0
2025-12-07 20:55:47.046 15932-15932 VlcDvdPlayer            com.ble1st.connectias                D  VlcDvdPlayer: Tracks not ready yet (attempt 19/30), retrying in 500ms
2025-12-07 20:55:47.050 15932-15932 VlcDvdPlayer            com.ble1st.connectias                V  VlcDvdPlayer: getLengthMs() -> 0
2025-12-07 20:55:47.052 15932-15932 VlcDvdPlayer            com.ble1st.connectias                V  VlcDvdPlayer: getTimeMs() -> 0
2025-12-07 20:55:47.311 15932-15932 VlcDvdPlayer            com.ble1st.connectias                D  VlcDvdPlayer: Available audio tracks: 0
2025-12-07 20:55:47.312 15932-15932 VlcDvdPlayer            com.ble1st.connectias                D  VlcDvdPlayer: Available subtitle tracks: 0
2025-12-07 20:55:47.314 15932-15932 VlcDvdPlayer            com.ble1st.connectias                D  VlcDvdPlayer: Tracks not ready yet (attempt 6/30), retrying in 500ms
2025-12-07 20:55:47.316 15932-15932 VlcDvdPlayer            com.ble1st.connectias                D  VlcDvdPlayer: Available audio tracks: 0
2025-12-07 20:55:47.316 15932-15932 VlcDvdPlayer            com.ble1st.connectias                D  VlcDvdPlayer: Available subtitle tracks: 0
2025-12-07 20:55:47.317 15932-15932 VlcDvdPlayer            com.ble1st.connectias                D  VlcDvdPlayer: Tracks not ready yet (attempt 6/30), retrying in 500ms
2025-12-07 20:55:47.549 15932-15932 VlcDvdPlayer            com.ble1st.connectias                D  VlcDvdPlayer: Available audio tracks: 0
2025-12-07 20:55:47.551 15932-15932 VlcDvdPlayer            com.ble1st.connectias                D  VlcDvdPlayer: Available subtitle tracks: 0
2025-12-07 20:55:47.553 15932-15932 VlcDvdPlayer            com.ble1st.connectias                D  VlcDvdPlayer: Tracks not ready yet (attempt 20/30), retrying in 500ms
2025-12-07 20:55:47.558 15932-15932 VlcDvdPlayer            com.ble1st.connectias                V  VlcDvdPlayer: getLengthMs() -> 0
2025-12-07 20:55:47.560 15932-15932 VlcDvdPlayer            com.ble1st.connectias                V  VlcDvdPlayer: getTimeMs() -> 0
2025-12-07 20:55:47.817 15932-15932 VlcDvdPlayer            com.ble1st.connectias                D  VlcDvdPlayer: Available audio tracks: 0
2025-12-07 20:55:47.818 15932-15932 VlcDvdPlayer            com.ble1st.connectias                D  VlcDvdPlayer: Available subtitle tracks: 0
2025-12-07 20:55:47.820 15932-15932 VlcDvdPlayer            com.ble1st.connectias                D  VlcDvdPlayer: Tracks not ready yet (attempt 7/30), retrying in 500ms
2025-12-07 20:55:47.822 15932-15932 VlcDvdPlayer            com.ble1st.connectias                D  VlcDvdPlayer: Available audio tracks: 0
2025-12-07 20:55:47.824 15932-15932 VlcDvdPlayer            com.ble1st.connectias                D  VlcDvdPlayer: Available subtitle tracks: 0
2025-12-07 20:55:47.825 15932-15932 VlcDvdPlayer            com.ble1st.connectias                D  VlcDvdPlayer: Tracks not ready yet (attempt 7/30), retrying in 500ms
2025-12-07 20:55:48.057 15932-15932 VlcDvdPlayer            com.ble1st.connectias                D  VlcDvdPlayer: Available audio tracks: 0
2025-12-07 20:55:48.059 15932-15932 VlcDvdPlayer            com.ble1st.connectias                D  VlcDvdPlayer: Available subtitle tracks: 0
2025-12-07 20:55:48.060 15932-15932 VlcDvdPlayer            com.ble1st.connectias                D  VlcDvdPlayer: Tracks not ready yet (attempt 21/30), retrying in 500ms
2025-12-07 20:55:48.066 15932-15932 VlcDvdPlayer            com.ble1st.connectias                V  VlcDvdPlayer: getLengthMs() -> 0
2025-12-07 20:55:48.067 15932-15932 VlcDvdPlayer            com.ble1st.connectias                V  VlcDvdPlayer: getTimeMs() -> 0
2025-12-07 20:55:48.324 15932-15932 VlcDvdPlayer            com.ble1st.connectias                D  VlcDvdPlayer: Available audio tracks: 0
2025-12-07 20:55:48.326 15932-15932 VlcDvdPlayer            com.ble1st.connectias                D  VlcDvdPlayer: Available subtitle tracks: 0
2025-12-07 20:55:48.327 15932-15932 VlcDvdPlayer            com.ble1st.connectias                D  VlcDvdPlayer: Tracks not ready yet (attempt 8/30), retrying in 500ms
2025-12-07 20:55:48.329 15932-15932 VlcDvdPlayer            com.ble1st.connectias                D  VlcDvdPlayer: Available audio tracks: 0
2025-12-07 20:55:48.330 15932-15932 VlcDvdPlayer            com.ble1st.connectias                D  VlcDvdPlayer: Available subtitle tracks: 0
2025-12-07 20:55:48.331 15932-15932 VlcDvdPlayer            com.ble1st.connectias                D  VlcDvdPlayer: Tracks not ready yet (attempt 8/30), retrying in 500ms
2025-12-07 20:55:48.564 15932-15932 VlcDvdPlayer            com.ble1st.connectias                D  VlcDvdPlayer: Available audio tracks: 0
2025-12-07 20:55:48.565 15932-15932 VlcDvdPlayer            com.ble1st.connectias                D  VlcDvdPlayer: Available subtitle tracks: 0
2025-12-07 20:55:48.567 15932-15932 VlcDvdPlayer            com.ble1st.connectias                D  VlcDvdPlayer: Tracks not ready yet (attempt 22/30), retrying in 500ms
2025-12-07 20:55:48.572 15932-15932 VlcDvdPlayer            com.ble1st.connectias                V  VlcDvdPlayer: getLengthMs() -> 0
2025-12-07 20:55:48.574 15932-15932 VlcDvdPlayer            com.ble1st.connectias                V  VlcDvdPlayer: getTimeMs() -> 0
2025-12-07 20:55:48.831 15932-15932 VlcDvdPlayer            com.ble1st.connectias                D  VlcDvdPlayer: Available audio tracks: 0
2025-12-07 20:55:48.833 15932-15932 VlcDvdPlayer            com.ble1st.connectias                D  VlcDvdPlayer: Available subtitle tracks: 0
2025-12-07 20:55:48.834 15932-15932 VlcDvdPlayer            com.ble1st.connectias                D  VlcDvdPlayer: Tracks not ready yet (attempt 9/30), retrying in 500ms
2025-12-07 20:55:48.836 15932-15932 VlcDvdPlayer            com.ble1st.connectias                D  VlcDvdPlayer: Available audio tracks: 0
2025-12-07 20:55:48.837 15932-15932 VlcDvdPlayer            com.ble1st.connectias                D  VlcDvdPlayer: Available subtitle tracks: 0
2025-12-07 20:55:48.838 15932-15932 VlcDvdPlayer            com.ble1st.connectias                D  VlcDvdPlayer: Tracks not ready yet (attempt 9/30), retrying in 500ms
2025-12-07 20:55:49.070 15932-15932 VlcDvdPlayer            com.ble1st.connectias                D  VlcDvdPlayer: Available audio tracks: 0
2025-12-07 20:55:49.071 15932-15932 VlcDvdPlayer            com.ble1st.connectias                D  VlcDvdPlayer: Available subtitle tracks: 0
2025-12-07 20:55:49.073 15932-15932 VlcDvdPlayer            com.ble1st.connectias                D  VlcDvdPlayer: Tracks not ready yet (attempt 23/30), retrying in 500ms
2025-12-07 20:55:49.079 15932-15932 VlcDvdPlayer            com.ble1st.connectias                V  VlcDvdPlayer: getLengthMs() -> 0
2025-12-07 20:55:49.081 15932-15932 VlcDvdPlayer            com.ble1st.connectias                V  VlcDvdPlayer: getTimeMs() -> 0
2025-12-07 20:55:49.338 15932-15932 VlcDvdPlayer            com.ble1st.connectias                D  VlcDvdPlayer: Available audio tracks: 0
2025-12-07 20:55:49.339 15932-15932 VlcDvdPlayer            com.ble1st.connectias                D  VlcDvdPlayer: Available subtitle tracks: 0
2025-12-07 20:55:49.341 15932-15932 VlcDvdPlayer            com.ble1st.connectias                D  VlcDvdPlayer: Tracks not ready yet (attempt 10/30), retrying in 500ms
2025-12-07 20:55:49.343 15932-15932 VlcDvdPlayer            com.ble1st.connectias                D  VlcDvdPlayer: Available audio tracks: 0
2025-12-07 20:55:49.344 15932-15932 VlcDvdPlayer            com.ble1st.connectias                D  VlcDvdPlayer: Available subtitle tracks: 0
2025-12-07 20:55:49.345 15932-15932 VlcDvdPlayer            com.ble1st.connectias                D  VlcDvdPlayer: Tracks not ready yet (attempt 10/30), retrying in 500ms
2025-12-07 20:55:49.577 15932-15932 VlcDvdPlayer            com.ble1st.connectias                D  VlcDvdPlayer: Available audio tracks: 0
2025-12-07 20:55:49.578 15932-15932 VlcDvdPlayer            com.ble1st.connectias                D  VlcDvdPlayer: Available subtitle tracks: 0
2025-12-07 20:55:49.580 15932-15932 VlcDvdPlayer            com.ble1st.connectias                D  VlcDvdPlayer: Tracks not ready yet (attempt 24/30), retrying in 500ms
2025-12-07 20:55:49.586 15932-15932 VlcDvdPlayer            com.ble1st.connectias                V  VlcDvdPlayer: getLengthMs() -> 0
2025-12-07 20:55:49.588 15932-15932 VlcDvdPlayer            com.ble1st.connectias                V  VlcDvdPlayer: getTimeMs() -> 0
2025-12-07 20:55:49.844 15932-15932 VlcDvdPlayer            com.ble1st.connectias                D  VlcDvdPlayer: Available audio tracks: 0
2025-12-07 20:55:49.845 15932-15932 VlcDvdPlayer            com.ble1st.connectias                D  VlcDvdPlayer: Available subtitle tracks: 0
2025-12-07 20:55:49.847 15932-15932 VlcDvdPlayer            com.ble1st.connectias                D  VlcDvdPlayer: Tracks not ready yet (attempt 11/30), retrying in 500ms
2025-12-07 20:55:49.848 15932-15932 VlcDvdPlayer            com.ble1st.connectias                D  VlcDvdPlayer: Available audio tracks: 0
2025-12-07 20:55:49.849 15932-15932 VlcDvdPlayer            com.ble1st.connectias                D  VlcDvdPlayer: Available subtitle tracks: 0
2025-12-07 20:55:49.850 15932-15932 VlcDvdPlayer            com.ble1st.connectias                D  VlcDvdPlayer: Tracks not ready yet (attempt 11/30), retrying in 500ms
2025-12-07 20:55:50.085 15932-15932 VlcDvdPlayer            com.ble1st.connectias                D  VlcDvdPlayer: Available audio tracks: 0
2025-12-07 20:55:50.087 15932-15932 VlcDvdPlayer            com.ble1st.connectias                D  VlcDvdPlayer: Available subtitle tracks: 0
2025-12-07 20:55:50.088 15932-15932 VlcDvdPlayer            com.ble1st.connectias                D  VlcDvdPlayer: Tracks not ready yet (attempt 25/30), retrying in 500ms
2025-12-07 20:55:50.096 15932-15932 VlcDvdPlayer            com.ble1st.connectias                V  VlcDvdPlayer: getLengthMs() -> 0
2025-12-07 20:55:50.097 15932-15932 VlcDvdPlayer            com.ble1st.connectias                V  VlcDvdPlayer: getTimeMs() -> 0
2025-12-07 20:55:50.349 15932-15932 VlcDvdPlayer            com.ble1st.connectias                D  VlcDvdPlayer: Available audio tracks: 0
2025-12-07 20:55:50.351 15932-15932 VlcDvdPlayer            com.ble1st.connectias                D  VlcDvdPlayer: Available subtitle tracks: 0
2025-12-07 20:55:50.353 15932-15932 VlcDvdPlayer            com.ble1st.connectias                D  VlcDvdPlayer: Tracks not ready yet (attempt 12/30), retrying in 500ms
2025-12-07 20:55:50.354 15932-15932 VlcDvdPlayer            com.ble1st.connectias                D  VlcDvdPlayer: Available audio tracks: 0
2025-12-07 20:55:50.356 15932-15932 VlcDvdPlayer            com.ble1st.connectias                D  VlcDvdPlayer: Available subtitle tracks: 0
2025-12-07 20:55:50.357 15932-15932 VlcDvdPlayer            com.ble1st.connectias                D  VlcDvdPlayer: Tracks not ready yet (attempt 12/30), retrying in 500ms
2025-12-07 20:55:50.591 15932-15932 VlcDvdPlayer            com.ble1st.connectias                D  VlcDvdPlayer: Available audio tracks: 0
2025-12-07 20:55:50.593 15932-15932 VlcDvdPlayer            com.ble1st.connectias                D  VlcDvdPlayer: Available subtitle tracks: 0
2025-12-07 20:55:50.595 15932-15932 VlcDvdPlayer            com.ble1st.connectias                D  VlcDvdPlayer: Tracks not ready yet (attempt 26/30), retrying in 500ms
2025-12-07 20:55:50.601 15932-15932 VlcDvdPlayer            com.ble1st.connectias                V  VlcDvdPlayer: getLengthMs() -> 0
2025-12-07 20:55:50.603 15932-15932 VlcDvdPlayer            com.ble1st.connectias                V  VlcDvdPlayer: getTimeMs() -> 0
2025-12-07 20:55:50.857 15932-15932 VlcDvdPlayer            com.ble1st.connectias                D  VlcDvdPlayer: Available audio tracks: 0
2025-12-07 20:55:50.859 15932-15932 VlcDvdPlayer            com.ble1st.connectias                D  VlcDvdPlayer: Available subtitle tracks: 0
2025-12-07 20:55:50.860 15932-15932 VlcDvdPlayer            com.ble1st.connectias                D  VlcDvdPlayer: Tracks not ready yet (attempt 13/30), retrying in 500ms
2025-12-07 20:55:50.862 15932-15932 VlcDvdPlayer            com.ble1st.connectias                D  VlcDvdPlayer: Available audio tracks: 0
2025-12-07 20:55:50.863 15932-15932 VlcDvdPlayer            com.ble1st.connectias                D  VlcDvdPlayer: Available subtitle tracks: 0
2025-12-07 20:55:50.864 15932-15932 VlcDvdPlayer            com.ble1st.connectias                D  VlcDvdPlayer: Tracks not ready yet (attempt 13/30), retrying in 500ms
2025-12-07 20:55:51.098 15932-15932 VlcDvdPlayer            com.ble1st.connectias                D  VlcDvdPlayer: Available audio tracks: 0
2025-12-07 20:55:51.100 15932-15932 VlcDvdPlayer            com.ble1st.connectias                D  VlcDvdPlayer: Available subtitle tracks: 0
2025-12-07 20:55:51.101 15932-15932 VlcDvdPlayer            com.ble1st.connectias                D  VlcDvdPlayer: Tracks not ready yet (attempt 27/30), retrying in 500ms
2025-12-07 20:55:51.109 15932-15932 VlcDvdPlayer            com.ble1st.connectias                V  VlcDvdPlayer: getLengthMs() -> 0
2025-12-07 20:55:51.111 15932-15932 VlcDvdPlayer            com.ble1st.connectias                V  VlcDvdPlayer: getTimeMs() -> 0
2025-12-07 20:55:51.364 15932-15932 VlcDvdPlayer            com.ble1st.connectias                D  VlcDvdPlayer: Available audio tracks: 0
2025-12-07 20:55:51.365 15932-15932 VlcDvdPlayer            com.ble1st.connectias                D  VlcDvdPlayer: Available subtitle tracks: 0
2025-12-07 20:55:51.367 15932-15932 VlcDvdPlayer            com.ble1st.connectias                D  VlcDvdPlayer: Tracks not ready yet (attempt 14/30), retrying in 500ms
2025-12-07 20:55:51.368 15932-15932 VlcDvdPlayer            com.ble1st.connectias                D  VlcDvdPlayer: Available audio tracks: 0
2025-12-07 20:55:51.369 15932-15932 VlcDvdPlayer            com.ble1st.connectias                D  VlcDvdPlayer: Available subtitle tracks: 0
2025-12-07 20:55:51.370 15932-15932 VlcDvdPlayer            com.ble1st.connectias                D  VlcDvdPlayer: Tracks not ready yet (attempt 14/30), retrying in 500ms
2025-12-07 20:55:51.605 15932-15932 VlcDvdPlayer            com.ble1st.connectias                D  VlcDvdPlayer: Available audio tracks: 0
2025-12-07 20:55:51.606 15932-15932 VlcDvdPlayer            com.ble1st.connectias                D  VlcDvdPlayer: Available subtitle tracks: 0
2025-12-07 20:55:51.608 15932-15932 VlcDvdPlayer            com.ble1st.connectias                D  VlcDvdPlayer: Tracks not ready yet (attempt 28/30), retrying in 500ms
2025-12-07 20:55:51.617 15932-15932 VlcDvdPlayer            com.ble1st.connectias                V  VlcDvdPlayer: getLengthMs() -> 0
2025-12-07 20:55:51.618 15932-15932 VlcDvdPlayer            com.ble1st.connectias                V  VlcDvdPlayer: getTimeMs() -> 0
2025-12-07 20:55:51.871 15932-15932 VlcDvdPlayer            com.ble1st.connectias                D  VlcDvdPlayer: Available audio tracks: 0
2025-12-07 20:55:51.873 15932-15932 VlcDvdPlayer            com.ble1st.connectias                D  VlcDvdPlayer: Available subtitle tracks: 0
2025-12-07 20:55:51.875 15932-15932 VlcDvdPlayer            com.ble1st.connectias                D  VlcDvdPlayer: Tracks not ready yet (attempt 15/30), retrying in 500ms
2025-12-07 20:55:51.876 15932-15932 VlcDvdPlayer            com.ble1st.connectias                D  VlcDvdPlayer: Available audio tracks: 0
2025-12-07 20:55:51.878 15932-15932 VlcDvdPlayer            com.ble1st.connectias                D  VlcDvdPlayer: Available subtitle tracks: 0
2025-12-07 20:55:51.881 15932-15932 VlcDvdPlayer            com.ble1st.connectias                D  VlcDvdPlayer: Tracks not ready yet (attempt 15/30), retrying in 500ms
2025-12-07 20:55:52.112 15932-15932 VlcDvdPlayer            com.ble1st.connectias                D  VlcDvdPlayer: Available audio tracks: 0
2025-12-07 20:55:52.113 15932-15932 VlcDvdPlayer            com.ble1st.connectias                D  VlcDvdPlayer: Available subtitle tracks: 0
2025-12-07 20:55:52.113 15932-15932 VlcDvdPlayer            com.ble1st.connectias                D  VlcDvdPlayer: Tracks not ready yet (attempt 29/30), retrying in 500ms
2025-12-07 20:55:52.124 15932-15932 VlcDvdPlayer            com.ble1st.connectias                V  VlcDvdPlayer: getLengthMs() -> 0
2025-12-07 20:55:52.125 15932-15932 VlcDvdPlayer            com.ble1st.connectias                V  VlcDvdPlayer: getTimeMs() -> 0
2025-12-07 20:55:52.251 15932-16163 VLC                     com.ble1st.connectias                D  [0600c242bb0afa90/3f23] libvlc input: selecting program id=0
2025-12-07 20:55:52.252 15932-16163 VLC                     com.ble1st.connectias                D  [0300c1e016b9da10/3f23] libvlc packetizer: looking for packetizer module matching "any": 25 candidates
2025-12-07 20:55:52.252 15932-16163 VLC                     com.ble1st.connectias                D  [0300c1e016b9da10/3f23] libvlc packetizer: using packetizer module "mpegvideo"
2025-12-07 20:55:52.252 15932-16163 VLC                     com.ble1st.connectias                D  [0300c1e016b99790/3f23] libvlc decoder: looking for video decoder module matching "any": 14 candidates
2025-12-07 20:55:52.252 15932-15932 VlcDvdPlayer            com.ble1st.connectias                D  VlcDvdPlayer: Event received - type: 273, buffering: 0.0%
2025-12-07 20:55:52.253 15932-16163 VLC                     com.ble1st.connectias                D  [0300c1e016b99790/3f23] libvlc decoder: using ffmpeg Lavc58.134.100
2025-12-07 20:55:52.254 15932-15932 VlcDvdPlayer            com.ble1st.connectias                D  VlcDvdPlayer: VLC Event - Length changed: 5304768ms
2025-12-07 20:55:52.255 15932-15932 VlcDvdPlayer            com.ble1st.connectias                D  VlcDvdPlayer: Event received - type: 277, buffering: 0.0%
2025-12-07 20:55:52.257 15932-15932 VlcDvdPlayer            com.ble1st.connectias                D  VlcDvdPlayer: VLC Event - Elementary stream deleted
2025-12-07 20:55:52.258 15932-15932 VlcDvdPlayer            com.ble1st.connectias                D  VlcDvdPlayer: Event received - type: 278, buffering: 0.0%
2025-12-07 20:55:52.259 15932-16163 VLC                     com.ble1st.connectias                D  [0300c1e016b99790/3f23] libvlc decoder: CPU flags: 0x00000068
2025-12-07 20:55:52.260 15932-15932 VlcDvdPlayer            com.ble1st.connectias                D  VlcDvdPlayer: VLC Event - Elementary stream selected
2025-12-07 20:55:52.260 15932-15932 VlcDvdPlayer            com.ble1st.connectias                D  VlcDvdPlayer: Event received - type: 278, buffering: 0.0%
2025-12-07 20:55:52.260 15932-15932 VlcDvdPlayer            com.ble1st.connectias                D  VlcDvdPlayer: VLC Event - Elementary stream selected
2025-12-07 20:55:52.261 15932-15932 VlcDvdPlayer            com.ble1st.connectias                D  VlcDvdPlayer: Event received - type: 278, buffering: 0.0%
2025-12-07 20:55:52.261 15932-16163 VLC                     com.ble1st.connectias                D  [0300c1e016b99790/3f23] libvlc decoder: allowing 6 thread(s) for decoding
2025-12-07 20:55:52.261 15932-15932 VlcDvdPlayer            com.ble1st.connectias                D  VlcDvdPlayer: VLC Event - Elementary stream selected
2025-12-07 20:55:52.261 15932-15932 VlcDvdPlayer            com.ble1st.connectias                D  VlcDvdPlayer: Event received - type: 277, buffering: 0.0%
