2025-12-11 20:10:21.140 11811-11811 VlcDvdPlayer            com.ble1st.connectias                V  VlcDvdPlayer: getLengthMs() -> -1
2025-12-11 20:10:21.141 11811-11811 VlcDvdPlayer            com.ble1st.connectias                V  VlcDvdPlayer: getTimeMs() -> -1
2025-12-11 20:10:21.142 11811-11811 VlcDvdPlayer            com.ble1st.connectias                V  VlcDvdPlayer: getTimeMs() -> -1
2025-12-11 20:10:21.346 11811-11833 DvdNative               com.ble1st.connectias                I  VOB file opened, size: 4717530 blocks (9213.93 MB)
2025-12-11 20:10:21.346 11811-11833 DvdNative               com.ble1st.connectias                I  VOB handle created: 1
2025-12-11 20:10:21.352 11811-11833 VlcDvdPlayer$playDvd    com.ble1st.connectias                I  VlcDvdPlayer: [IO Thread] VOB file opened, handle: 1
2025-12-11 20:10:21.354 11811-11833 VlcDvdPlayer$playDvd    com.ble1st.connectias                I  VlcDvdPlayer: [IO Thread] VOB file opened, handle: 1
2025-12-11 20:10:21.356 11811-11833 VlcDvdPlayer            com.ble1st.connectias                D  VlcDvdPlayer: Switching to IO dispatcher for reflection work
2025-12-11 20:10:21.357 11811-11833 VlcDvdPlayer            com.ble1st.connectias                D  VlcDvdPlayer: Switching to IO dispatcher for reflection work
2025-12-11 20:10:21.359 11811-11833 VlcDvdPlay...anceHandle com.ble1st.connectias                D  VlcDvdPlayer: [IO Thread] Getting LibVLC handle via reflection
2025-12-11 20:10:21.360 11811-11833 VlcDvdPlay...anceHandle com.ble1st.connectias                D  VlcDvdPlayer: [IO Thread] Getting LibVLC handle via reflection
2025-12-11 20:10:21.360 11811-11833 VlcDvdPlayer            com.ble1st.connectias                D  VlcDvdPlayer: getLibVlcHandle() called
2025-12-11 20:10:21.361 11811-11833 VlcDvdPlayer            com.ble1st.connectias                D  VlcDvdPlayer: getLibVlcHandle() called
2025-12-11 20:10:21.361 11811-11833 VlcDvdPlayer            com.ble1st.connectias                D  VlcDvdPlayer: getLibVlcHandle() - libVlc class: org.videolan.libvlc.LibVLC
2025-12-11 20:10:21.362 11811-11833 VlcDvdPlayer            com.ble1st.connectias                D  VlcDvdPlayer: getLibVlcHandle() - libVlc class: org.videolan.libvlc.LibVLC
2025-12-11 20:10:21.362 11811-11833 VlcDvdPlayer            com.ble1st.connectias                E  VlcDvdPlayer: === Inspecting class 0: org.videolan.libvlc.LibVLC ===
2025-12-11 20:10:21.363 11811-11833 VlcDvdPlayer            com.ble1st.connectias                E  VlcDvdPlayer: === Inspecting class 0: org.videolan.libvlc.LibVLC ===
2025-12-11 20:10:21.363 11811-11833 VlcDvdPlayer            com.ble1st.connectias                E  VlcDvdPlayer: Found 3 fields in org.videolan.libvlc.LibVLC
2025-12-11 20:10:21.364 11811-11833 VlcDvdPlayer            com.ble1st.connectias                E  VlcDvdPlayer: Found 3 fields in org.videolan.libvlc.LibVLC
2025-12-11 20:10:21.364 11811-11833 VlcDvdPlayer            com.ble1st.connectias                D  VlcDvdPlayer: FIELD: TAG (java.lang.String) = java.lang.String
2025-12-11 20:10:21.364 11811-11833 VlcDvdPlayer            com.ble1st.connectias                D  VlcDvdPlayer: FIELD: TAG (java.lang.String) = java.lang.String
2025-12-11 20:10:21.365 11811-11833 VlcDvdPlayer            com.ble1st.connectias                D  VlcDvdPlayer: FIELD: mAppContext (android.content.Context) = com.ble1st.connectias.ConnectiasApplication
2025-12-11 20:10:21.365 11811-11833 VlcDvdPlayer            com.ble1st.connectias                D  VlcDvdPlayer: FIELD: mAppContext (android.content.Context) = com.ble1st.connectias.ConnectiasApplication
2025-12-11 20:10:21.366 11811-11833 VlcDvdPlayer            com.ble1st.connectias                D  VlcDvdPlayer: FIELD: sLoaded (boolean) = java.lang.Boolean
2025-12-11 20:10:21.366 11811-11833 VlcDvdPlayer            com.ble1st.connectias                D  VlcDvdPlayer: FIELD: sLoaded (boolean) = java.lang.Boolean
2025-12-11 20:10:21.366 11811-11833 VlcDvdPlayer            com.ble1st.connectias                E  VlcDvdPlayer: === Inspecting class 1: org.videolan.libvlc.VLCObject ===
2025-12-11 20:10:21.366 11811-11833 VlcDvdPlayer            com.ble1st.connectias                E  VlcDvdPlayer: === Inspecting class 1: org.videolan.libvlc.VLCObject ===
2025-12-11 20:10:21.367 11811-11833 VlcDvdPlayer            com.ble1st.connectias                E  VlcDvdPlayer: Found 5 fields in org.videolan.libvlc.VLCObject
2025-12-11 20:10:21.367 11811-11833 VlcDvdPlayer            com.ble1st.connectias                E  VlcDvdPlayer: Found 5 fields in org.videolan.libvlc.VLCObject
2025-12-11 20:10:21.368 11811-11833 VlcDvdPlayer            com.ble1st.connectias                E  VlcDvdPlayer: FIELD: mInstance (Long) = 936973267226398864 (0xd00cc38e5111090)
2025-12-11 20:10:21.368 11811-11833 VlcDvdPlayer            com.ble1st.connectias                E  VlcDvdPlayer: FIELD: mInstance (Long) = 936973267226398864 (0xd00cc38e5111090)
2025-12-11 20:10:21.368 11811-11833 VlcDvdPlayer            com.ble1st.connectias                E  VlcDvdPlayer: FIELD: mNativeRefCount (Int) = 1
2025-12-11 20:10:21.368 11811-11833 VlcDvdPlayer            com.ble1st.connectias                E  VlcDvdPlayer: FIELD: mNativeRefCount (Int) = 1
2025-12-11 20:10:21.369 11811-11833 VlcDvdPlayer            com.ble1st.connectias                E  VlcDvdPlayer: === Inspecting class 2: java.lang.Object ===
2025-12-11 20:10:21.369 11811-11833 VlcDvdPlayer            com.ble1st.connectias                E  VlcDvdPlayer: === Inspecting class 2: java.lang.Object ===
2025-12-11 20:10:21.369 11811-11833 VlcDvdPlayer            com.ble1st.connectias                E  VlcDvdPlayer: Found 0 fields in java.lang.Object
2025-12-11 20:10:21.369 11811-11833 VlcDvdPlayer            com.ble1st.connectias                E  VlcDvdPlayer: Found 0 fields in java.lang.Object
2025-12-11 20:10:21.370 11811-11833 VlcDvdPlayer            com.ble1st.connectias                E  VlcDvdPlayer: SELECTED FIELD: mInstance from org.videolan.libvlc.VLCObject = 936973267226398864 (0xd00cc38e5111090)
2025-12-11 20:10:21.370 11811-11833 VlcDvdPlayer            com.ble1st.connectias                E  VlcDvdPlayer: SELECTED FIELD: mInstance from org.videolan.libvlc.VLCObject = 936973267226398864 (0xd00cc38e5111090)
2025-12-11 20:10:21.370 11811-11833 VlcDvdPlay...anceHandle com.ble1st.connectias                D  VlcDvdPlayer: [IO Thread] getLibVlcHandle returned: 936973267226398864
2025-12-11 20:10:21.371 11811-11833 VlcDvdPlay...anceHandle com.ble1st.connectias                D  VlcDvdPlayer: [IO Thread] getLibVlcHandle returned: 936973267226398864
2025-12-11 20:10:21.371 11811-11833 VlcDvdPlayer            com.ble1st.connectias                D  VlcDvdPlayer: Instance handle check: 936973267226398864
2025-12-11 20:10:21.371 11811-11833 VlcDvdPlayer            com.ble1st.connectias                D  VlcDvdPlayer: Instance handle check: 936973267226398864
2025-12-11 20:10:21.371 11811-11833 VlcDvdPlayer            com.ble1st.connectias                D  VlcDvdPlayer: Instance handle is valid, proceeding with nativeCreateMedia
2025-12-11 20:10:21.371 11811-11833 VlcDvdPlayer            com.ble1st.connectias                D  VlcDvdPlayer: Instance handle is valid, proceeding with nativeCreateMedia
2025-12-11 20:10:21.372 11811-11833 VlcDvdPlayer            com.ble1st.connectias                D  VlcDvdPlayer: Calling nativeCreateMedia with handle: 936973267226398864
2025-12-11 20:10:21.372 11811-11833 VlcDvdPlayer            com.ble1st.connectias                D  VlcDvdPlayer: Calling nativeCreateMedia with handle: 936973267226398864
2025-12-11 20:10:21.373 11811-11833 VlcDvdPlayer$playDvd    com.ble1st.connectias                D  VlcDvdPlayer: [IO Thread] Starting nativeCreateMedia with 5 second timeout
2025-12-11 20:10:21.373 11811-11833 VlcDvdPlayer$playDvd    com.ble1st.connectias                D  VlcDvdPlayer: [IO Thread] Starting nativeCreateMedia with 5 second timeout
2025-12-11 20:10:21.373 11811-11833 VlcDvdPlayer$playDvd    com.ble1st.connectias                D  VlcDvdPlayer: [IO Thread] Calling nativeCreateMedia()
2025-12-11 20:10:21.374 11811-11833 VlcDvdPlayer$playDvd    com.ble1st.connectias                D  VlcDvdPlayer: [IO Thread] Calling nativeCreateMedia()
2025-12-11 20:10:21.374 11811-11833 VlcJni                  com.ble1st.connectias                E  === Java provided handle: 0xd00cc38e5111090 (decimal: 936973267226398864) ===
2025-12-11 20:10:21.374 11811-11833 VlcJni                  com.ble1st.connectias                E  === HANDLE PROBE: ptr=0xd00cc38e5111090 ===
2025-12-11 20:10:21.374 11811-11833 VlcJni                  com.ble1st.connectias                E  === HANDLE PROBE: [0]=0x0, [1]=0x800cc94de8a8d60 ===
2025-12-11 20:10:21.374 11811-11833 VlcJni                  com.ble1st.connectias                E  === DETECTED WRAPPER: Using dereferenced pointer [1] as instance ===
2025-12-11 20:10:21.374 11811-11833 VlcJni                  com.ble1st.connectias                E  === CRITICAL: About to call libvlc_media_new_callbacks() ===
2025-12-11 20:10:21.374 11811-11833 VlcJni                  com.ble1st.connectias                E  === Instance ptr used: 0x800cc94de8a8d60 ===
2025-12-11 20:10:21.374 11811-11833 VlcJni                  com.ble1st.connectias                E  === CALLING libvlc_media_new_callbacks() NOW ===
2025-12-11 20:10:21.374 11811-11833 VlcJni                  com.ble1st.connectias                E  === libvlc_media_new_callbacks() RETURNED: 0x100ccb487fc7a00 ===
2025-12-11 20:10:21.374 11811-11833 VlcJni                  com.ble1st.connectias                E  === libvlc_media_new_callbacks() returned valid media: 0x100ccb487fc7a00 ===
2025-12-11 20:10:21.375 11811-11833 VlcDvdPlayer$playDvd    com.ble1st.connectias                D  VlcDvdPlayer: [IO Thread] nativeCreateMedia returned: 72282669785577984
2025-12-11 20:10:21.375 11811-11833 VlcDvdPlayer$playDvd    com.ble1st.connectias                D  VlcDvdPlayer: [IO Thread] nativeCreateMedia returned: 72282669785577984
2025-12-11 20:10:21.375 11811-11833 VlcDvdPlayer            com.ble1st.connectias                I  VlcDvdPlayer: Native media handle: 72282669785577984
2025-12-11 20:10:21.375 11811-11833 VlcDvdPlayer            com.ble1st.connectias                I  VlcDvdPlayer: Native media handle: 72282669785577984
2025-12-11 20:10:21.376 11811-11833 VlcDvdPlayer            com.ble1st.connectias                I  VlcDvdPlayer: Native media handle is valid, setting directly on player
2025-12-11 20:10:21.376 11811-11833 VlcDvdPlayer            com.ble1st.connectias                I  VlcDvdPlayer: Native media handle is valid, setting directly on player
2025-12-11 20:10:21.376 11811-11833 VlcDvdPlayer            com.ble1st.connectias                D  VlcDvdPlayer: getMediaPlayerHandle() called
2025-12-11 20:10:21.376 11811-11833 VlcDvdPlayer            com.ble1st.connectias                D  VlcDvdPlayer: getMediaPlayerHandle() called
2025-12-11 20:10:21.376 11811-11833 VlcDvdPlayer            com.ble1st.connectias                E  VlcDvdPlayer: Found MediaPlayer handle in field 'mInstance': 648742891074109184
2025-12-11 20:10:21.377 11811-11833 VlcDvdPlayer            com.ble1st.connectias                E  VlcDvdPlayer: Found MediaPlayer handle in field 'mInstance': 648742891074109184
2025-12-11 20:10:21.377 11811-11833 VlcDvdPlayer            com.ble1st.connectias                I  VlcDvdPlayer: MediaPlayer handle: 648742891074109184
2025-12-11 20:10:21.377 11811-11833 VlcDvdPlayer            com.ble1st.connectias                I  VlcDvdPlayer: MediaPlayer handle: 648742891074109184
2025-12-11 20:10:21.377 11811-11833 VlcJni                  com.ble1st.connectias                E  === PLAYER HANDLE PROBE: ptr=0x900cc38e5083f00 ===
2025-12-11 20:10:21.377 11811-11833 VlcJni                  com.ble1st.connectias                E  === PLAYER HANDLE PROBE: [0]=0x800cc94de8a8d60, [1]=0x100ccf7fe985550 ===
2025-12-11 20:10:21.377 11811-11833 VlcJni                  com.ble1st.connectias                E  === DETECTED PLAYER WRAPPER: Using dereferenced pointer [1] ===
2025-12-11 20:10:21.377 11811-11833 VlcJni                  com.ble1st.connectias                E  === Setting media on player: player=0x100ccf7fe985550, media=0x100ccb487fc7a00 ===
2025-12-11 20:10:21.377 11811-11833 VlcJni                  com.ble1st.connectias                E  === Media set on player successfully ===
2025-12-11 20:10:21.378 11811-11833 VlcDvdPlayer            com.ble1st.connectias                I  VlcDvdPlayer: Native media set on player successfully
2025-12-11 20:10:21.378 11811-11833 VlcDvdPlayer            com.ble1st.connectias                I  VlcDvdPlayer: Native media set on player successfully
2025-12-11 20:10:21.378 11811-11811 VlcDvdPlayer            com.ble1st.connectias                D  VlcDvdPlayer: Event received - type: 256, buffering: 0.0%
2025-12-11 20:10:21.378 11811-11833 VlcDvdPlayer            com.ble1st.connectias                D  VlcDvdPlayer: Strategy 2 - Checking for MRL fallback
2025-12-11 20:10:21.378 11811-11811 VlcDvdPlayer            com.ble1st.connectias                D  VlcDvdPlayer: Event received - type: 256, buffering: 0.0%
2025-12-11 20:10:21.378 11811-11833 VlcDvdPlayer            com.ble1st.connectias                D  VlcDvdPlayer: Strategy 2 - Checking for MRL fallback
2025-12-11 20:10:21.378 11811-11833 VlcDvdPlayer            com.ble1st.connectias                D  VlcDvdPlayer: Media is null, attempting fallback
2025-12-11 20:10:21.378 11811-11811 VlcDvdPlayer            com.ble1st.connectias                D  VlcDvdPlayer: VLC Event - Unknown event type: 256
2025-12-11 20:10:21.379 11811-11833 VlcDvdPlayer            com.ble1st.connectias                D  VlcDvdPlayer: Media is null, attempting fallback
2025-12-11 20:10:21.379 11811-11811 VlcDvdPlayer            com.ble1st.connectias                D  VlcDvdPlayer: VLC Event - Unknown event type: 256
2025-12-11 20:10:21.379 11811-11833 VlcDvdPlayer            com.ble1st.connectias                W  VlcDvdPlayer: Cannot use fallback MRL - devicePath is not a file path: content://com.ble1st.connectias.provider/dvd/1003/1
2025-12-11 20:10:21.379 11811-11833 VlcDvdPlayer            com.ble1st.connectias                W  VlcDvdPlayer: Cannot use fallback MRL - devicePath is not a file path: content://com.ble1st.connectias.provider/dvd/1003/1
2025-12-11 20:10:21.379 11811-11833 VlcDvdPlayer            com.ble1st.connectias                W  VlcDvdPlayer: Custom Native Input must be used. If it failed, playback is not possible.
2025-12-11 20:10:21.379 11811-11833 VlcDvdPlayer            com.ble1st.connectias                W  VlcDvdPlayer: Custom Native Input must be used. If it failed, playback is not possible.
2025-12-11 20:10:21.380 11811-11833 VlcDvdPlayer            com.ble1st.connectias                D  VlcDvdPlayer: Final setup - checking if media is available
2025-12-11 20:10:21.380 11811-11833 VlcDvdPlayer            com.ble1st.connectias                D  VlcDvdPlayer: Final setup - checking if media is available
2025-12-11 20:10:21.380 11811-11833 VlcDvdPlayer            com.ble1st.connectias                I  VlcDvdPlayer: Setting up MediaPlayer
2025-12-11 20:10:21.380 11811-11833 VlcDvdPlayer            com.ble1st.connectias                I  VlcDvdPlayer: Setting up MediaPlayer
2025-12-11 20:10:21.380 11811-11833 VlcDvdPlayer            com.ble1st.connectias                D  VlcDvdPlayer: Switching to Main dispatcher for final setup
2025-12-11 20:10:21.380 11811-11833 VlcDvdPlayer            com.ble1st.connectias                D  VlcDvdPlayer: Switching to Main dispatcher for final setup
2025-12-11 20:10:21.381 11811-11811 VlcDvdPlayer$playDvd    com.ble1st.connectias                D  VlcDvdPlayer: [Main Thread] Starting final playback setup
2025-12-11 20:10:21.381 11811-11811 VlcDvdPlayer$playDvd    com.ble1st.connectias                D  VlcDvdPlayer: [Main Thread] Starting final playback setup
2025-12-11 20:10:21.381 11811-11811 VlcDvdPlayer$playDvd    com.ble1st.connectias                D  VlcDvdPlayer: [Main Thread] Using native Media (already set on player)
2025-12-11 20:10:21.382 11811-11811 VlcDvdPlayer$playDvd    com.ble1st.connectias                D  VlcDvdPlayer: [Main Thread] Using native Media (already set on player)
2025-12-11 20:10:21.382 11811-11811 VlcDvdPlayer$playDvd    com.ble1st.connectias                D  VlcDvdPlayer: [Main Thread] Native media handle: 72282669785577984
2025-12-11 20:10:21.383 11811-11811 VlcDvdPlayer$playDvd    com.ble1st.connectias                D  VlcDvdPlayer: [Main Thread] Native media handle: 72282669785577984
2025-12-11 20:10:21.384 11811-11811 VlcDvdPlayer$playDvd    com.ble1st.connectias                D  VlcDvdPlayer: [Main Thread] Starting playback
2025-12-11 20:10:21.384 11811-11811 VlcDvdPlayer$playDvd    com.ble1st.connectias                D  VlcDvdPlayer: [Main Thread] Starting playback
2025-12-11 20:10:21.385 11811-11811 VlcDvdPlayer$playDvd    com.ble1st.connectias                D  VlcDvdPlayer: [Main Thread] Calling player.play()
2025-12-11 20:10:21.385 11811-11811 VlcDvdPlayer$playDvd    com.ble1st.connectias                D  VlcDvdPlayer: [Main Thread] Calling player.play()
2025-12-11 20:10:21.387 11811-11811 VLC                     com.ble1st.connectias                D  [0100ccf7fe985550/2e23] libvlc generic: creating audio output
2025-12-11 20:10:21.387 11811-11811 VLC                     com.ble1st.connectias                D  [0500cd272899b690/2e23] libvlc audio output: looking for audio output module matching "android_audiotrack,none": 4 candidates
2025-12-11 20:10:21.387 11811-11811 VLC                     com.ble1st.connectias                D  [0500cd272899b690/2e23] libvlc audio output: using audio output module "android_audiotrack"
2025-12-11 20:10:21.388 11811-11811 VLC                     com.ble1st.connectias                D  [0100ccf7fe985550/2e23] libvlc generic: keeping audio output
2025-12-11 20:10:21.394 11811-11811 AudioSystem             com.ble1st.connectias                D  onNewService: media.audio_policy service obtained 0x400cc4810530300
2025-12-11 20:10:21.396 11811-11811 AudioSystem             com.ble1st.connectias                D  getService: IAudioPolicyService retrieved: 0x400cc4810530300  cached: 0x400cc4810530300
2025-12-11 20:10:21.423 11811-11811 VLC                     com.ble1st.connectias                D  [0100cd988b603c90/2e23] libvlc input: Creating an input for 'imem://'
2025-12-11 20:10:21.427 11811-11902 VLC                     com.ble1st.connectias                D  [0100cd988b603c90/2e7e] libvlc input: using timeshift granularity of 50 MiB
2025-12-11 20:10:21.427 11811-11902 VLC                     com.ble1st.connectias                D  [0100cd988b603c90/2e7e] libvlc input: using default timeshift path
2025-12-11 20:10:21.427 11811-11902 VLC                     com.ble1st.connectias                D  [0100cd988b603c90/2e7e] libvlc input: `imem://' gives access `imem' demux `any' path `'
2025-12-11 20:10:21.427 11811-11902 VLC                     com.ble1st.connectias                D  [0c00ccd6dec9e510/2e7e] libvlc input source: creating demux: access='imem' demux='any' location='' file='(null)'
2025-12-11 20:10:21.427 11811-11902 VLC                     com.ble1st.connectias                D  [0500ccd6dec9fcd0/2e7e] libvlc demux: looking for access_demux module matching "imem": 7 candidates
2025-12-11 20:10:21.427 11811-11902 VLC                     com.ble1st.connectias                D  [0500ccd6dec9fcd0/2e7e] libvlc demux: no access_demux modules matched
2025-12-11 20:10:21.427 11811-11902 VLC                     com.ble1st.connectias                D  [0600cce3b7b04e90/2e7e] libvlc stream: creating access: imem://
2025-12-11 20:10:21.428 11811-11902 VLC                     com.ble1st.connectias                D  [0600cce3b7b04e90/2e7e] libvlc stream: looking for access module matching "imem": 25 candidates
2025-12-11 20:10:21.428 11811-11902 VlcJni                  com.ble1st.connectias                E  media_open_cb() CALLED - opaque: 0x100cc4810538a00
2025-12-11 20:10:21.428 11811-11900 VLC-std                 com.ble1st.connectias                D  libdvdread: Attempting to retrieve all CSS keys
                                                                                                    libdvdread: This can take a _long_ time, please be patient
                                                                                                    libdvdread: Get key for /VIDEO_TS/VIDEO_TS.VOB at 0x000002ef
                                                                                                    libdvdread: Elapsed time 0
                                                                                                    libdvdread: Get key for /VIDEO_TS/VTS_01_0.VOB at 0x000004f5
                                                                                                    libdvdread: Elapsed time 1
                                                                                                    libdvdread: Get key for /VIDEO_TS/VTS_01_1.VOB at 0x0001752d
                                                                                                    libdvdread: Elapsed time 0
                                                                                                    libdvdread: Get key for /VIDEO_TS/VTS_02_0.VOB at 0x002348e0
                                                                                                    libdvdread: Elapsed time 0
                                                                                                    libdvdread: Get key for /VIDEO_TS/VTS_02_1.VOB at 0x002348e5
                                                                                                    libdvdread: Elapsed time 0
                                                                                                    libdvdread: Get key for /VIDEO_TS/VTS_03_0.VOB at 0x002e6aaa
                                                                                                    libdvdread: Elapsed time 0
                                                                                                    libdvdread: Get key for /VIDEO_TS/VTS_03_1.VOB at 0x002e6aaf
                                                                                                    libdvdread: Elapsed time 0
                                                                                                    libdvdread: Get key for /VIDEO_TS/VTS_04_0.VOB at 0x003296cf
                                                                                                    libdvdread: Elapsed time 0
                                                                                                    libdvdread: Get key for /VIDEO_TS/VTS_04_1.VOB at 0x003296d4
                                                                                                    libdvdread: Elapsed time 0
                                                                                                    libdvdread: Get key for /VIDEO_TS/VTS_05_0.VOB at 0x00373e54
                                                                                                    libdvdread: Elapsed time 0
                                                                                                    libdvdread: Get key for /VIDEO_TS/VT
2025-12-11 20:10:21.428 11811-11900 VLC-std                 com.ble1st.connectias                D  _05_1.VOB at 0x00373e59
                                                                                                    libdvdread: Elapsed time 0
                                                                                                    libdvdread: Get key for /VIDEO_TS/VTS_06_0.VOB at 0x0038abb7
                                                                                                    libdvdread: Elapsed time 0
                                                                                                    libdvdread: Get key for /VIDEO_TS/VTS_06_1.VOB at 0x0038abbc
                                                                                                    libdvdread: Elapsed time 0
                                                                                                    libdvdread: Get key for /VIDEO_TS/VTS_07_0.VOB at 0x0039e29a
                                                                                                    libdvdread: Elapsed time 0
                                                                                                    libdvdread: Get key for /VIDEO_TS/VTS_07_1.VOB at 0x0039e29f
                                                                                                    libdvdread: Elapsed time 0
                                                                                                    libdvdread: Get key for /VIDEO_TS/VTS_08_0.VOB at 0x0039f164
                                                                                                    libdvdread: Elapsed time 0
                                                                                                    libdvdread: Get key for /VIDEO_TS/VTS_08_1.VOB at 0x0039f169
                                                                                                    libdvdread: Elapsed time 0
                                                                                                    libdvdread: Get key for /VIDEO_TS/VTS_09_0.VOB at 0x0039f207
                                                                                                    libdvdread: Elapsed time 0
                                                                                                    libdvdread: Get key for /VIDEO_TS/VTS_09_1.VOB at 0x0039f20c
                                                                                                    libdvdread: Elapsed time 0
                                                                                                    libdvdread: Get key for /VIDEO_TS/VTS_10_0.VOB at 0x003a1898
                                                                                                    libdvdread: Elapsed time 0
                                                                                                    libdvdread: Get key for /VIDEO_TS/VTS_10_1.VOB at 0x003a189d
                                                                                                    libdvdread: Elapsed time 0
                                                                                                    libdvdread: Get key for /VIDEO_TS/VTS_11_0.VOB at 0x003a33c1
                                                                                                    libdvdread: Elapsed time 0
                                                                                                    libd
2025-12-11 20:10:21.428 11811-11900 VLC-std                 com.ble1st.connectias                D  dread: Get key for /VIDEO_TS/VTS_11_1.VOB at 0x003a33c6
                                                                                                    libdvdread: Elapsed time 0
                                                                                                    libdvdread: Found 11 VTS's
                                                                                                    libdvdread: Elapsed time 1
2025-12-11 20:10:21.428 11811-11902 VlcJni                  com.ble1st.connectias                I  VlcJni: media_open_cb() CALLED - opaque: 0x100cc4810538a00
2025-12-11 20:10:21.428 11811-11902 VlcJni                  com.ble1st.connectias                I  VlcJni: media_open_cb() - data and g_vm are valid
2025-12-11 20:10:21.429 11811-11902 VlcDvdPlayer            com.ble1st.connectias                I  VlcDvdPlayer: ioOpen() CALLED - Thread: VlcObject
2025-12-11 20:10:21.429 11811-11811 VlcDvdPlayer            com.ble1st.connectias                D  VlcDvdPlayer: Available audio tracks: 0
2025-12-11 20:10:21.429 11811-11902 VlcDvdPlayer            com.ble1st.connectias                I  VlcDvdPlayer: ioOpen() CALLED - Thread: VlcObject
2025-12-11 20:10:21.429 11811-11811 VlcDvdPlayer            com.ble1st.connectias                D  VlcDvdPlayer: Available audio tracks: 0
2025-12-11 20:10:21.429 11811-11902 VlcDvdPlayer            com.ble1st.connectias                I  VlcDvdPlayer: ioOpen() - currentBlockDevice: true
2025-12-11 20:10:21.430 11811-11902 VlcDvdPlayer            com.ble1st.connectias                I  VlcDvdPlayer: ioOpen() - currentBlockDevice: true
2025-12-11 20:10:21.430 11811-11811 VlcDvdPlayer            com.ble1st.connectias                D  VlcDvdPlayer: Available subtitle tracks: 0
2025-12-11 20:10:21.430 11811-11902 VlcDvdPlayer            com.ble1st.connectias                D  VlcDvdPlayer: ioOpen() - Getting block size
2025-12-11 20:10:21.430 11811-11811 VlcDvdPlayer            com.ble1st.connectias                D  VlcDvdPlayer: Available subtitle tracks: 0
2025-12-11 20:10:21.430 11811-11902 VlcDvdPlayer            com.ble1st.connectias                D  VlcDvdPlayer: ioOpen() - Getting block size
2025-12-11 20:10:21.431 11811-11811 VlcDvdPlayer            com.ble1st.connectias                D  VlcDvdPlayer: Tracks not ready yet (attempt 1/30), retrying in 500ms
2025-12-11 20:10:21.431 11811-11811 VlcDvdPlayer            com.ble1st.connectias                D  VlcDvdPlayer: Tracks not ready yet (attempt 1/30), retrying in 500ms
2025-12-11 20:10:21.431 11811-11902 VlcDvdPlayer            com.ble1st.connectias                D  VlcDvdPlayer: ioOpen() - Block size: 2048
2025-12-11 20:10:21.431 11811-11902 VlcDvdPlayer            com.ble1st.connectias                D  VlcDvdPlayer: ioOpen() - Block size: 2048
2025-12-11 20:10:21.431 11811-11811 VlcDvdPlayer$playDvd    com.ble1st.connectias                I  VlcDvdPlayer: [Main Thread] Playback started successfully
2025-12-11 20:10:21.432 11811-11902 VlcDvdPlayer            com.ble1st.connectias                D  VlcDvdPlayer: ioOpen() - Device size set to VOB size: 4540033024 bytes (4329 MB)
2025-12-11 20:10:21.432 11811-11811 VlcDvdPlayer$playDvd    com.ble1st.connectias                I  VlcDvdPlayer: [Main Thread] Playback started successfully
2025-12-11 20:10:21.432 11811-11902 VlcDvdPlayer            com.ble1st.connectias                D  VlcDvdPlayer: ioOpen() - Device size set to VOB size: 4540033024 bytes (4329 MB)
2025-12-11 20:10:21.432 11811-11902 VlcDvdPlayer            com.ble1st.connectias                D  VlcDvdPlayer: ioOpen() - Current offset reset to: 0
2025-12-11 20:10:21.433 11811-11902 VlcDvdPlayer            com.ble1st.connectias                D  VlcDvdPlayer: ioOpen() - Current offset reset to: 0
2025-12-11 20:10:21.433 11811-11811 VlcDvdPlayer$playDvd    com.ble1st.connectias                D  VlcDvdPlayer: [Main Thread] Player state after play(): 1
2025-12-11 20:10:21.433 11811-11902 VlcDvdPlayer            com.ble1st.connectias                D  VlcDvdPlayer: ioOpen() - Read buffer initialized
2025-12-11 20:10:21.433 11811-11811 VlcDvdPlayer$playDvd    com.ble1st.connectias                D  VlcDvdPlayer: [Main Thread] Player state after play(): 1
2025-12-11 20:10:21.433 11811-11902 VlcDvdPlayer            com.ble1st.connectias                D  VlcDvdPlayer: ioOpen() - Read buffer initialized
2025-12-11 20:10:21.434 11811-11902 VlcDvdPlayer            com.ble1st.connectias                I  VlcDvdPlayer: ioOpen() - SUCCESS, returning true
2025-12-11 20:10:21.434 11811-11902 VlcDvdPlayer            com.ble1st.connectias                I  VlcDvdPlayer: ioOpen() - SUCCESS, returning true
2025-12-11 20:10:21.434 11811-11811 VlcDvdPlayer            com.ble1st.connectias                D  VlcDvdPlayer: Event received - type: 258, buffering: 0.0%
2025-12-11 20:10:21.434 11811-11831 VlcDvdPlayer            com.ble1st.connectias                D  VlcDvdPlayer: Final setup complete
2025-12-11 20:10:21.434 11811-11811 VlcDvdPlayer            com.ble1st.connectias                D  VlcDvdPlayer: Event received - type: 258, buffering: 0.0%
2025-12-11 20:10:21.435 11811-11831 VlcDvdPlayer            com.ble1st.connectias                D  VlcDvdPlayer: Final setup complete
2025-12-11 20:10:21.435 11811-11902 VlcDvdPlayer            com.ble1st.connectias                D  VlcDvdPlayer: ioGetSize() called, returning: 4540033024
2025-12-11 20:10:21.435 11811-11811 VlcDvdPlayer            com.ble1st.connectias                D  VlcDvdPlayer: VLC Event - Opening media
2025-12-11 20:10:21.435 11811-11831 VlcDvdPlayer            com.ble1st.connectias                D  VlcDvdPlayer: playDvd() completed
2025-12-11 20:10:21.435 11811-11811 VlcDvdPlayer            com.ble1st.connectias                D  VlcDvdPlayer: VLC Event - Opening media
2025-12-11 20:10:21.435 11811-11831 VlcDvdPlayer            com.ble1st.connectias                D  VlcDvdPlayer: playDvd() completed
2025-12-11 20:10:21.435 11811-11902 VlcDvdPlayer            com.ble1st.connectias                D  VlcDvdPlayer: ioGetSize() called, returning: 4540033024
2025-12-11 20:10:21.436 11811-11902 VLC                     com.ble1st.connectias                D  [0600cce3b7b04e90/2e7e] libvlc stream: using access module "imem_access"
2025-12-11 20:10:21.436 11811-11902 VLC                     com.ble1st.connectias                D  [0a00cce3b7aa8f10/2e7e] libvlc stream: looking for stream_filter module matching "prefetch,cache_read": 26 candidates
2025-12-11 20:10:21.437 11811-11902 VLC                     com.ble1st.connectias                D  [0a00cce3b7aa8f10/2e7e] libvlc stream: using 16777216 bytes buffer, 16777216 bytes read
2025-12-11 20:10:21.437 11811-11902 VLC                     com.ble1st.connectias                D  [0a00cce3b7aa8f10/2e7e] libvlc stream: using stream_filter module "prefetch"
2025-12-11 20:10:21.437 11811-11902 VLC                     com.ble1st.connectias                D  [0300cce3b7aa4590/2e7e] libvlc stream: looking for stream_filter module matching "any": 26 candidates
2025-12-11 20:10:21.437 11811-11811 VlcDvdPlayer            com.ble1st.connectias                D  VlcDvdPlayer: Event received - type: 259, buffering: 0.0%
2025-12-11 20:10:21.438 11811-11811 VlcDvdPlayer            com.ble1st.connectias                D  VlcDvdPlayer: Event received - type: 259, buffering: 0.0%
2025-12-11 20:10:21.439 11811-11811 VlcDvdPlayer            com.ble1st.connectias                D  VlcDvdPlayer: VLC Event - Buffering 0.0%
2025-12-11 20:10:21.439 11811-11811 VlcDvdPlayer            com.ble1st.connectias                D  VlcDvdPlayer: VLC Event - Buffering 0.0%
2025-12-11 20:10:21.646 11811-11811 VlcDvdPlayer            com.ble1st.connectias                V  VlcDvdPlayer: getLengthMs() -> 0
2025-12-11 20:10:21.647 11811-11811 VlcDvdPlayer            com.ble1st.connectias                V  VlcDvdPlayer: getLengthMs() -> 0
2025-12-11 20:10:21.648 11811-11811 VlcDvdPlayer            com.ble1st.connectias                V  VlcDvdPlayer: getTimeMs() -> 0
2025-12-11 20:10:21.648 11811-11811 VlcDvdPlayer            com.ble1st.connectias                V  VlcDvdPlayer: getTimeMs() -> 0
2025-12-11 20:10:21.934 11811-11811 VlcDvdPlayer            com.ble1st.connectias                D  VlcDvdPlayer: Available audio tracks: 0
2025-12-11 20:10:21.935 11811-11811 VlcDvdPlayer            com.ble1st.connectias                D  VlcDvdPlayer: Available audio tracks: 0
2025-12-11 20:10:21.937 11811-11811 VlcDvdPlayer            com.ble1st.connectias                D  VlcDvdPlayer: Available subtitle tracks: 0
2025-12-11 20:10:21.938 11811-11811 VlcDvdPlayer            com.ble1st.connectias                D  VlcDvdPlayer: Available subtitle tracks: 0
2025-12-11 20:10:21.940 11811-11811 VlcDvdPlayer            com.ble1st.connectias                D  VlcDvdPlayer: Tracks not ready yet (attempt 2/30), retrying in 500ms
2025-12-11 20:10:21.941 11811-11811 VlcDvdPlayer            com.ble1st.connectias                D  VlcDvdPlayer: Tracks not ready yet (attempt 2/30), retrying in 500ms
2025-12-11 20:10:22.156 11811-11811 VlcDvdPlayer            com.ble1st.connectias                V  VlcDvdPlayer: getLengthMs() -> 0
2025-12-11 20:10:22.157 11811-11811 VlcDvdPlayer            com.ble1st.connectias                V  VlcDvdPlayer: getLengthMs() -> 0
2025-12-11 20:10:22.159 11811-11811 VlcDvdPlayer            com.ble1st.connectias                V  VlcDvdPlayer: getTimeMs() -> 0
2025-12-11 20:10:22.160 11811-11811 VlcDvdPlayer            com.ble1st.connectias                V  VlcDvdPlayer: getTimeMs() -> 0
2025-12-11 20:10:22.446 11811-11811 VlcDvdPlayer            com.ble1st.connectias                D  VlcDvdPlayer: Available audio tracks: 0
2025-12-11 20:10:22.448 11811-11811 VlcDvdPlayer            com.ble1st.connectias                D  VlcDvdPlayer: Available audio tracks: 0
2025-12-11 20:10:22.449 11811-11811 VlcDvdPlayer            com.ble1st.connectias                D  VlcDvdPlayer: Available subtitle tracks: 0
2025-12-11 20:10:22.450 11811-11811 VlcDvdPlayer            com.ble1st.connectias                D  VlcDvdPlayer: Available subtitle tracks: 0
2025-12-11 20:10:22.452 11811-11811 VlcDvdPlayer            com.ble1st.connectias                D  VlcDvdPlayer: Tracks not ready yet (attempt 3/30), retrying in 500ms
2025-12-11 20:10:22.453 11811-11811 VlcDvdPlayer            com.ble1st.connectias                D  VlcDvdPlayer: Tracks not ready yet (attempt 3/30), retrying in 500ms
2025-12-11 20:10:22.668 11811-11811 VlcDvdPlayer            com.ble1st.connectias                V  VlcDvdPlayer: getLengthMs() -> 0
2025-12-11 20:10:22.669 11811-11811 VlcDvdPlayer            com.ble1st.connectias                V  VlcDvdPlayer: getLengthMs() -> 0
2025-12-11 20:10:22.672 11811-11811 VlcDvdPlayer            com.ble1st.connectias                V  VlcDvdPlayer: getTimeMs() -> 0
2025-12-11 20:10:22.673 11811-11811 VlcDvdPlayer            com.ble1st.connectias                V  VlcDvdPlayer: getTimeMs() -> 0
2025-12-11 20:10:22.960 11811-11811 VlcDvdPlayer            com.ble1st.connectias                D  VlcDvdPlayer: Available audio tracks: 0
2025-12-11 20:10:22.961 11811-11811 VlcDvdPlayer            com.ble1st.connectias                D  VlcDvdPlayer: Available audio tracks: 0
2025-12-11 20:10:22.964 11811-11811 VlcDvdPlayer            com.ble1st.connectias                D  VlcDvdPlayer: Available subtitle tracks: 0
2025-12-11 20:10:22.964 11811-11811 VlcDvdPlayer            com.ble1st.connectias                D  VlcDvdPlayer: Available subtitle tracks: 0
2025-12-11 20:10:22.965 11811-11811 VlcDvdPlayer            com.ble1st.connectias                D  VlcDvdPlayer: Tracks not ready yet (attempt 4/30), retrying in 500ms
2025-12-11 20:10:22.965 11811-11811 VlcDvdPlayer            com.ble1st.connectias                D  VlcDvdPlayer: Tracks not ready yet (attempt 4/30), retrying in 500ms
2025-12-11 20:10:23.182 11811-11811 VlcDvdPlayer            com.ble1st.connectias                V  VlcDvdPlayer: getLengthMs() -> 0
2025-12-11 20:10:23.183 11811-11811 VlcDvdPlayer            com.ble1st.connectias                V  VlcDvdPlayer: getLengthMs() -> 0
2025-12-11 20:10:23.185 11811-11811 VlcDvdPlayer            com.ble1st.connectias                V  VlcDvdPlayer: getTimeMs() -> 0
2025-12-11 20:10:23.186 11811-11811 VlcDvdPlayer            com.ble1st.connectias                V  VlcDvdPlayer: getTimeMs() -> 0
2025-12-11 20:10:23.472 11811-11811 VlcDvdPlayer            com.ble1st.connectias                D  VlcDvdPlayer: Available audio tracks: 0
2025-12-11 20:10:23.474 11811-11811 VlcDvdPlayer            com.ble1st.connectias                D  VlcDvdPlayer: Available audio tracks: 0
2025-12-11 20:10:23.476 11811-11811 VlcDvdPlayer            com.ble1st.connectias                D  VlcDvdPlayer: Available subtitle tracks: 0
2025-12-11 20:10:23.477 11811-11811 VlcDvdPlayer            com.ble1st.connectias                D  VlcDvdPlayer: Available subtitle tracks: 0
2025-12-11 20:10:23.478 11811-11811 VlcDvdPlayer            com.ble1st.connectias                D  VlcDvdPlayer: Tracks not ready yet (attempt 5/30), retrying in 500ms
2025-12-11 20:10:23.480 11811-11811 VlcDvdPlayer            com.ble1st.connectias                D  VlcDvdPlayer: Tracks not ready yet (attempt 5/30), retrying in 500ms
2025-12-11 20:10:23.694 11811-11811 VlcDvdPlayer            com.ble1st.connectias                V  VlcDvdPlayer: getLengthMs() -> 0
2025-12-11 20:10:23.695 11811-11811 VlcDvdPlayer            com.ble1st.connectias                V  VlcDvdPlayer: getLengthMs() -> 0
2025-12-11 20:10:23.697 11811-11811 VlcDvdPlayer            com.ble1st.connectias                V  VlcDvdPlayer: getTimeMs() -> 0
2025-12-11 20:10:23.698 11811-11811 VlcDvdPlayer            com.ble1st.connectias                V  VlcDvdPlayer: getTimeMs() -> 0
2025-12-11 20:10:23.986 11811-11811 VlcDvdPlayer            com.ble1st.connectias                D  VlcDvdPlayer: Available audio tracks: 0
2025-12-11 20:10:23.988 11811-11811 VlcDvdPlayer            com.ble1st.connectias                D  VlcDvdPlayer: Available audio tracks: 0
2025-12-11 20:10:23.989 11811-11811 VlcDvdPlayer            com.ble1st.connectias                D  VlcDvdPlayer: Available subtitle tracks: 0
2025-12-11 20:10:23.990 11811-11811 VlcDvdPlayer            com.ble1st.connectias                D  VlcDvdPlayer: Available subtitle tracks: 0
2025-12-11 20:10:23.992 11811-11811 VlcDvdPlayer            com.ble1st.connectias                D  VlcDvdPlayer: Tracks not ready yet (attempt 6/30), retrying in 500ms
2025-12-11 20:10:23.992 11811-11811 VlcDvdPlayer            com.ble1st.connectias                D  VlcDvdPlayer: Tracks not ready yet (attempt 6/30), retrying in 500ms
2025-12-11 20:10:24.205 11811-11811 VlcDvdPlayer            com.ble1st.connectias                V  VlcDvdPlayer: getLengthMs() -> 0
2025-12-11 20:10:24.207 11811-11811 VlcDvdPlayer            com.ble1st.connectias                V  VlcDvdPlayer: getLengthMs() -> 0
2025-12-11 20:10:24.208 11811-11811 VlcDvdPlayer            com.ble1st.connectias                V  VlcDvdPlayer: getTimeMs() -> 0
2025-12-11 20:10:24.210 11811-11811 VlcDvdPlayer            com.ble1st.connectias                V  VlcDvdPlayer: getTimeMs() -> 0
2025-12-11 20:10:24.498 11811-11811 VlcDvdPlayer            com.ble1st.connectias                D  VlcDvdPlayer: Available audio tracks: 0
2025-12-11 20:10:24.500 11811-11811 VlcDvdPlayer            com.ble1st.connectias                D  VlcDvdPlayer: Available audio tracks: 0
2025-12-11 20:10:24.502 11811-11811 VlcDvdPlayer            com.ble1st.connectias                D  VlcDvdPlayer: Available subtitle tracks: 0
2025-12-11 20:10:24.503 11811-11811 VlcDvdPlayer            com.ble1st.connectias                D  VlcDvdPlayer: Available subtitle tracks: 0
2025-12-11 20:10:24.504 11811-11811 VlcDvdPlayer            com.ble1st.connectias                D  VlcDvdPlayer: Tracks not ready yet (attempt 7/30), retrying in 500ms
2025-12-11 20:10:24.504 11811-11811 VlcDvdPlayer            com.ble1st.connectias                D  VlcDvdPlayer: Tracks not ready yet (attempt 7/30), retrying in 500ms
2025-12-11 20:10:24.718 11811-11811 VlcDvdPlayer            com.ble1st.connectias                V  VlcDvdPlayer: getLengthMs() -> 0
2025-12-11 20:10:24.719 11811-11811 VlcDvdPlayer            com.ble1st.connectias                V  VlcDvdPlayer: getLengthMs() -> 0
2025-12-11 20:10:24.721 11811-11811 VlcDvdPlayer            com.ble1st.connectias                V  VlcDvdPlayer: getTimeMs() -> 0
2025-12-11 20:10:24.722 11811-11811 VlcDvdPlayer            com.ble1st.connectias                V  VlcDvdPlayer: getTimeMs() -> 0
2025-12-11 20:10:25.010 11811-11811 VlcDvdPlayer            com.ble1st.connectias                D  VlcDvdPlayer: Available audio tracks: 0
2025-12-11 20:10:25.012 11811-11811 VlcDvdPlayer            com.ble1st.connectias                D  VlcDvdPlayer: Available audio tracks: 0
2025-12-11 20:10:25.014 11811-11811 VlcDvdPlayer            com.ble1st.connectias                D  VlcDvdPlayer: Available subtitle tracks: 0
2025-12-11 20:10:25.015 11811-11811 VlcDvdPlayer            com.ble1st.connectias                D  VlcDvdPlayer: Available subtitle tracks: 0
2025-12-11 20:10:25.016 11811-11811 VlcDvdPlayer            com.ble1st.connectias                D  VlcDvdPlayer: Tracks not ready yet (attempt 8/30), retrying in 500ms
2025-12-11 20:10:25.017 11811-11811 VlcDvdPlayer            com.ble1st.connectias                D  VlcDvdPlayer: Tracks not ready yet (attempt 8/30), retrying in 500ms
2025-12-11 20:10:25.229 11811-11811 VlcDvdPlayer            com.ble1st.connectias                V  VlcDvdPlayer: getLengthMs() -> 0
2025-12-11 20:10:25.230 11811-11811 VlcDvdPlayer            com.ble1st.connectias                V  VlcDvdPlayer: getLengthMs() -> 0
2025-12-11 20:10:25.231 11811-11811 VlcDvdPlayer            com.ble1st.connectias                V  VlcDvdPlayer: getTimeMs() -> 0
2025-12-11 20:10:25.232 11811-11811 VlcDvdPlayer            com.ble1st.connectias                V  VlcDvdPlayer: getTimeMs() -> 0
2025-12-11 20:10:25.524 11811-11811 VlcDvdPlayer            com.ble1st.connectias                D  VlcDvdPlayer: Available audio tracks: 0
2025-12-11 20:10:25.526 11811-11811 VlcDvdPlayer            com.ble1st.connectias                D  VlcDvdPlayer: Available audio tracks: 0
2025-12-11 20:10:25.529 11811-11811 VlcDvdPlayer            com.ble1st.connectias                D  VlcDvdPlayer: Available subtitle tracks: 0
2025-12-11 20:10:25.530 11811-11811 VlcDvdPlayer            com.ble1st.connectias                D  VlcDvdPlayer: Available subtitle tracks: 0
2025-12-11 20:10:25.532 11811-11811 VlcDvdPlayer            com.ble1st.connectias                D  VlcDvdPlayer: Tracks not ready yet (attempt 9/30), retrying in 500ms
2025-12-11 20:10:25.533 11811-11811 VlcDvdPlayer            com.ble1st.connectias                D  VlcDvdPlayer: Tracks not ready yet (attempt 9/30), retrying in 500ms
2025-12-11 20:10:25.740 11811-11811 VlcDvdPlayer            com.ble1st.connectias                V  VlcDvdPlayer: getLengthMs() -> 0
2025-12-11 20:10:25.740 11811-11811 VlcDvdPlayer            com.ble1st.connectias                V  VlcDvdPlayer: getLengthMs() -> 0
2025-12-11 20:10:25.741 11811-11811 VlcDvdPlayer            com.ble1st.connectias                V  VlcDvdPlayer: getTimeMs() -> 0
2025-12-11 20:10:25.741 11811-11811 VlcDvdPlayer            com.ble1st.connectias                V  VlcDvdPlayer: getTimeMs() -> 0
2025-12-11 20:10:26.039 11811-11811 VlcDvdPlayer            com.ble1st.connectias                D  VlcDvdPlayer: Available audio tracks: 0
2025-12-11 20:10:26.040 11811-11811 VlcDvdPlayer            com.ble1st.connectias                D  VlcDvdPlayer: Available audio tracks: 0
2025-12-11 20:10:26.042 11811-11811 VlcDvdPlayer            com.ble1st.connectias                D  VlcDvdPlayer: Available subtitle tracks: 0
2025-12-11 20:10:26.043 11811-11811 VlcDvdPlayer            com.ble1st.connectias                D  VlcDvdPlayer: Available subtitle tracks: 0
2025-12-11 20:10:26.044 11811-11811 VlcDvdPlayer            com.ble1st.connectias                D  VlcDvdPlayer: Tracks not ready yet (attempt 10/30), retrying in 500ms
2025-12-11 20:10:26.045 11811-11811 VlcDvdPlayer            com.ble1st.connectias                D  VlcDvdPlayer: Tracks not ready yet (attempt 10/30), retrying in 500ms
2025-12-11 20:10:26.248 11811-11811 VlcDvdPlayer            com.ble1st.connectias                V  VlcDvdPlayer: getLengthMs() -> 0
2025-12-11 20:10:26.250 11811-11811 VlcDvdPlayer            com.ble1st.connectias                V  VlcDvdPlayer: getLengthMs() -> 0
2025-12-11 20:10:26.252 11811-11811 VlcDvdPlayer            com.ble1st.connectias                V  VlcDvdPlayer: getTimeMs() -> 0
2025-12-11 20:10:26.254 11811-11811 VlcDvdPlayer            com.ble1st.connectias                V  VlcDvdPlayer: getTimeMs() -> 0
2025-12-11 20:10:26.552 11811-11811 VlcDvdPlayer            com.ble1st.connectias                D  VlcDvdPlayer: Available audio tracks: 0
2025-12-11 20:10:26.553 11811-11811 VlcDvdPlayer            com.ble1st.connectias                D  VlcDvdPlayer: Available audio tracks: 0
2025-12-11 20:10:26.556 11811-11811 VlcDvdPlayer            com.ble1st.connectias                D  VlcDvdPlayer: Available subtitle tracks: 0
2025-12-11 20:10:26.557 11811-11811 VlcDvdPlayer            com.ble1st.connectias                D  VlcDvdPlayer: Available subtitle tracks: 0
2025-12-11 20:10:26.558 11811-11811 VlcDvdPlayer            com.ble1st.connectias                D  VlcDvdPlayer: Tracks not ready yet (attempt 11/30), retrying in 500ms
2025-12-11 20:10:26.559 11811-11811 VlcDvdPlayer            com.ble1st.connectias                D  VlcDvdPlayer: Tracks not ready yet (attempt 11/30), retrying in 500ms
2025-12-11 20:10:26.761 11811-11811 VlcDvdPlayer            com.ble1st.connectias                V  VlcDvdPlayer: getLengthMs() -> 0
2025-12-11 20:10:26.763 11811-11811 VlcDvdPlayer            com.ble1st.connectias                V  VlcDvdPlayer: getLengthMs() -> 0
2025-12-11 20:10:26.765 11811-11811 VlcDvdPlayer            com.ble1st.connectias                V  VlcDvdPlayer: getTimeMs() -> 0
2025-12-11 20:10:26.767 11811-11811 VlcDvdPlayer            com.ble1st.connectias                V  VlcDvdPlayer: getTimeMs() -> 0
2025-12-11 20:10:27.065 11811-11811 VlcDvdPlayer            com.ble1st.connectias                D  VlcDvdPlayer: Available audio tracks: 0
