2025-12-07 20:55:52.412 15932-16179 VLC                     com.ble1st.connectias                D  [0b00c16f864f3790/3f33] libvlc xml reader: using xml reader module "xml"
2025-12-07 20:55:52.421 15932-16179 VLC                     com.ble1st.connectias                D  [0500c18df3355990/3f33] libvlc stream: removing module "cache_read"
2025-12-07 20:55:52.421 15932-16179 VLC                     com.ble1st.connectias                D  [0100c18df3357c10/3f33] libvlc stream: removing module "filesystem"
2025-12-07 20:55:52.422 15932-16179 VLC                     com.ble1st.connectias                D  [0600c1e016b0a690/3f33] libvlc spu text: using text renderer module "freetype"
2025-12-07 20:55:52.423 15932-15932 VlcDvdPlayer            com.ble1st.connectias                D  VlcDvdPlayer: Event received - type: 274, buffering: 0.0%
2025-12-07 20:55:52.424 15932-15932 VlcDvdPlayer            com.ble1st.connectias                D  VlcDvdPlayer: VLC Event - Video output event
2025-12-07 20:55:52.429 15932-16179 VLC                     com.ble1st.connectias                D  [0300c1e016b99790/3f33] libvlc decoder: Received first picture
2025-12-07 20:55:52.430 15932-16182 cutils-trace            com.ble1st.connectias                E  Error opening trace file: No such file or directory (2)
2025-12-07 20:55:52.432 15932-16163 VLC                     com.ble1st.connectias                D  [0600c242bb0afa90/3f23] libvlc input: Decoder wait done in 154 ms
2025-12-07 20:55:52.432 15932-16182 VLC                     com.ble1st.connectias                D  [0d00c20238faf390/3f36] libvlc video output: Detected interlaced video
2025-12-07 20:55:52.432 15932-16182 VLC                     com.ble1st.connectias                D  [0d00c20238faf390/3f36] libvlc video output: deinterlace -1, mode auto, is_needed 1
2025-12-07 20:55:52.432 15932-16163 VLC                     com.ble1st.connectias                D  [0600c242bb0afa90/3f23] libvlc input: control type=19
2025-12-07 20:55:52.432 15932-16182 VLC                     com.ble1st.connectias                D  [0d00c20238faf390/3f36] libvlc video output: Adding 'deinterlace' as static
2025-12-07 20:55:52.432 15932-16182 VLC                     com.ble1st.connectias                D  [0d00c1e016ad1190/3f36] libvlc filter: looking for video filter module matching "deinterlace,chain": 24 candidates
2025-12-07 20:55:52.432 15932-16182 VLC                     com.ble1st.connectias                D  [0d00c1e016ad1190/3f36] libvlc filter: using x deinterlace method
2025-12-07 20:55:52.432 15932-16182 VLC                     com.ble1st.connectias                D  [0d00c1e016ad1190/3f36] libvlc filter: deinterlacing
2025-12-07 20:55:52.432 15932-16182 VLC                     com.ble1st.connectias                D  [0d00c1e016ad1190/3f36] libvlc filter: using video filter module "deinterlace"
2025-12-07 20:55:52.432 15932-16182 VLC                     com.ble1st.connectias                D  [0d00c20238faf390/3f36] libvlc video output: Filter 'deinterlace' (0xd00c1e016ad1190) appended to chain
2025-12-07 20:55:52.433  1529-3396  AppOps                  system_server                        E  attributionTag  not declared in manifest of com.ble1st.connectias
2025-12-07 20:55:52.434  1529-5840  AppOps                  system_server                        E  attributionTag  not declared in manifest of com.ble1st.connectias
2025-12-07 20:55:52.436  1529-3396  AppOps                  system_server                        E  attributionTag  not declared in manifest of com.ble1st.connectias
2025-12-07 20:55:52.437  1529-12437 AppOps                  system_server                        E  attributionTag  not declared in manifest of com.ble1st.connectias
2025-12-07 20:55:52.438 15932-16163 VLC                     com.ble1st.connectias                D  [0d00c1e016b9b010/3f23] libvlc decoder: killing decoder fourcc `a52 '
2025-12-07 20:55:52.438 15932-16163 VLC                     com.ble1st.connectias                D  [0d00c1e016b9b010/3f23] libvlc decoder: removing module "avcodec"
2025-12-07 20:55:52.439  1529-5840  AppOps                  system_server                        E  attributionTag  not declared in manifest of com.ble1st.connectias
2025-12-07 20:55:52.440  1529-5840  AppOps                  system_server                        E  attributionTag  not declared in manifest of com.ble1st.connectias
2025-12-07 20:55:52.441  1529-12437 AppOps                  system_server                        E  attributionTag  not declared in manifest of com.ble1st.connectias
2025-12-07 20:55:52.442  1529-12437 AppOps                  system_server                        E  attributionTag  not declared in manifest of com.ble1st.connectias
2025-12-07 20:55:52.443 15932-16163 VLC                     com.ble1st.connectias                D  [0500c1e016bd1090/3f23] libvlc audio resampler: removing module "ugly"
2025-12-07 20:55:52.443 15932-16163 VLC                     com.ble1st.connectias                D  [0600c1e016bd2c90/3f23] libvlc audio filter: removing module "scaletempo"
2025-12-07 20:55:52.443 15932-16163 VLC                     com.ble1st.connectias                D  [0f00c1e016bcff10/3f23] libvlc audio converter: removing module "simple_channel_mixer"
2025-12-07 20:55:52.443 15932-16163 VLC                     com.ble1st.connectias                D  [0600c1e016bca790/3f23] libvlc audio converter: removing module "audio_format"
2025-12-07 20:55:52.444 15932-16163 AudioTrack              com.ble1st.connectias                D  stop(106): called with 0 frames delivered
2025-12-07 20:55:52.444  1529-12437 AppOps                  system_server                        E  attributionTag  not declared in manifest of com.ble1st.connectias
2025-12-07 20:55:52.444  1529-5840  AppOps                  system_server                        E  attributionTag  not declared in manifest of com.ble1st.connectias
2025-12-07 20:55:52.448 15932-16163 VLC                     com.ble1st.connectias                D  [0400c16f86535990/3f23] libvlc volume: removing module "integer_mixer"
2025-12-07 20:55:52.448 15932-16163 VLC                     com.ble1st.connectias                D  [0600c1a26bdb5490/3f23] libvlc generic: keeping audio output
2025-12-07 20:55:52.448 15932-16163 VLC                     com.ble1st.connectias                D  [0d00c1e016b96d90/3f23] libvlc packetizer: removing module "a52"
2025-12-07 20:55:52.448 15932-16163 VLC                     com.ble1st.connectias                D  [0300c1e016964e10/3f23] libvlc packetizer: looking for packetizer module matching "any": 25 candidates
2025-12-07 20:55:52.448 15932-16163 VLC                     com.ble1st.connectias                D  [0300c1e016964e10/3f23] libvlc packetizer: using packetizer module "a52"
2025-12-07 20:55:52.448 15932-16163 VLC                     com.ble1st.connectias                D  [0700c1e016b5ca90/3f23] libvlc decoder: looking for audio decoder module matching "any": 16 candidates
2025-12-07 20:55:52.448 15932-16163 VLC                     com.ble1st.connectias                D  [0600c1a26bdb5490/3f23] libvlc generic: reusing audio output
2025-12-07 20:55:52.448 15932-16163 VLC                     com.ble1st.connectias                E  [0900c1d011bdf290/3f23] libvlc audio output: too low audio sample frequency (0)
2025-12-07 20:55:52.448 15932-16163 VLC                     com.ble1st.connectias                D  [0600c1a26bdb5490/3f23] libvlc generic: keeping audio output
2025-12-07 20:55:52.448 15932-16163 VLC                     com.ble1st.connectias                E  [0700c1e016b5ca90/3f23] libvlc decoder: failed to create audio output
2025-12-07 20:55:52.448 15932-16163 VLC                     com.ble1st.connectias                D  [0700c1e016b5ca90/3f23] libvlc decoder: using ffmpeg Lavc58.134.100
2025-12-07 20:55:52.448 15932-16163 VLC                     com.ble1st.connectias                D  [0700c1e016b5ca90/3f23] libvlc decoder: CPU flags: 0x00000068
2025-12-07 20:55:52.449 15932-16163 VLC                     com.ble1st.connectias                D  [0700c1e016b5ca90/3f23] libvlc decoder: codec (ac3) started
2025-12-07 20:55:52.449 15932-16163 VLC                     com.ble1st.connectias                D  [0700c1e016b5ca90/3f23] libvlc decoder: using audio decoder module "avcodec"
2025-12-07 20:55:52.450 15932-16163 VLC                     com.ble1st.connectias                D  [0600c242bb0afa90/3f23] libvlc input: control type=19
2025-12-07 20:55:52.450 15932-16163 VLC                     com.ble1st.connectias                D  [0600c242bb0afa90/3f23] libvlc input: control type=19
2025-12-07 20:55:52.450 15932-16163 VLC                     com.ble1st.connectias                D  [0600c242bb0afa90/3f23] libvlc input: control type=19
2025-12-07 20:55:52.450 15932-16163 VLC                     com.ble1st.connectias                D  [0600c242bb0afa90/3f23] libvlc input: control type=19
2025-12-07 20:55:52.450 15932-16163 VLC                     com.ble1st.connectias                D  [0600c242bb0afa90/3f23] libvlc input: control type=19
2025-12-07 20:55:52.450 15932-16163 VLC                     com.ble1st.connectias                D  [0600c242bb0afa90/3f23] libvlc input: control type=19
2025-12-07 20:55:52.450 15932-16163 VLC                     com.ble1st.connectias                D  [0600c242bb0afa90/3f23] libvlc input: control type=19
2025-12-07 20:55:52.450 15932-16163 VLC                     com.ble1st.connectias                D  [0600c242bb0afa90/3f23] libvlc input: control type=22
2025-12-07 20:55:52.450 15932-16195 VLC                     com.ble1st.connectias                D  [0300c1e016964e10/3f43] libvlc packetizer: A/52 channels:6 samplerate:48000 bitrate:384000
2025-12-07 20:55:52.450 15932-16195 VLC                     com.ble1st.connectias                D  [0700c1e016b5ca90/3f43] libvlc decoder: restarting module due to input format change
2025-12-07 20:55:52.450 15932-15932 VlcDvdPlayer            com.ble1st.connectias                D  VlcDvdPlayer: Event received - type: 278, buffering: 0.0%
2025-12-07 20:55:52.450 15932-16195 VLC                     com.ble1st.connectias                D  [0700c1e016b5ca90/3f43] libvlc decoder: removing module "avcodec"
2025-12-07 20:55:52.450 15932-15932 VlcDvdPlayer            com.ble1st.connectias                D  VlcDvdPlayer: VLC Event - Elementary stream selected
2025-12-07 20:55:52.451 15932-16195 VLC                     com.ble1st.connectias                D  [0700c1e016b5ca90/3f43] libvlc decoder: looking for audio decoder module matching "any": 16 candidates
2025-12-07 20:55:52.451 15932-16195 VLC                     com.ble1st.connectias                D  [0600c1a26bdb5490/3f43] libvlc generic: reusing audio output
2025-12-07 20:55:52.451 15932-15932 VlcDvdPlayer            com.ble1st.connectias                D  VlcDvdPlayer: Available audio tracks: 5
2025-12-07 20:55:52.451 15932-16195 VLC                     com.ble1st.connectias                D  [0900c1d011bdf290/3f43] libvlc audio output: VLC is looking for: 'a52 ' 48000 Hz 3F2R/LFE frame=1536 samples/1536 bytes
2025-12-07 20:55:52.451 15932-15932 VlcDvdPlayer            com.ble1st.connectias                D  VlcDvdPlayer: Audio track id=-1, name=Disable
2025-12-07 20:55:52.451 15932-16195 VLC                     com.ble1st.connectias                E  [0900c1d011bdf290/3f43] libvlc audio output: module not functional
2025-12-07 20:55:52.451 15932-16195 VLC                     com.ble1st.connectias                D  [0600c1a26bdb5490/3f43] libvlc generic: keeping audio output
2025-12-07 20:55:52.451 15932-15932 VlcDvdPlayer            com.ble1st.connectias                D  VlcDvdPlayer: Audio track id=1, name=Track 1
2025-12-07 20:55:52.451 15932-16195 VLC                     com.ble1st.connectias                E  [0700c1e016b5ca90/3f43] libvlc decoder: failed to create audio output
2025-12-07 20:55:52.451 15932-16195 VLC                     com.ble1st.connectias                D  [0700c1e016b5ca90/3f43] libvlc decoder: using ffmpeg Lavc58.134.100
2025-12-07 20:55:52.451 15932-16195 VLC                     com.ble1st.connectias                D  [0700c1e016b5ca90/3f43] libvlc decoder: CPU flags: 0x00000068
2025-12-07 20:55:52.452 15932-15932 VlcDvdPlayer            com.ble1st.connectias                D  VlcDvdPlayer: Audio track id=2, name=Track 2
2025-12-07 20:55:52.452 15932-15932 VlcDvdPlayer            com.ble1st.connectias                D  VlcDvdPlayer: Audio track id=3, name=Track 3
2025-12-07 20:55:52.452 15932-15932 VlcDvdPlayer            com.ble1st.connectias                D  VlcDvdPlayer: Audio track id=4, name=Track 4
2025-12-07 20:55:52.452 15932-15932 VlcDvdPlayer            com.ble1st.connectias                D  VlcDvdPlayer: Available subtitle tracks: 0
2025-12-07 20:55:52.452 15932-15932 VlcDvdPlayer            com.ble1st.connectias                I  VlcDvdPlayer: Setting audio track to 2 (requested id=1, lang=de)
2025-12-07 20:55:52.452 15932-16163 VLC                     com.ble1st.connectias                D  [0600c242bb0afa90/3f23] libvlc input: control type=19
2025-12-07 20:55:52.452 15932-15932 VlcDvdPlayer            com.ble1st.connectias                W  VlcDvdPlayer: Could not resolve subtitle track for id=0 lang=en
2025-12-07 20:55:52.453 15932-16195 VLC                     com.ble1st.connectias                D  [0700c1e016b5ca90/3f43] libvlc decoder: codec (ac3) started
2025-12-07 20:55:52.453 15932-16195 VLC                     com.ble1st.connectias                D  [0700c1e016b5ca90/3f43] libvlc decoder: using audio decoder module "avcodec"
2025-12-07 20:55:52.453 15932-15932 VlcDvdPlayer            com.ble1st.connectias                D  VlcDvdPlayer: Tracks partially resolved (audio=true, sub=false) (attempt 1/30), retrying in 500ms
2025-12-07 20:55:52.453 15932-16195 VLC                     com.ble1st.connectias                D  [0600c1a26bdb5490/3f43] libvlc generic: reusing audio output
2025-12-07 20:55:52.453 15932-16195 VLC                     com.ble1st.connectias                D  [0900c1d011bdf290/3f43] libvlc audio output: VLC is looking for: 'f32l' 48000 Hz 3F2M/LFE frame=1 samples/24 bytes
2025-12-07 20:55:52.477 15932-16195 AudioTrack              com.ble1st.connectias                W  Use of stream types is deprecated for operations other than volume control
2025-12-07 20:55:52.477 15932-16195 AudioTrack              com.ble1st.connectias                W  See the documentation of AudioTrack() for what to use instead with android.media.AudioAttributes to qualify your playback use case
2025-12-07 20:55:52.508 15932-15932 VlcDvdPlayer            com.ble1st.connectias                D  VlcDvdPlayer: Event received - type: 268, buffering: 0.0%
2025-12-07 20:55:52.509 15932-15932 VlcDvdPlayer            com.ble1st.connectias                V  VlcDvdPlayer: VLC Event - Position changed: 0.0
2025-12-07 20:55:52.510 15932-15932 VlcDvdPlayer            com.ble1st.connectias                D  VlcDvdPlayer: Event received - type: 267, buffering: 0.0%
2025-12-07 20:55:52.512 15932-15932 VlcDvdPlayer            com.ble1st.connectias                V  VlcDvdPlayer: VLC Event - Time changed: 0ms
2025-12-07 20:55:52.548 15932-16195 VLC                     com.ble1st.connectias                D  [0900c1d011bdf290/3f43] libvlc audio output: using WRITE_BYTEARRAYV23
2025-12-07 20:55:52.558  1529-5840  AppOps                  system_server                        E  attributionTag  not declared in manifest of com.ble1st.connectias
2025-12-07 20:55:52.558  1529-3396  AppOps                  system_server                        E  attributionTag  not declared in manifest of com.ble1st.connectias
2025-12-07 20:55:52.559 15932-16195 VLC                     com.ble1st.connectias                D  [0900c1d011bdf290/3f43] libvlc audio output: VLC will output: 's16l' 48000 Hz Stereo frame=1 samples/4 bytes
2025-12-07 20:55:52.559 15932-16195 VLC                     com.ble1st.connectias                D  [0900c1d011bdf290/3f43] libvlc audio output: output 's16l' 48000 Hz Stereo frame=1 samples/4 bytes
2025-12-07 20:55:52.559 15932-16195 VLC                     com.ble1st.connectias                D  [0f00c16f86522090/3f43] libvlc volume: looking for audio volume module matching "any": 2 candidates
2025-12-07 20:55:52.559 15932-16195 VLC                     com.ble1st.connectias                D  [0f00c16f86522090/3f43] libvlc volume: using audio volume module "integer_mixer"
2025-12-07 20:55:52.559 15932-16195 VLC                     com.ble1st.connectias                D  [0900c1d011bdf290/3f43] libvlc audio output: input 'f32l' 48000 Hz 3F2M/LFE frame=1 samples/24 bytes
2025-12-07 20:55:52.560 15932-16195 VLC                     com.ble1st.connectias                D  [0900c1e016bb7a90/3f43] libvlc audio filter: looking for audio filter module matching "scaletempo": 15 candidates
2025-12-07 20:55:52.560 15932-16195 VLC                     com.ble1st.connectias                D  [0900c1e016bb7a90/3f43] libvlc audio filter: format: 48000 rate, 6 nch, 4 bps, fl32
2025-12-07 20:55:52.560 15932-16195 VLC                     com.ble1st.connectias                D  [0900c1e016bb7a90/3f43] libvlc audio filter: params: 30 stride, 0.200 overlap, 14 search
2025-12-07 20:55:52.560 15932-16195 VLC                     com.ble1st.connectias                D  [0900c1e016bb7a90/3f43] libvlc audio filter: 1.000 scale, 1440.000 stride_in, 1440 stride_out, 1152 standing, 288 overlap, 672 search, 2400 queue, fl32 mode
2025-12-07 20:55:52.560 15932-16195 VLC                     com.ble1st.connectias                D  [0900c1e016bb7a90/3f43] libvlc audio filter: using audio filter module "scaletempo"
2025-12-07 20:55:52.560 15932-16195 VLC                     com.ble1st.connectias                D  [0900c1d011bdf290/3f43] libvlc audio output: conversion: 'f32l'->'f32l' 48000 Hz->48000 Hz 3F2M/LFE->3F2M/LFE
2025-12-07 20:55:52.560 15932-16195 VLC                     com.ble1st.connectias                D  [0900c1d011bdf290/3f43] libvlc audio output: conversion pipeline complete
2025-12-07 20:55:52.560 15932-16195 VLC                     com.ble1st.connectias                D  [0900c1d011bdf290/3f43] libvlc audio output: conversion: 'f32l'->'s16l' 48000 Hz->48000 Hz 3F2M/LFE->Stereo
2025-12-07 20:55:52.560 15932-16195 VLC                     com.ble1st.connectias                D  [0d00c1e016965f90/3f43] libvlc audio converter: looking for audio converter module matching "any": 7 candidates
2025-12-07 20:55:52.560 15932-16195 VLC                     com.ble1st.connectias                D  [0d00c1e016965f90/3f43] libvlc audio converter: using audio converter module "simple_channel_mixer"
2025-12-07 20:55:52.560 15932-16195 VLC                     com.ble1st.connectias                D  [0100c1e016bcab10/3f43] libvlc audio converter: looking for audio converter module matching "any": 7 candidates
2025-12-07 20:55:52.560 15932-16195 VLC                     com.ble1st.connectias                D  [0100c1e016bcab10/3f43] libvlc audio converter: f32l->s16l, bits per sample: 32->16
2025-12-07 20:55:52.560 15932-16195 VLC                     com.ble1st.connectias                D  [0100c1e016bcab10/3f43] libvlc audio converter: using audio converter module "audio_format"
2025-12-07 20:55:52.560 15932-16195 VLC                     com.ble1st.connectias                D  [0900c1d011bdf290/3f43] libvlc audio output: conversion pipeline complete
2025-12-07 20:55:52.560 15932-16195 VLC                     com.ble1st.connectias                D  [0a00c1e016bd3710/3f43] libvlc audio resampler: looking for audio resampler module matching "any": 2 candidates
2025-12-07 20:55:52.560 15932-16195 VLC                     com.ble1st.connectias                D  [0a00c1e016bd3710/3f43] libvlc audio resampler: using audio resampler module "ugly"
2025-12-07 20:55:52.561 15932-16195 VLC                     com.ble1st.connectias                W  [0900c1d011bdf290/3f43] libvlc audio output: playback way too early (-263016): playing silence
2025-12-07 20:55:52.561 15932-16195 VLC                     com.ble1st.connectias                D  [0900c1d011bdf290/3f43] libvlc audio output: inserting 12624 zeroes
2025-12-07 20:55:52.615 15932-15932 VlcDvdPlayer            com.ble1st.connectias                D  VlcDvdPlayer: Available audio tracks: 5
2025-12-07 20:55:52.616 15932-15932 VlcDvdPlayer            com.ble1st.connectias                D  VlcDvdPlayer: Audio track id=-1, name=Disable
2025-12-07 20:55:52.617 15932-15932 VlcDvdPlayer            com.ble1st.connectias                D  VlcDvdPlayer: Audio track id=1, name=Track 1
2025-12-07 20:55:52.618 15932-15932 VlcDvdPlayer            com.ble1st.connectias                D  VlcDvdPlayer: Audio track id=2, name=Track 2
2025-12-07 20:55:52.620 15932-15932 VlcDvdPlayer            com.ble1st.connectias                D  VlcDvdPlayer: Audio track id=3, name=Track 3
2025-12-07 20:55:52.621 15932-15932 VlcDvdPlayer            com.ble1st.connectias                D  VlcDvdPlayer: Audio track id=4, name=Track 4
2025-12-07 20:55:52.621 15932-15932 VlcDvdPlayer            com.ble1st.connectias                D  VlcDvdPlayer: Available subtitle tracks: 0
2025-12-07 20:55:52.622 15932-15932 VlcDvdPlayer            com.ble1st.connectias                I  VlcDvdPlayer: Setting audio track to 2 (requested id=1, lang=de)
2025-12-07 20:55:52.622 15932-16163 VLC                     com.ble1st.connectias                D  [0600c242bb0afa90/3f23] libvlc input: control type=19
2025-12-07 20:55:52.623 15932-15932 VlcDvdPlayer            com.ble1st.connectias                W  VlcDvdPlayer: Could not resolve subtitle track for id=0 lang=en
2025-12-07 20:55:52.624 15932-15932 VlcDvdPlayer            com.ble1st.connectias                W  VlcDvdPlayer: Giving up after 30 attempts (audio=true, sub=false)
2025-12-07 20:55:52.630 15932-15932 VlcDvdPlayer            com.ble1st.connectias                V  VlcDvdPlayer: getLengthMs() -> 5304768
2025-12-07 20:55:52.630 15932-15932 VlcDvdPlayer            com.ble1st.connectias                V  VlcDvdPlayer: getTimeMs() -> 0
2025-12-07 20:55:52.766 15932-15932 VlcDvdPlayer            com.ble1st.connectias                D  VlcDvdPlayer: Track selection already applied, skipping (attempt 2)
2025-12-07 20:55:52.767 15932-15932 VlcDvdPlayer            com.ble1st.connectias                D  VlcDvdPlayer: Track selection already applied, skipping (attempt 2)
2025-12-07 20:55:52.767 15932-15932 VlcDvdPlayer            com.ble1st.connectias                D  VlcDvdPlayer: Track selection already applied, skipping (attempt 2)
2025-12-07 20:55:52.767 15932-15932 VlcDvdPlayer            com.ble1st.connectias                D  VlcDvdPlayer: Track selection already applied, skipping (attempt 2)
2025-12-07 20:55:52.767 15932-15932 VlcDvdPlayer            com.ble1st.connectias                D  VlcDvdPlayer: Track selection already applied, skipping (attempt 2)
2025-12-07 20:55:52.767 15932-15932 VlcDvdPlayer            com.ble1st.connectias                D  VlcDvdPlayer: Event received - type: 268, buffering: 0.0%
2025-12-07 20:55:52.767 15932-15932 VlcDvdPlayer            com.ble1st.connectias                V  VlcDvdPlayer: VLC Event - Position changed: 0.0
2025-12-07 20:55:52.768 15932-15932 VlcDvdPlayer            com.ble1st.connectias                D  VlcDvdPlayer: Event received - type: 267, buffering: 0.0%
2025-12-07 20:55:52.768 15932-15932 VlcDvdPlayer            com.ble1st.connectias                V  VlcDvdPlayer: VLC Event - Time changed: 160ms
2025-12-07 20:55:52.790 15932-15932 VlcDvdPlayer            com.ble1st.connectias                D  VlcDvdPlayer: Track selection already applied, skipping (attempt 2)
2025-12-07 20:55:52.797 15932-15932 VlcDvdPlayer            com.ble1st.connectias                D  VlcDvdPlayer: Track selection already applied, skipping (attempt 2)
2025-12-07 20:55:52.798 15932-15932 VlcDvdPlayer            com.ble1st.connectias                D  VlcDvdPlayer: Track selection already applied, skipping (attempt 2)
2025-12-07 20:55:52.799 15932-15932 VlcDvdPlayer            com.ble1st.connectias                D  VlcDvdPlayer: Track selection already applied, skipping (attempt 2)
2025-12-07 20:55:52.800 15932-15932 VlcDvdPlayer            com.ble1st.connectias                D  VlcDvdPlayer: Track selection already applied, skipping (attempt 2)
2025-12-07 20:55:52.801 15932-15932 VlcDvdPlayer            com.ble1st.connectias                D  VlcDvdPlayer: Track selection already applied, skipping (attempt 2)
2025-12-07 20:55:52.879 15932-15932 VlcDvdPlayer            com.ble1st.connectias                D  VlcDvdPlayer: Track selection already applied, skipping (attempt 17)
2025-12-07 20:55:52.884 15932-15932 VlcDvdPlayer            com.ble1st.connectias                D  VlcDvdPlayer: Track selection already applied, skipping (attempt 17)
2025-12-07 20:55:52.955 15932-15932 VlcDvdPlayer            com.ble1st.connectias                D  VlcDvdPlayer: Track selection already applied, skipping (attempt 2)
2025-12-07 20:55:53.020 15932-15932 VlcDvdPlayer            com.ble1st.connectias                D  VlcDvdPlayer: Event received - type: 268, buffering: 0.0%
2025-12-07 20:55:53.021 15932-15932 VlcDvdPlayer            com.ble1st.connectias                V  VlcDvdPlayer: VLC Event - Position changed: 0.0
2025-12-07 20:55:53.024 15932-15932 VlcDvdPlayer            com.ble1st.connectias                D  VlcDvdPlayer: Event received - type: 267, buffering: 0.0%
2025-12-07 20:55:53.025 15932-15932 VlcDvdPlayer            com.ble1st.connectias                V  VlcDvdPlayer: VLC Event - Time changed: 640ms
2025-12-07 20:55:53.139 15932-15932 VlcDvdPlayer            com.ble1st.connectias                V  VlcDvdPlayer: getLengthMs() -> 5304768
2025-12-07 20:55:53.140 15932-15932 VlcDvdPlayer            com.ble1st.connectias                V  VlcDvdPlayer: getTimeMs() -> 640
2025-12-07 20:55:53.281 15932-15932 VlcDvdPlayer            com.ble1st.connectias                D  VlcDvdPlayer: Event received - type: 268, buffering: 0.0%
2025-12-07 20:55:53.282 15932-15932 VlcDvdPlayer            com.ble1st.connectias                V  VlcDvdPlayer: VLC Event - Position changed: 0.0
2025-12-07 20:55:53.282 15932-15932 VlcDvdPlayer            com.ble1st.connectias                D  VlcDvdPlayer: Event received - type: 267, buffering: 0.0%
2025-12-07 20:55:53.282 15932-15932 VlcDvdPlayer            com.ble1st.connectias                V  VlcDvdPlayer: VLC Event - Time changed: 640ms
2025-12-07 20:55:53.333 15932-16182 VLC                     com.ble1st.connectias                D  [0100c1d011c3d790/3f36] libvlc vout display: auto hiding mouse cursor
2025-12-07 20:55:53.333 15932-16182 VLC                     com.ble1st.connectias                E  [0f00c17f172a83d0/3f36] libvlc window: request 3 not implemented
2025-12-07 20:55:53.534 15932-15932 VlcDvdPlayer            com.ble1st.connectias                D  VlcDvdPlayer: Event received - type: 268, buffering: 1.7719964E-5%
2025-12-07 20:55:53.536 15932-15932 VlcDvdPlayer            com.ble1st.connectias                V  VlcDvdPlayer: VLC Event - Position changed: 1.7719964E-5
2025-12-07 20:55:53.537 15932-15932 VlcDvdPlayer            com.ble1st.connectias                D  VlcDvdPlayer: Event received - type: 267, buffering: 0.0%
2025-12-07 20:55:53.538 15932-15932 VlcDvdPlayer            com.ble1st.connectias                V  VlcDvdPlayer: VLC Event - Time changed: 1123ms
2025-12-07 20:55:53.646 15932-15932 VlcDvdPlayer            com.ble1st.connectias                V  VlcDvdPlayer: getLengthMs() -> 5304768
2025-12-07 20:55:53.648 15932-15932 VlcDvdPlayer            com.ble1st.connectias                V  VlcDvdPlayer: getTimeMs() -> 1123
2025-12-07 20:55:53.786 15932-15932 VlcDvdPlayer            com.ble1st.connectias                D  VlcDvdPlayer: Event received - type: 268, buffering: 8.4322426E-5%
2025-12-07 20:55:53.786 15932-15932 VlcDvdPlayer            com.ble1st.connectias                V  VlcDvdPlayer: VLC Event - Position changed: 8.4322426E-5
2025-12-07 20:55:53.786 15932-15932 VlcDvdPlayer            com.ble1st.connectias                D  VlcDvdPlayer: Event received - type: 267, buffering: 0.0%
2025-12-07 20:55:53.786 15932-15932 VlcDvdPlayer            com.ble1st.connectias                V  VlcDvdPlayer: VLC Event - Time changed: 1136ms
2025-12-07 20:55:54.035 15932-15932 VlcDvdPlayer            com.ble1st.connectias                D  VlcDvdPlayer: Event received - type: 268, buffering: 1.2537913E-4%
2025-12-07 20:55:54.036 15932-15932 VlcDvdPlayer            com.ble1st.connectias                V  VlcDvdPlayer: VLC Event - Position changed: 1.2537913E-4
2025-12-07 20:55:54.037 15932-15932 VlcDvdPlayer            com.ble1st.connectias                D  VlcDvdPlayer: Event received - type: 267, buffering: 0.0%
2025-12-07 20:55:54.038 15932-15932 VlcDvdPlayer            com.ble1st.connectias                V  VlcDvdPlayer: VLC Event - Time changed: 1600ms
2025-12-07 20:55:54.153 15932-15932 VlcDvdPlayer            com.ble1st.connectias                V  VlcDvdPlayer: getLengthMs() -> 5304768
2025-12-07 20:55:54.154 15932-15932 VlcDvdPlayer            com.ble1st.connectias                V  VlcDvdPlayer: getTimeMs() -> 1600
2025-12-07 20:55:54.288 15932-15932 VlcDvdPlayer            com.ble1st.connectias                D  VlcDvdPlayer: Event received - type: 268, buffering: 1.9169564E-4%
2025-12-07 20:55:54.288 15932-15932 VlcDvdPlayer            com.ble1st.connectias                V  VlcDvdPlayer: VLC Event - Position changed: 1.9169564E-4
2025-12-07 20:55:54.289 15932-15932 VlcDvdPlayer            com.ble1st.connectias                D  VlcDvdPlayer: Event received - type: 267, buffering: 0.0%
2025-12-07 20:55:54.290 15932-15932 VlcDvdPlayer            com.ble1st.connectias                V  VlcDvdPlayer: VLC Event - Time changed: 1616ms
2025-12-07 20:55:54.537 15932-15932 VlcDvdPlayer            com.ble1st.connectias                D  VlcDvdPlayer: Event received - type: 268, buffering: 2.4457645E-4%
2025-12-07 20:55:54.537 15932-15932 VlcDvdPlayer            com.ble1st.connectias                V  VlcDvdPlayer: VLC Event - Position changed: 2.4457645E-4
2025-12-07 20:55:54.537 15932-15932 VlcDvdPlayer            com.ble1st.connectias                D  VlcDvdPlayer: Event received - type: 267, buffering: 0.0%
2025-12-07 20:55:54.538 15932-15932 VlcDvdPlayer            com.ble1st.connectias                V  VlcDvdPlayer: VLC Event - Time changed: 2081ms
2025-12-07 20:55:54.659 15932-15932 VlcDvdPlayer            com.ble1st.connectias                V  VlcDvdPlayer: getLengthMs() -> 5304768
2025-12-07 20:55:54.660 15932-15932 VlcDvdPlayer            com.ble1st.connectias                V  VlcDvdPlayer: getTimeMs() -> 2081
2025-12-07 20:55:54.788 15932-15932 VlcDvdPlayer            com.ble1st.connectias                D  VlcDvdPlayer: Event received - type: 268, buffering: 3.1078458E-4%
2025-12-07 20:55:54.788 15932-15932 VlcDvdPlayer            com.ble1st.connectias                V  VlcDvdPlayer: VLC Event - Position changed: 3.1078458E-4
2025-12-07 20:55:54.788 15932-15932 VlcDvdPlayer            com.ble1st.connectias                D  VlcDvdPlayer: Event received - type: 267, buffering: 0.0%
2025-12-07 20:55:54.788 15932-15932 VlcDvdPlayer            com.ble1st.connectias                V  VlcDvdPlayer: VLC Event - Time changed: 2128ms
2025-12-07 20:55:55.038 15932-15932 VlcDvdPlayer            com.ble1st.connectias                D  VlcDvdPlayer: Event received - type: 268, buffering: 3.5184147E-4%
2025-12-07 20:55:55.038 15932-15932 VlcDvdPlayer            com.ble1st.connectias                V  VlcDvdPlayer: VLC Event - Position changed: 3.5184147E-4
2025-12-07 20:55:55.038 15932-15932 VlcDvdPlayer            com.ble1st.connectias                D  VlcDvdPlayer: Event received - type: 267, buffering: 0.0%
2025-12-07 20:55:55.038 15932-15932 VlcDvdPlayer            com.ble1st.connectias                V  VlcDvdPlayer: VLC Event - Time changed: 2560ms
2025-12-07 20:55:55.166 15932-15932 VlcDvdPlayer            com.ble1st.connectias                V  VlcDvdPlayer: getLengthMs() -> 5304768
2025-12-07 20:55:55.167 15932-15932 VlcDvdPlayer            com.ble1st.connectias                V  VlcDvdPlayer: getTimeMs() -> 2560
2025-12-07 20:55:55.288 15932-15932 VlcDvdPlayer            com.ble1st.connectias                D  VlcDvdPlayer: Event received - type: 268, buffering: 4.1814102E-4%
2025-12-07 20:55:55.288 15932-15932 VlcDvdPlayer            com.ble1st.connectias                V  VlcDvdPlayer: VLC Event - Position changed: 4.1814102E-4
2025-12-07 20:55:55.288 15932-15932 VlcDvdPlayer            com.ble1st.connectias                D  VlcDvdPlayer: Event received - type: 267, buffering: 0.0%
2025-12-07 20:55:55.288 15932-15932 VlcDvdPlayer            com.ble1st.connectias                V  VlcDvdPlayer: VLC Event - Time changed: 2640ms
2025-12-07 20:55:55.541 15932-15932 VlcDvdPlayer            com.ble1st.connectias                D  VlcDvdPlayer: Event received - type: 268, buffering: 4.804229E-4%
2025-12-07 20:55:55.542 15932-15932 VlcDvdPlayer            com.ble1st.connectias                V  VlcDvdPlayer: VLC Event - Position changed: 4.804229E-4
2025-12-07 20:55:55.543 15932-15932 VlcDvdPlayer            com.ble1st.connectias                D  VlcDvdPlayer: Event received - type: 267, buffering: 0.0%
2025-12-07 20:55:55.545 15932-15932 VlcDvdPlayer            com.ble1st.connectias                V  VlcDvdPlayer: VLC Event - Time changed: 3040ms
2025-12-07 20:55:55.598 15932-15932 VlcDvdPlayer            com.ble1st.connectias                D  VlcDvdPlayer: Event received - type: 276, buffering: 0.0%
2025-12-07 20:55:55.599 15932-15932 VlcDvdPlayer            com.ble1st.connectias                D  VlcDvdPlayer: VLC Event - Elementary stream added
2025-12-07 20:55:55.601 15932-15932 VlcDvdPlayer            com.ble1st.connectias                D  VlcDvdPlayer: Event received - type: 276, buffering: 0.0%
2025-12-07 20:55:55.602 15932-15932 VlcDvdPlayer            com.ble1st.connectias                D  VlcDvdPlayer: VLC Event - Elementary stream added
2025-12-07 20:55:55.605 15932-15932 VlcDvdPlayer            com.ble1st.connectias                D  VlcDvdPlayer: Event received - type: 276, buffering: 0.0%
2025-12-07 20:55:55.606 15932-15932 VlcDvdPlayer            com.ble1st.connectias                D  VlcDvdPlayer: VLC Event - Elementary stream added
2025-12-07 20:55:55.673 15932-15932 VlcDvdPlayer            com.ble1st.connectias                V  VlcDvdPlayer: getLengthMs() -> 5304768
2025-12-07 20:55:55.674 15932-15932 VlcDvdPlayer            com.ble1st.connectias                V  VlcDvdPlayer: getTimeMs() -> 3040
2025-12-07 20:55:55.791 15932-15932 VlcDvdPlayer            com.ble1st.connectias                D  VlcDvdPlayer: Event received - type: 268, buffering: 5.4986845E-4%
2025-12-07 20:55:55.792 15932-15932 VlcDvdPlayer            com.ble1st.connectias                V  VlcDvdPlayer: VLC Event - Position changed: 5.4986845E-4
2025-12-07 20:55:55.792 15932-15932 VlcDvdPlayer            com.ble1st.connectias                D  VlcDvdPlayer: Event received - type: 267, buffering: 0.0%
2025-12-07 20:55:55.792 15932-15932 VlcDvdPlayer            com.ble1st.connectias                V  VlcDvdPlayer: VLC Event - Time changed: 3160ms
2025-12-07 20:55:56.041 15932-15932 VlcDvdPlayer            com.ble1st.connectias                D  VlcDvdPlayer: Event received - type: 268, buffering: 6.0896337E-4%
2025-12-07 20:55:56.041 15932-15932 VlcDvdPlayer            com.ble1st.connectias                V  VlcDvdPlayer: VLC Event - Position changed: 6.0896337E-4
2025-12-07 20:55:56.041 15932-15932 VlcDvdPlayer            com.ble1st.connectias                D  VlcDvdPlayer: Event received - type: 267, buffering: 0.0%
2025-12-07 20:55:56.041 15932-15932 VlcDvdPlayer            com.ble1st.connectias                V  VlcDvdPlayer: VLC Event - Time changed: 3520ms
2025-12-07 20:55:56.181 15932-15932 VlcDvdPlayer            com.ble1st.connectias                V  VlcDvdPlayer: getLengthMs() -> 5304768
2025-12-07 20:55:56.182 15932-15932 VlcDvdPlayer            com.ble1st.connectias                V  VlcDvdPlayer: getTimeMs() -> 3520
2025-12-07 20:55:56.300 15932-15932 VlcDvdPlayer            com.ble1st.connectias                D  VlcDvdPlayer: Event received - type: 268, buffering: 6.6761783E-4%
2025-12-07 20:55:56.301 15932-15932 VlcDvdPlayer            com.ble1st.connectias                V  VlcDvdPlayer: VLC Event - Position changed: 6.6761783E-4
2025-12-07 20:55:56.301 15932-15932 VlcDvdPlayer            com.ble1st.connectias                D  VlcDvdPlayer: Event received - type: 267, buffering: 0.0%
2025-12-07 20:55:56.301 15932-15932 VlcDvdPlayer            com.ble1st.connectias                V  VlcDvdPlayer: VLC Event - Time changed: 3632ms
2025-12-07 20:55:56.555 15932-15932 VlcDvdPlayer            com.ble1st.connectias                D  VlcDvdPlayer: Event received - type: 268, buffering: 7.2283496E-4%
2025-12-07 20:55:56.555 15932-15932 VlcDvdPlayer            com.ble1st.connectias                V  VlcDvdPlayer: VLC Event - Position changed: 7.2283496E-4
2025-12-07 20:55:56.555 15932-15932 VlcDvdPlayer            com.ble1st.connectias                D  VlcDvdPlayer: Event received - type: 267, buffering: 0.0%
2025-12-07 20:55:56.555 15932-15932 VlcDvdPlayer            com.ble1st.connectias                V  VlcDvdPlayer: VLC Event - Time changed: 3999ms
2025-12-07 20:55:56.689 15932-15932 VlcDvdPlayer            com.ble1st.connectias                V  VlcDvdPlayer: getLengthMs() -> 5304768
2025-12-07 20:55:56.690 15932-15932 VlcDvdPlayer            com.ble1st.connectias                V  VlcDvdPlayer: getTimeMs() -> 3999
2025-12-07 20:55:56.801 15932-15932 VlcDvdPlayer            com.ble1st.connectias                D  VlcDvdPlayer: Event received - type: 268, buffering: 7.82645E-4%
2025-12-07 20:55:56.801 15932-15932 VlcDvdPlayer            com.ble1st.connectias                V  VlcDvdPlayer: VLC Event - Position changed: 7.82645E-4
2025-12-07 20:55:56.801 15932-15932 VlcDvdPlayer            com.ble1st.connectias                D  VlcDvdPlayer: Event received - type: 267, buffering: 0.0%
2025-12-07 20:55:56.802 15932-15932 VlcDvdPlayer            com.ble1st.connectias                V  VlcDvdPlayer: VLC Event - Time changed: 4144ms
2025-12-07 20:55:57.052 15932-15932 VlcDvdPlayer            com.ble1st.connectias                D  VlcDvdPlayer: Event received - type: 268, buffering: 8.421784E-4%
2025-12-07 20:55:57.052 15932-15932 VlcDvdPlayer            com.ble1st.connectias                V  VlcDvdPlayer: VLC Event - Position changed: 8.421784E-4
2025-12-07 20:55:57.053 15932-15932 VlcDvdPlayer            com.ble1st.connectias                D  VlcDvdPlayer: Event received - type: 267, buffering: 0.0%
2025-12-07 20:55:57.053 15932-15932 VlcDvdPlayer            com.ble1st.connectias                V  VlcDvdPlayer: VLC Event - Time changed: 4480ms
2025-12-07 20:55:57.197 15932-15932 VlcDvdPlayer            com.ble1st.connectias                V  VlcDvdPlayer: getLengthMs() -> 5304768
2025-12-07 20:55:57.198 15932-15932 VlcDvdPlayer            com.ble1st.connectias                V  VlcDvdPlayer: getTimeMs() -> 4480
2025-12-07 20:55:57.312 15932-15932 VlcDvdPlayer            com.ble1st.connectias                D  VlcDvdPlayer: Event received - type: 268, buffering: 8.7466714E-4%
2025-12-07 20:55:57.313 15932-15932 VlcDvdPlayer            com.ble1st.connectias                V  VlcDvdPlayer: VLC Event - Position changed: 8.7466714E-4
2025-12-07 20:55:57.313 15932-15932 VlcDvdPlayer            com.ble1st.connectias                D  VlcDvdPlayer: Event received - type: 267, buffering: 0.0%
2025-12-07 20:55:57.313 15932-15932 VlcDvdPlayer            com.ble1st.connectias                V  VlcDvdPlayer: VLC Event - Time changed: 4656ms
2025-12-07 20:55:57.569 15932-15932 VlcDvdPlayer            com.ble1st.connectias                D  VlcDvdPlayer: Event received - type: 268, buffering: 9.401146E-4%
2025-12-07 20:55:57.571 15932-15932 VlcDvdPlayer            com.ble1st.connectias                V  VlcDvdPlayer: VLC Event - Position changed: 9.401146E-4
2025-12-07 20:55:57.572 15932-15932 VlcDvdPlayer            com.ble1st.connectias                D  VlcDvdPlayer: Event received - type: 267, buffering: 0.0%
2025-12-07 20:55:57.573 15932-15932 VlcDvdPlayer            com.ble1st.connectias                V  VlcDvdPlayer: VLC Event - Time changed: 4960ms
2025-12-07 20:55:57.704 15932-15932 VlcDvdPlayer            com.ble1st.connectias                V  VlcDvdPlayer: getLengthMs() -> 5304768
2025-12-07 20:55:57.704 15932-15932 VlcDvdPlayer            com.ble1st.connectias                V  VlcDvdPlayer: getTimeMs() -> 4960
2025-12-07 20:55:57.820 15932-15932 VlcDvdPlayer            com.ble1st.connectias                D  VlcDvdPlayer: Event received - type: 268, buffering: 9.7094075E-4%
2025-12-07 20:55:57.820 15932-15932 VlcDvdPlayer            com.ble1st.connectias                V  VlcDvdPlayer: VLC Event - Position changed: 9.7094075E-4
2025-12-07 20:55:57.820 15932-15932 VlcDvdPlayer            com.ble1st.connectias                D  VlcDvdPlayer: Event received - type: 267, buffering: 0.0%
2025-12-07 20:55:57.820 15932-15932 VlcDvdPlayer            com.ble1st.connectias                V  VlcDvdPlayer: VLC Event - Time changed: 5439ms
2025-12-07 20:55:58.069 15932-15932 VlcDvdPlayer            com.ble1st.connectias                D  VlcDvdPlayer: Event received - type: 268, buffering: 0.0010370475%
2025-12-07 20:55:58.070 15932-15932 VlcDvdPlayer            com.ble1st.connectias                V  VlcDvdPlayer: VLC Event - Position changed: 0.0010370475
2025-12-07 20:55:58.070 15932-15932 VlcDvdPlayer            com.ble1st.connectias                D  VlcDvdPlayer: Event received - type: 267, buffering: 0.0%
2025-12-07 20:55:58.070 15932-15932 VlcDvdPlayer            com.ble1st.connectias                V  VlcDvdPlayer: VLC Event - Time changed: 5440ms
2025-12-07 20:55:58.210 15932-15932 VlcDvdPlayer            com.ble1st.connectias                V  VlcDvdPlayer: getLengthMs() -> 5304768
2025-12-07 20:55:58.212 15932-15932 VlcDvdPlayer            com.ble1st.connectias                V  VlcDvdPlayer: getTimeMs() -> 5440
2025-12-07 20:55:58.320 15932-15932 VlcDvdPlayer            com.ble1st.connectias                D  VlcDvdPlayer: Event received - type: 268, buffering: 0.001071798%
2025-12-07 20:55:58.321 15932-15932 VlcDvdPlayer            com.ble1st.connectias                V  VlcDvdPlayer: VLC Event - Position changed: 0.001071798
2025-12-07 20:55:58.321 15932-15932 VlcDvdPlayer            com.ble1st.connectias                D  VlcDvdPlayer: Event received - type: 267, buffering: 0.0%
2025-12-07 20:55:58.321 15932-15932 VlcDvdPlayer            com.ble1st.connectias                V  VlcDvdPlayer: VLC Event - Time changed: 5920ms
2025-12-07 20:55:58.573 15932-15932 VlcDvdPlayer            com.ble1st.connectias                D  VlcDvdPlayer: Event received - type: 268, buffering: 0.0011318235%
2025-12-07 20:55:58.573 15932-15932 VlcDvdPlayer            com.ble1st.connectias                V  VlcDvdPlayer: VLC Event - Position changed: 0.0011318235
2025-12-07 20:55:58.574 15932-15932 VlcDvdPlayer            com.ble1st.connectias                D  VlcDvdPlayer: Event received - type: 267, buffering: 0.0%
2025-12-07 20:55:58.574 15932-15932 VlcDvdPlayer            com.ble1st.connectias                V  VlcDvdPlayer: VLC Event - Time changed: 5920ms
2025-12-07 20:55:58.720 15932-15932 VlcDvdPlayer            com.ble1st.connectias                V  VlcDvdPlayer: getLengthMs() -> 5304768
2025-12-07 20:55:58.721 15932-15932 VlcDvdPlayer            com.ble1st.connectias                V  VlcDvdPlayer: getTimeMs() -> 5920
2025-12-07 20:55:58.822 15932-15932 VlcDvdPlayer            com.ble1st.connectias                D  VlcDvdPlayer: Event received - type: 268, buffering: 0.0011574948%
2025-12-07 20:55:58.822 15932-15932 VlcDvdPlayer            com.ble1st.connectias                V  VlcDvdPlayer: VLC Event - Position changed: 0.0011574948
2025-12-07 20:55:58.823 15932-15932 VlcDvdPlayer            com.ble1st.connectias                D  VlcDvdPlayer: Event received - type: 267, buffering: 0.0%
2025-12-07 20:55:58.823 15932-15932 VlcDvdPlayer            com.ble1st.connectias                V  VlcDvdPlayer: VLC Event - Time changed: 6400ms
2025-12-07 20:55:59.084 15932-15932 VlcDvdPlayer            com.ble1st.connectias                D  VlcDvdPlayer: Event received - type: 268, buffering: 0.0012260842%
2025-12-07 20:55:59.085 15932-15932 VlcDvdPlayer            com.ble1st.connectias                V  VlcDvdPlayer: VLC Event - Position changed: 0.0012260842
2025-12-07 20:55:59.085 15932-15932 VlcDvdPlayer            com.ble1st.connectias                D  VlcDvdPlayer: Event received - type: 267, buffering: 0.0%
2025-12-07 20:55:59.085 15932-15932 VlcDvdPlayer            com.ble1st.connectias                V  VlcDvdPlayer: VLC Event - Time changed: 6480ms
2025-12-07 20:55:59.229 15932-15932 VlcDvdPlayer            com.ble1st.connectias                V  VlcDvdPlayer: getLengthMs() -> 5304768
2025-12-07 20:55:59.230 15932-15932 VlcDvdPlayer            com.ble1st.connectias                V  VlcDvdPlayer: getTimeMs() -> 6480
2025-12-07 20:55:59.337 15932-15932 VlcDvdPlayer            com.ble1st.connectias                D  VlcDvdPlayer: Event received - type: 268, buffering: 0.0012630892%
2025-12-07 20:55:59.337 15932-15932 VlcDvdPlayer            com.ble1st.connectias                V  VlcDvdPlayer: VLC Event - Position changed: 0.0012630892
2025-12-07 20:55:59.337 15932-15932 VlcDvdPlayer            com.ble1st.connectias                D  VlcDvdPlayer: Event received - type: 267, buffering: 0.0%
2025-12-07 20:55:59.338 15932-15932 VlcDvdPlayer            com.ble1st.connectias                V  VlcDvdPlayer: VLC Event - Time changed: 6880ms
2025-12-07 20:55:59.586 15932-15932 VlcDvdPlayer            com.ble1st.connectias                D  VlcDvdPlayer: Event received - type: 268, buffering: 0.0013267273%
2025-12-07 20:55:59.586 15932-15932 VlcDvdPlayer            com.ble1st.connectias                V  VlcDvdPlayer: VLC Event - Position changed: 0.0013267273
2025-12-07 20:55:59.586 15932-15932 VlcDvdPlayer            com.ble1st.connectias                D  VlcDvdPlayer: Event received - type: 267, buffering: 0.0%
2025-12-07 20:55:59.586 15932-15932 VlcDvdPlayer            com.ble1st.connectias                V  VlcDvdPlayer: VLC Event - Time changed: 6929ms
2025-12-07 20:55:59.737 15932-15932 VlcDvdPlayer            com.ble1st.connectias                V  VlcDvdPlayer: getLengthMs() -> 5304768
2025-12-07 20:55:59.738 15932-15932 VlcDvdPlayer            com.ble1st.connectias                V  VlcDvdPlayer: getTimeMs() -> 6929
2025-12-07 20:55:59.837 15932-15932 VlcDvdPlayer            com.ble1st.connectias                D  VlcDvdPlayer: Event received - type: 268, buffering: 0.001371767%
2025-12-07 20:55:59.837 15932-15932 VlcDvdPlayer            com.ble1st.connectias                V  VlcDvdPlayer: VLC Event - Position changed: 0.001371767
2025-12-07 20:55:59.837 15932-15932 VlcDvdPlayer            com.ble1st.connectias                D  VlcDvdPlayer: Event received - type: 267, buffering: 0.0%
2025-12-07 20:55:59.837 15932-15932 VlcDvdPlayer            com.ble1st.connectias                V  VlcDvdPlayer: VLC Event - Time changed: 7360ms
2025-12-07 20:56:00.086 15932-15932 VlcDvdPlayer            com.ble1st.connectias                D  VlcDvdPlayer: Event received - type: 268, buffering: 0.0014338755%
2025-12-07 20:56:00.086 15932-15932 VlcDvdPlayer            com.ble1st.connectias                V  VlcDvdPlayer: VLC Event - Position changed: 0.0014338755
2025-12-07 20:56:00.087 15932-15932 VlcDvdPlayer            com.ble1st.connectias                D  VlcDvdPlayer: Event received - type: 267, buffering: 0.0%
2025-12-07 20:56:00.087 15932-15932 VlcDvdPlayer            com.ble1st.connectias                V  VlcDvdPlayer: VLC Event - Time changed: 7435ms
2025-12-07 20:56:00.247 15932-15932 VlcDvdPlayer            com.ble1st.connectias                V  VlcDvdPlayer: getLengthMs() -> 5304768
2025-12-07 20:56:00.249 15932-15932 VlcDvdPlayer            com.ble1st.connectias                V  VlcDvdPlayer: getTimeMs() -> 7435
2025-12-07 20:56:00.338 15932-15932 VlcDvdPlayer            com.ble1st.connectias                D  VlcDvdPlayer: Event received - type: 268, buffering: 0.0014800413%
2025-12-07 20:56:00.338 15932-15932 VlcDvdPlayer            com.ble1st.connectias                V  VlcDvdPlayer: VLC Event - Position changed: 0.0014800413
2025-12-07 20:56:00.338 15932-15932 VlcDvdPlayer            com.ble1st.connectias                D  VlcDvdPlayer: Event received - type: 267, buffering: 0.0%
2025-12-07 20:56:00.339 15932-15932 VlcDvdPlayer            com.ble1st.connectias                V  VlcDvdPlayer: VLC Event - Time changed: 7840ms
2025-12-07 20:56:00.588 15932-15932 VlcDvdPlayer            com.ble1st.connectias                D  VlcDvdPlayer: Event received - type: 268, buffering: 0.0015387145%
2025-12-07 20:56:00.589 15932-15932 VlcDvdPlayer            com.ble1st.connectias                V  VlcDvdPlayer: VLC Event - Position changed: 0.0015387145
2025-12-07 20:56:00.589 15932-15932 VlcDvdPlayer            com.ble1st.connectias                D  VlcDvdPlayer: Event received - type: 267, buffering: 0.0%
2025-12-07 20:56:00.589 15932-15932 VlcDvdPlayer            com.ble1st.connectias                V  VlcDvdPlayer: VLC Event - Time changed: 7920ms
