2025-12-11 20:10:36.140  1718-19275 AppOps                  system_server                        E  attributionTag  not declared in manifest of com.ble1st.connectias
2025-12-11 20:10:36.141  1718-11016 AppOps                  system_server                        E  attributionTag  not declared in manifest of com.ble1st.connectias
2025-12-11 20:10:36.142  1718-19275 AppOps                  system_server                        E  attributionTag  not declared in manifest of com.ble1st.connectias
2025-12-11 20:10:36.143 11811-11902 VLC                     com.ble1st.connectias                D  [0300cd338cb82590/2e7e] libvlc audio resampler: removing module "ugly"
2025-12-11 20:10:36.143 11811-11902 VLC                     com.ble1st.connectias                D  [0200cd338cb81e90/2e7e] libvlc audio filter: removing module "scaletempo"
2025-12-11 20:10:36.143 11811-11902 VLC                     com.ble1st.connectias                D  [0c00cd338cb81b10/2e7e] libvlc audio converter: removing module "simple_channel_mixer"
2025-12-11 20:10:36.143 11811-11902 VLC                     com.ble1st.connectias                D  [0b00cd338cb83a90/2e7e] libvlc audio converter: removing module "audio_format"
2025-12-11 20:10:36.143 11811-11902 AudioTrack              com.ble1st.connectias                D  stop(424): called with 0 frames delivered
2025-12-11 20:10:36.143  1718-19275 AppOps                  system_server                        E  attributionTag  not declared in manifest of com.ble1st.connectias
2025-12-11 20:10:36.144  1718-11016 AppOps                  system_server                        E  attributionTag  not declared in manifest of com.ble1st.connectias
2025-12-11 20:10:36.145 11811-11902 VLC                     com.ble1st.connectias                D  [0100ccc3343e6c90/2e7e] libvlc volume: removing module "integer_mixer"
2025-12-11 20:10:36.145 11811-11902 VLC                     com.ble1st.connectias                D  [0100ccf7fe985550/2e7e] libvlc generic: keeping audio output
2025-12-11 20:10:36.145 11811-11902 VLC                     com.ble1st.connectias                D  [0a00cd338c98ef10/2e7e] libvlc packetizer: removing module "a52"
2025-12-11 20:10:36.146 11811-11902 VLC                     com.ble1st.connectias                D  [0200cd338c917110/2e7e] libvlc packetizer: looking for packetizer module matching "any": 25 candidates
2025-12-11 20:10:36.146 11811-11902 VLC                     com.ble1st.connectias                D  [0200cd338c917110/2e7e] libvlc packetizer: using packetizer module "a52"
2025-12-11 20:10:36.146 11811-11902 VLC                     com.ble1st.connectias                D  [0f00cd338ca83810/2e7e] libvlc decoder: looking for audio decoder module matching "any": 16 candidates
2025-12-11 20:10:36.146 11811-11902 VLC                     com.ble1st.connectias                D  [0100ccf7fe985550/2e7e] libvlc generic: reusing audio output
2025-12-11 20:10:36.146 11811-11902 VLC                     com.ble1st.connectias                E  [0500cd272899b690/2e7e] libvlc audio output: too low audio sample frequency (0)
2025-12-11 20:10:36.146 11811-11902 VLC                     com.ble1st.connectias                D  [0100ccf7fe985550/2e7e] libvlc generic: keeping audio output
2025-12-11 20:10:36.146 11811-11902 VLC                     com.ble1st.connectias                E  [0f00cd338ca83810/2e7e] libvlc decoder: failed to create audio output
2025-12-11 20:10:36.146 11811-11902 VLC                     com.ble1st.connectias                D  [0f00cd338ca83810/2e7e] libvlc decoder: using ffmpeg Lavc58.134.100
2025-12-11 20:10:36.146 11811-11902 VLC                     com.ble1st.connectias                D  [0f00cd338ca83810/2e7e] libvlc decoder: CPU flags: 0x00000068
2025-12-11 20:10:36.147 11811-11902 VLC                     com.ble1st.connectias                D  [0f00cd338ca83810/2e7e] libvlc decoder: codec (ac3) started
2025-12-11 20:10:36.147 11811-11902 VLC                     com.ble1st.connectias                D  [0f00cd338ca83810/2e7e] libvlc decoder: using audio decoder module "avcodec"
2025-12-11 20:10:36.147 11811-11902 VLC                     com.ble1st.connectias                D  [0100cd988b603c90/2e7e] libvlc input: control type=19
2025-12-11 20:10:36.147 11811-11902 VLC                     com.ble1st.connectias                D  [0100cd988b603c90/2e7e] libvlc input: control type=19
2025-12-11 20:10:36.147 11811-11902 VLC                     com.ble1st.connectias                D  [0100cd988b603c90/2e7e] libvlc input: control type=19
2025-12-11 20:10:36.147 11811-11902 VLC                     com.ble1st.connectias                D  [0100cd988b603c90/2e7e] libvlc input: control type=19
2025-12-11 20:10:36.147 11811-11902 VLC                     com.ble1st.connectias                D  [0100cd988b603c90/2e7e] libvlc input: control type=19
2025-12-11 20:10:36.147 11811-11902 VLC                     com.ble1st.connectias                D  [0100cd988b603c90/2e7e] libvlc input: control type=19
2025-12-11 20:10:36.147 11811-11902 VLC                     com.ble1st.connectias                D  [0100cd988b603c90/2e7e] libvlc input: control type=19
2025-12-11 20:10:36.147 11811-11902 VLC                     com.ble1st.connectias                D  [0100cd988b603c90/2e7e] libvlc input: control type=19
2025-12-11 20:10:36.147 11811-11902 VLC                     com.ble1st.connectias                D  [0100cd988b603c90/2e7e] libvlc input: control type=19
2025-12-11 20:10:36.147 11811-11902 VLC                     com.ble1st.connectias                D  [0100cd988b603c90/2e7e] libvlc input: control type=19
2025-12-11 20:10:36.147 11811-11902 VLC                     com.ble1st.connectias                D  [0100cd988b603c90/2e7e] libvlc input: control type=22
2025-12-11 20:10:36.148 11811-11811 VlcDvdPlayer            com.ble1st.connectias                D  VlcDvdPlayer: Event received - type: 278, buffering: 0.0%
2025-12-11 20:10:36.148 11811-11811 VlcDvdPlayer            com.ble1st.connectias                D  VlcDvdPlayer: Event received - type: 278, buffering: 0.0%
2025-12-11 20:10:36.148 11811-11811 VlcDvdPlayer            com.ble1st.connectias                D  VlcDvdPlayer: VLC Event - Elementary stream selected
2025-12-11 20:10:36.148 11811-11811 VlcDvdPlayer            com.ble1st.connectias                D  VlcDvdPlayer: VLC Event - Elementary stream selected
2025-12-11 20:10:36.149 11811-11811 VlcDvdPlayer            com.ble1st.connectias                D  VlcDvdPlayer: Available audio tracks: 5
2025-12-11 20:10:36.149 11811-11811 VlcDvdPlayer            com.ble1st.connectias                D  VlcDvdPlayer: Available audio tracks: 5
2025-12-11 20:10:36.149 11811-11811 VlcDvdPlayer            com.ble1st.connectias                D  VlcDvdPlayer: Audio track id=-1, name=Disable
2025-12-11 20:10:36.149 11811-11917 VLC                     com.ble1st.connectias                D  [0200cd338c917110/2e8d] libvlc packetizer: A/52 channels:6 samplerate:48000 bitrate:384000
2025-12-11 20:10:36.149 11811-11917 VLC                     com.ble1st.connectias                D  [0f00cd338ca83810/2e8d] libvlc decoder: restarting module due to input format change
2025-12-11 20:10:36.149 11811-11811 VlcDvdPlayer            com.ble1st.connectias                D  VlcDvdPlayer: Audio track id=-1, name=Disable
2025-12-11 20:10:36.150 11811-11811 VlcDvdPlayer            com.ble1st.connectias                D  VlcDvdPlayer: Audio track id=1, name=Track 1
2025-12-11 20:10:36.150 11811-11917 VLC                     com.ble1st.connectias                D  [0f00cd338ca83810/2e8d] libvlc decoder: removing module "avcodec"
2025-12-11 20:10:36.150 11811-11811 VlcDvdPlayer            com.ble1st.connectias                D  VlcDvdPlayer: Audio track id=1, name=Track 1
2025-12-11 20:10:36.150 11811-11811 VlcDvdPlayer            com.ble1st.connectias                D  VlcDvdPlayer: Audio track id=2, name=Track 2
2025-12-11 20:10:36.150 11811-11917 VLC                     com.ble1st.connectias                D  [0f00cd338ca83810/2e8d] libvlc decoder: looking for audio decoder module matching "any": 16 candidates
2025-12-11 20:10:36.150 11811-11811 VlcDvdPlayer            com.ble1st.connectias                D  VlcDvdPlayer: Audio track id=2, name=Track 2
2025-12-11 20:10:36.150 11811-11917 VLC                     com.ble1st.connectias                D  [0100ccf7fe985550/2e8d] libvlc generic: reusing audio output
2025-12-11 20:10:36.151 11811-11811 VlcDvdPlayer            com.ble1st.connectias                D  VlcDvdPlayer: Audio track id=3, name=Track 3
2025-12-11 20:10:36.151 11811-11811 VlcDvdPlayer            com.ble1st.connectias                D  VlcDvdPlayer: Audio track id=3, name=Track 3
2025-12-11 20:10:36.151 11811-11811 VlcDvdPlayer            com.ble1st.connectias                D  VlcDvdPlayer: Audio track id=4, name=Track 4
2025-12-11 20:10:36.151 11811-11811 VlcDvdPlayer            com.ble1st.connectias                D  VlcDvdPlayer: Audio track id=4, name=Track 4
2025-12-11 20:10:36.151 11811-11917 VLC                     com.ble1st.connectias                D  [0500cd272899b690/2e8d] libvlc audio output: VLC is looking for: 'a52 ' 48000 Hz 3F2R/LFE frame=1536 samples/1536 bytes
2025-12-11 20:10:36.151 11811-11811 VlcDvdPlayer            com.ble1st.connectias                D  VlcDvdPlayer: Available subtitle tracks: 0
2025-12-11 20:10:36.151 11811-11917 VLC                     com.ble1st.connectias                E  [0500cd272899b690/2e8d] libvlc audio output: module not functional
2025-12-11 20:10:36.151 11811-11917 VLC                     com.ble1st.connectias                D  [0100ccf7fe985550/2e8d] libvlc generic: keeping audio output
2025-12-11 20:10:36.151 11811-11917 VLC                     com.ble1st.connectias                E  [0f00cd338ca83810/2e8d] libvlc decoder: failed to create audio output
2025-12-11 20:10:36.151 11811-11811 VlcDvdPlayer            com.ble1st.connectias                D  VlcDvdPlayer: Available subtitle tracks: 0
2025-12-11 20:10:36.151 11811-11917 VLC                     com.ble1st.connectias                D  [0f00cd338ca83810/2e8d] libvlc decoder: using ffmpeg Lavc58.134.100
2025-12-11 20:10:36.151 11811-11917 VLC                     com.ble1st.connectias                D  [0f00cd338ca83810/2e8d] libvlc decoder: CPU flags: 0x00000068
2025-12-11 20:10:36.151 11811-11811 VlcDvdPlayer            com.ble1st.connectias                I  VlcDvdPlayer: Setting audio track to 2 (requested id=1, lang=de)
2025-12-11 20:10:36.152 11811-11811 VlcDvdPlayer            com.ble1st.connectias                I  VlcDvdPlayer: Setting audio track to 2 (requested id=1, lang=de)
2025-12-11 20:10:36.152 11811-11902 VLC                     com.ble1st.connectias                D  [0100cd988b603c90/2e7e] libvlc input: control type=19
2025-12-11 20:10:36.152 11811-11811 VlcDvdPlayer            com.ble1st.connectias                W  VlcDvdPlayer: Could not resolve subtitle track for id=1 lang=de
2025-12-11 20:10:36.152 11811-11811 VlcDvdPlayer            com.ble1st.connectias                W  VlcDvdPlayer: Could not resolve subtitle track for id=1 lang=de
2025-12-11 20:10:36.152 11811-11811 VlcDvdPlayer            com.ble1st.connectias                D  VlcDvdPlayer: Tracks partially resolved (audio=true, sub=false) (attempt 1/30), retrying in 500ms
2025-12-11 20:10:36.152 11811-11811 VlcDvdPlayer            com.ble1st.connectias                D  VlcDvdPlayer: Tracks partially resolved (audio=true, sub=false) (attempt 1/30), retrying in 500ms
2025-12-11 20:10:36.155 11811-11917 VLC                     com.ble1st.connectias                D  [0f00cd338ca83810/2e8d] libvlc decoder: codec (ac3) started
2025-12-11 20:10:36.155 11811-11917 VLC                     com.ble1st.connectias                D  [0f00cd338ca83810/2e8d] libvlc decoder: using audio decoder module "avcodec"
2025-12-11 20:10:36.155 11811-11917 VLC                     com.ble1st.connectias                D  [0100ccf7fe985550/2e8d] libvlc generic: reusing audio output
2025-12-11 20:10:36.155 11811-11917 VLC                     com.ble1st.connectias                D  [0500cd272899b690/2e8d] libvlc audio output: VLC is looking for: 'f32l' 48000 Hz 3F2M/LFE frame=1 samples/24 bytes
2025-12-11 20:10:36.173 11811-11917 AudioTrack              com.ble1st.connectias                W  Use of stream types is deprecated for operations other than volume control
2025-12-11 20:10:36.173 11811-11917 AudioTrack              com.ble1st.connectias                W  See the documentation of AudioTrack() for what to use instead with android.media.AudioAttributes to qualify your playback use case
2025-12-11 20:10:36.232 11811-11917 VLC                     com.ble1st.connectias                D  [0500cd272899b690/2e8d] libvlc audio output: using WRITE_BYTEARRAYV23
2025-12-11 20:10:36.234 11811-11811 VlcDvdPlayer            com.ble1st.connectias                D  VlcDvdPlayer: Available audio tracks: 5
2025-12-11 20:10:36.235 11811-11811 VlcDvdPlayer            com.ble1st.connectias                D  VlcDvdPlayer: Available audio tracks: 5
2025-12-11 20:10:36.235 11811-11811 VlcDvdPlayer            com.ble1st.connectias                D  VlcDvdPlayer: Audio track id=-1, name=Disable
2025-12-11 20:10:36.235 11811-11811 VlcDvdPlayer            com.ble1st.connectias                D  VlcDvdPlayer: Audio track id=-1, name=Disable
2025-12-11 20:10:36.236 11811-11811 VlcDvdPlayer            com.ble1st.connectias                D  VlcDvdPlayer: Audio track id=1, name=Track 1
2025-12-11 20:10:36.236 11811-11811 VlcDvdPlayer            com.ble1st.connectias                D  VlcDvdPlayer: Audio track id=1, name=Track 1
2025-12-11 20:10:36.236 11811-11811 VlcDvdPlayer            com.ble1st.connectias                D  VlcDvdPlayer: Audio track id=2, name=Track 2
2025-12-11 20:10:36.236 11811-11811 VlcDvdPlayer            com.ble1st.connectias                D  VlcDvdPlayer: Audio track id=2, name=Track 2
2025-12-11 20:10:36.236 11811-11811 VlcDvdPlayer            com.ble1st.connectias                D  VlcDvdPlayer: Audio track id=3, name=Track 3
2025-12-11 20:10:36.237 11811-11811 VlcDvdPlayer            com.ble1st.connectias                D  VlcDvdPlayer: Audio track id=3, name=Track 3
2025-12-11 20:10:36.237 11811-11811 VlcDvdPlayer            com.ble1st.connectias                D  VlcDvdPlayer: Audio track id=4, name=Track 4
2025-12-11 20:10:36.237 11811-11811 VlcDvdPlayer            com.ble1st.connectias                D  VlcDvdPlayer: Audio track id=4, name=Track 4
2025-12-11 20:10:36.237 11811-11811 VlcDvdPlayer            com.ble1st.connectias                D  VlcDvdPlayer: Available subtitle tracks: 0
2025-12-11 20:10:36.238 11811-11811 VlcDvdPlayer            com.ble1st.connectias                D  VlcDvdPlayer: Available subtitle tracks: 0
2025-12-11 20:10:36.238 11811-11811 VlcDvdPlayer            com.ble1st.connectias                I  VlcDvdPlayer: Setting audio track to 2 (requested id=1, lang=de)
2025-12-11 20:10:36.238 11811-11811 VlcDvdPlayer            com.ble1st.connectias                I  VlcDvdPlayer: Setting audio track to 2 (requested id=1, lang=de)
2025-12-11 20:10:36.239 11811-11811 VlcDvdPlayer            com.ble1st.connectias                W  VlcDvdPlayer: Could not resolve subtitle track for id=1 lang=de
2025-12-11 20:10:36.238  1718-11016 AppOps                  system_server                        E  attributionTag  not declared in manifest of com.ble1st.connectias
2025-12-11 20:10:36.239 11811-11811 VlcDvdPlayer            com.ble1st.connectias                W  VlcDvdPlayer: Could not resolve subtitle track for id=1 lang=de
2025-12-11 20:10:36.239 11811-11811 VlcDvdPlayer            com.ble1st.connectias                D  VlcDvdPlayer: Tracks partially resolved (audio=true, sub=false) (attempt 16/30), retrying in 500ms
2025-12-11 20:10:36.239  1718-3520  AppOps                  system_server                        E  attributionTag  not declared in manifest of com.ble1st.connectias
2025-12-11 20:10:36.240 11811-11811 VlcDvdPlayer            com.ble1st.connectias                D  VlcDvdPlayer: Tracks partially resolved (audio=true, sub=false) (attempt 16/30), retrying in 500ms
2025-12-11 20:10:36.240 11811-11902 VLC                     com.ble1st.connectias                D  [0100cd988b603c90/2e7e] libvlc input: control type=19
2025-12-11 20:10:36.240 11811-11811 VlcDvdPlayer            com.ble1st.connectias                D  VlcDvdPlayer: Available audio tracks: 5
2025-12-11 20:10:36.240 11811-11917 VLC                     com.ble1st.connectias                D  [0500cd272899b690/2e8d] libvlc audio output: VLC will output: 's16l' 48000 Hz Stereo frame=1 samples/4 bytes
2025-12-11 20:10:36.240 11811-11917 VLC                     com.ble1st.connectias                D  [0500cd272899b690/2e8d] libvlc audio output: output 's16l' 48000 Hz Stereo frame=1 samples/4 bytes
2025-12-11 20:10:36.240 11811-11917 VLC                     com.ble1st.connectias                D  [0900ccc334376b90/2e8d] libvlc volume: looking for audio volume module matching "any": 2 candidates
2025-12-11 20:10:36.240 11811-11917 VLC                     com.ble1st.connectias                D  [0900ccc334376b90/2e8d] libvlc volume: using audio volume module "integer_mixer"
2025-12-11 20:10:36.240 11811-11917 VLC                     com.ble1st.connectias                D  [0500cd272899b690/2e8d] libvlc audio output: input 'f32l' 48000 Hz 3F2M/LFE frame=1 samples/24 bytes
2025-12-11 20:10:36.240 11811-11811 VlcDvdPlayer            com.ble1st.connectias                D  VlcDvdPlayer: Available audio tracks: 5
2025-12-11 20:10:36.240 11811-11917 VLC                     com.ble1st.connectias                D  [0300cd338cb13390/2e8d] libvlc audio filter: looking for audio filter module matching "scaletempo": 15 candidates
2025-12-11 20:10:36.240 11811-11917 VLC                     com.ble1st.connectias                D  [0300cd338cb13390/2e8d] libvlc audio filter: format: 48000 rate, 6 nch, 4 bps, fl32
2025-12-11 20:10:36.241 11811-11917 VLC                     com.ble1st.connectias                D  [0300cd338cb13390/2e8d] libvlc audio filter: params: 30 stride, 0.200 overlap, 14 search
2025-12-11 20:10:36.241 11811-11917 VLC                     com.ble1st.connectias                D  [0300cd338cb13390/2e8d] libvlc audio filter: 1.000 scale, 1440.000 stride_in, 1440 stride_out, 1152 standing, 288 overlap, 672 search, 2400 queue, fl32 mode
2025-12-11 20:10:36.241 11811-11917 VLC                     com.ble1st.connectias                D  [0300cd338cb13390/2e8d] libvlc audio filter: using audio filter module "scaletempo"
2025-12-11 20:10:36.241 11811-11917 VLC                     com.ble1st.connectias                D  [0500cd272899b690/2e8d] libvlc audio output: conversion: 'f32l'->'f32l' 48000 Hz->48000 Hz 3F2M/LFE->3F2M/LFE
2025-12-11 20:10:36.241 11811-11917 VLC                     com.ble1st.connectias                D  [0500cd272899b690/2e8d] libvlc audio output: conversion pipeline complete
2025-12-11 20:10:36.241 11811-11811 VlcDvdPlayer            com.ble1st.connectias                D  VlcDvdPlayer: Audio track id=-1, name=Disable
2025-12-11 20:10:36.241 11811-11917 VLC                     com.ble1st.connectias                D  [0500cd272899b690/2e8d] libvlc audio output: conversion: 'f32l'->'s16l' 48000 Hz->48000 Hz 3F2M/LFE->Stereo
2025-12-11 20:10:36.241 11811-11917 VLC                     com.ble1st.connectias                D  [0c00cd338caa5690/2e8d] libvlc audio converter: looking for audio converter module matching "any": 7 candidates
2025-12-11 20:10:36.241 11811-11917 VLC                     com.ble1st.connectias                D  [0c00cd338caa5690/2e8d] libvlc audio converter: using audio converter module "simple_channel_mixer"
2025-12-11 20:10:36.241 11811-11917 VLC                     com.ble1st.connectias                D  [0100cd338ca9e310/2e8d] libvlc audio converter: looking for audio converter module matching "any": 7 candidates
2025-12-11 20:10:36.241 11811-11917 VLC                     com.ble1st.connectias                D  [0100cd338ca9e310/2e8d] libvlc audio converter: f32l->s16l, bits per sample: 32->16
2025-12-11 20:10:36.241 11811-11917 VLC                     com.ble1st.connectias                D  [0100cd338ca9e310/2e8d] libvlc audio converter: using audio converter module "audio_format"
2025-12-11 20:10:36.241 11811-11917 VLC                     com.ble1st.connectias                D  [0500cd272899b690/2e8d] libvlc audio output: conversion pipeline complete
2025-12-11 20:10:36.241 11811-11917 VLC                     com.ble1st.connectias                D  [0e00cd338cb7f810/2e8d] libvlc audio resampler: looking for audio resampler module matching "any": 2 candidates
2025-12-11 20:10:36.241 11811-11917 VLC                     com.ble1st.connectias                D  [0e00cd338cb7f810/2e8d] libvlc audio resampler: using audio resampler module "ugly"
2025-12-11 20:10:36.241 11811-11811 VlcDvdPlayer            com.ble1st.connectias                D  VlcDvdPlayer: Audio track id=-1, name=Disable
2025-12-11 20:10:36.242 11811-11917 VLC                     com.ble1st.connectias                W  [0500cd272899b690/2e8d] libvlc audio output: playback way too early (-282336): playing silence
2025-12-11 20:10:36.242 11811-11811 VlcDvdPlayer            com.ble1st.connectias                D  VlcDvdPlayer: Audio track id=1, name=Track 1
2025-12-11 20:10:36.242 11811-11917 VLC                     com.ble1st.connectias                D  [0500cd272899b690/2e8d] libvlc audio output: inserting 13552 zeroes
2025-12-11 20:10:36.243 11811-11811 VlcDvdPlayer            com.ble1st.connectias                D  VlcDvdPlayer: Audio track id=1, name=Track 1
2025-12-11 20:10:36.243 11811-11811 VlcDvdPlayer            com.ble1st.connectias                D  VlcDvdPlayer: Audio track id=2, name=Track 2
2025-12-11 20:10:36.243 11811-11811 VlcDvdPlayer            com.ble1st.connectias                D  VlcDvdPlayer: Audio track id=2, name=Track 2
2025-12-11 20:10:36.243 11811-11811 VlcDvdPlayer            com.ble1st.connectias                D  VlcDvdPlayer: Audio track id=3, name=Track 3
2025-12-11 20:10:36.243 11811-11811 VlcDvdPlayer            com.ble1st.connectias                D  VlcDvdPlayer: Audio track id=3, name=Track 3
2025-12-11 20:10:36.243 11811-11811 VlcDvdPlayer            com.ble1st.connectias                D  VlcDvdPlayer: Audio track id=4, name=Track 4
2025-12-11 20:10:36.243 11811-11811 VlcDvdPlayer            com.ble1st.connectias                D  VlcDvdPlayer: Audio track id=4, name=Track 4
2025-12-11 20:10:36.244 11811-11811 VlcDvdPlayer            com.ble1st.connectias                D  VlcDvdPlayer: Available subtitle tracks: 0
2025-12-11 20:10:36.244 11811-11811 VlcDvdPlayer            com.ble1st.connectias                D  VlcDvdPlayer: Available subtitle tracks: 0
2025-12-11 20:10:36.244 11811-11811 VlcDvdPlayer            com.ble1st.connectias                I  VlcDvdPlayer: Setting audio track to 2 (requested id=1, lang=de)
2025-12-11 20:10:36.244 11811-11811 VlcDvdPlayer            com.ble1st.connectias                I  VlcDvdPlayer: Setting audio track to 2 (requested id=1, lang=de)
2025-12-11 20:10:36.244 11811-11902 VLC                     com.ble1st.connectias                D  [0100cd988b603c90/2e7e] libvlc input: control type=19
2025-12-11 20:10:36.245 11811-11811 VlcDvdPlayer            com.ble1st.connectias                W  VlcDvdPlayer: Could not resolve subtitle track for id=1 lang=de
2025-12-11 20:10:36.245 11811-11811 VlcDvdPlayer            com.ble1st.connectias                W  VlcDvdPlayer: Could not resolve subtitle track for id=1 lang=de
2025-12-11 20:10:36.245 11811-11811 VlcDvdPlayer            com.ble1st.connectias                D  VlcDvdPlayer: Tracks partially resolved (audio=true, sub=false) (attempt 16/30), retrying in 500ms
2025-12-11 20:10:36.245 11811-11811 VlcDvdPlayer            com.ble1st.connectias                D  VlcDvdPlayer: Tracks partially resolved (audio=true, sub=false) (attempt 16/30), retrying in 500ms
2025-12-11 20:10:36.246 11811-11811 VlcDvdPlayer            com.ble1st.connectias                D  VlcDvdPlayer: Available audio tracks: 5
2025-12-11 20:10:36.246 11811-11811 VlcDvdPlayer            com.ble1st.connectias                D  VlcDvdPlayer: Available audio tracks: 5
2025-12-11 20:10:36.246 11811-11811 VlcDvdPlayer            com.ble1st.connectias                D  VlcDvdPlayer: Audio track id=-1, name=Disable
2025-12-11 20:10:36.247 11811-11811 VlcDvdPlayer            com.ble1st.connectias                D  VlcDvdPlayer: Audio track id=-1, name=Disable
2025-12-11 20:10:36.247 11811-11811 VlcDvdPlayer            com.ble1st.connectias                D  VlcDvdPlayer: Audio track id=1, name=Track 1
2025-12-11 20:10:36.247 11811-11811 VlcDvdPlayer            com.ble1st.connectias                D  VlcDvdPlayer: Audio track id=1, name=Track 1
2025-12-11 20:10:36.247 11811-11811 VlcDvdPlayer            com.ble1st.connectias                D  VlcDvdPlayer: Audio track id=2, name=Track 2
2025-12-11 20:10:36.247 11811-11811 VlcDvdPlayer            com.ble1st.connectias                D  VlcDvdPlayer: Audio track id=2, name=Track 2
2025-12-11 20:10:36.248 11811-11811 VlcDvdPlayer            com.ble1st.connectias                D  VlcDvdPlayer: Audio track id=3, name=Track 3
2025-12-11 20:10:36.248 11811-11811 VlcDvdPlayer            com.ble1st.connectias                D  VlcDvdPlayer: Audio track id=3, name=Track 3
2025-12-11 20:10:36.248 11811-11811 VlcDvdPlayer            com.ble1st.connectias                D  VlcDvdPlayer: Audio track id=4, name=Track 4
2025-12-11 20:10:36.248 11811-11811 VlcDvdPlayer            com.ble1st.connectias                D  VlcDvdPlayer: Audio track id=4, name=Track 4
2025-12-11 20:10:36.248 11811-11811 VlcDvdPlayer            com.ble1st.connectias                D  VlcDvdPlayer: Available subtitle tracks: 0
2025-12-11 20:10:36.248 11811-11811 VlcDvdPlayer            com.ble1st.connectias                D  VlcDvdPlayer: Available subtitle tracks: 0
2025-12-11 20:10:36.248 11811-11811 VlcDvdPlayer            com.ble1st.connectias                I  VlcDvdPlayer: Setting audio track to 2 (requested id=1, lang=de)
2025-12-11 20:10:36.249 11811-11811 VlcDvdPlayer            com.ble1st.connectias                I  VlcDvdPlayer: Setting audio track to 2 (requested id=1, lang=de)
2025-12-11 20:10:36.249 11811-11902 VLC                     com.ble1st.connectias                D  [0100cd988b603c90/2e7e] libvlc input: control type=19
2025-12-11 20:10:36.249 11811-11811 VlcDvdPlayer            com.ble1st.connectias                W  VlcDvdPlayer: Could not resolve subtitle track for id=1 lang=de
2025-12-11 20:10:36.249 11811-11811 VlcDvdPlayer            com.ble1st.connectias                W  VlcDvdPlayer: Could not resolve subtitle track for id=1 lang=de
2025-12-11 20:10:36.249 11811-11811 VlcDvdPlayer            com.ble1st.connectias                W  VlcDvdPlayer: Giving up after 30 attempts (audio=true, sub=false) but will keep waiting for ES events
2025-12-11 20:10:36.249 11811-11811 VlcDvdPlayer            com.ble1st.connectias                W  VlcDvdPlayer: Giving up after 30 attempts (audio=true, sub=false) but will keep waiting for ES events
2025-12-11 20:10:36.278 11811-11811 VlcDvdPlayer            com.ble1st.connectias                D  VlcDvdPlayer: Event received - type: 268, buffering: 0.0%
2025-12-11 20:10:36.279 11811-11811 VlcDvdPlayer            com.ble1st.connectias                D  VlcDvdPlayer: Event received - type: 268, buffering: 0.0%
2025-12-11 20:10:36.279 11811-11811 VlcDvdPlayer            com.ble1st.connectias                V  VlcDvdPlayer: VLC Event - Position changed: 0.0
2025-12-11 20:10:36.279 11811-11811 VlcDvdPlayer            com.ble1st.connectias                V  VlcDvdPlayer: VLC Event - Position changed: 0.0
2025-12-11 20:10:36.279 11811-11811 VlcDvdPlayer            com.ble1st.connectias                D  VlcDvdPlayer: Event received - type: 267, buffering: 0.0%
2025-12-11 20:10:36.280 11811-11811 VlcDvdPlayer            com.ble1st.connectias                D  VlcDvdPlayer: Event received - type: 267, buffering: 0.0%
2025-12-11 20:10:36.280 11811-11811 VlcDvdPlayer            com.ble1st.connectias                V  VlcDvdPlayer: VLC Event - Time changed: 161ms
2025-12-11 20:10:36.280 11811-11811 VlcDvdPlayer            com.ble1st.connectias                V  VlcDvdPlayer: VLC Event - Time changed: 161ms
2025-12-11 20:10:36.476 11811-11811 VlcDvdPlayer            com.ble1st.connectias                V  VlcDvdPlayer: getLengthMs() -> 5304768
2025-12-11 20:10:36.476 11811-11811 VlcDvdPlayer            com.ble1st.connectias                V  VlcDvdPlayer: getLengthMs() -> 5304768
2025-12-11 20:10:36.476 11811-11811 VlcDvdPlayer            com.ble1st.connectias                V  VlcDvdPlayer: getTimeMs() -> 161
2025-12-11 20:10:36.476 11811-11811 VlcDvdPlayer            com.ble1st.connectias                V  VlcDvdPlayer: getTimeMs() -> 161
2025-12-11 20:10:36.532 11811-11811 VlcDvdPlayer            com.ble1st.connectias                D  VlcDvdPlayer: Event received - type: 268, buffering: 0.0%
2025-12-11 20:10:36.532 11811-11811 VlcDvdPlayer            com.ble1st.connectias                D  VlcDvdPlayer: Event received - type: 268, buffering: 0.0%
2025-12-11 20:10:36.533 11811-11811 VlcDvdPlayer            com.ble1st.connectias                V  VlcDvdPlayer: VLC Event - Position changed: 0.0
2025-12-11 20:10:36.533 11811-11811 VlcDvdPlayer            com.ble1st.connectias                V  VlcDvdPlayer: VLC Event - Position changed: 0.0
2025-12-11 20:10:36.534 11811-11811 VlcDvdPlayer            com.ble1st.connectias                D  VlcDvdPlayer: Event received - type: 267, buffering: 0.0%
2025-12-11 20:10:36.535 11811-11811 VlcDvdPlayer            com.ble1st.connectias                D  VlcDvdPlayer: Event received - type: 267, buffering: 0.0%
2025-12-11 20:10:36.535 11811-11811 VlcDvdPlayer            com.ble1st.connectias                V  VlcDvdPlayer: VLC Event - Time changed: 208ms
2025-12-11 20:10:36.535 11811-11811 VlcDvdPlayer            com.ble1st.connectias                V  VlcDvdPlayer: VLC Event - Time changed: 208ms
2025-12-11 20:10:36.545 11811-11811 VlcDvdPlayer            com.ble1st.connectias                D  VlcDvdPlayer: Available audio tracks: 5
2025-12-11 20:10:36.546 11811-11811 VlcDvdPlayer            com.ble1st.connectias                D  VlcDvdPlayer: Available audio tracks: 5
2025-12-11 20:10:36.547 11811-11811 VlcDvdPlayer            com.ble1st.connectias                D  VlcDvdPlayer: Audio track id=-1, name=Disable
2025-12-11 20:10:36.548 11811-11811 VlcDvdPlayer            com.ble1st.connectias                D  VlcDvdPlayer: Audio track id=-1, name=Disable
2025-12-11 20:10:36.549 11811-11811 VlcDvdPlayer            com.ble1st.connectias                D  VlcDvdPlayer: Audio track id=1, name=Track 1
2025-12-11 20:10:36.549 11811-11811 VlcDvdPlayer            com.ble1st.connectias                D  VlcDvdPlayer: Audio track id=1, name=Track 1
2025-12-11 20:10:36.550 11811-11811 VlcDvdPlayer            com.ble1st.connectias                D  VlcDvdPlayer: Audio track id=2, name=Track 2
2025-12-11 20:10:36.551 11811-11811 VlcDvdPlayer            com.ble1st.connectias                D  VlcDvdPlayer: Audio track id=2, name=Track 2
2025-12-11 20:10:36.552 11811-11811 VlcDvdPlayer            com.ble1st.connectias                D  VlcDvdPlayer: Audio track id=3, name=Track 3
2025-12-11 20:10:36.553 11811-11811 VlcDvdPlayer            com.ble1st.connectias                D  VlcDvdPlayer: Audio track id=3, name=Track 3
2025-12-11 20:10:36.554 11811-11811 VlcDvdPlayer            com.ble1st.connectias                D  VlcDvdPlayer: Audio track id=4, name=Track 4
2025-12-11 20:10:36.554 11811-11811 VlcDvdPlayer            com.ble1st.connectias                D  VlcDvdPlayer: Audio track id=4, name=Track 4
2025-12-11 20:10:36.555 11811-11811 VlcDvdPlayer            com.ble1st.connectias                D  VlcDvdPlayer: Available subtitle tracks: 0
2025-12-11 20:10:36.555 11811-11811 VlcDvdPlayer            com.ble1st.connectias                D  VlcDvdPlayer: Available subtitle tracks: 0
2025-12-11 20:10:36.555 11811-11811 VlcDvdPlayer            com.ble1st.connectias                I  VlcDvdPlayer: Setting audio track to 2 (requested id=1, lang=de)
2025-12-11 20:10:36.555 11811-11811 VlcDvdPlayer            com.ble1st.connectias                I  VlcDvdPlayer: Setting audio track to 2 (requested id=1, lang=de)
2025-12-11 20:10:36.555 11811-11902 VLC                     com.ble1st.connectias                D  [0100cd988b603c90/2e7e] libvlc input: control type=19
2025-12-11 20:10:36.555 11811-11811 VlcDvdPlayer            com.ble1st.connectias                W  VlcDvdPlayer: Could not resolve subtitle track for id=1 lang=de
2025-12-11 20:10:36.555 11811-11811 VlcDvdPlayer            com.ble1st.connectias                W  VlcDvdPlayer: Could not resolve subtitle track for id=1 lang=de
2025-12-11 20:10:36.556 11811-11811 VlcDvdPlayer            com.ble1st.connectias                D  VlcDvdPlayer: Tracks partially resolved (audio=true, sub=false) (attempt 2/30), retrying in 500ms
2025-12-11 20:10:36.556 11811-11811 VlcDvdPlayer            com.ble1st.connectias                D  VlcDvdPlayer: Tracks partially resolved (audio=true, sub=false) (attempt 2/30), retrying in 500ms
2025-12-11 20:10:36.569 11811-11811 VlcDvdPlayer            com.ble1st.connectias                D  VlcDvdPlayer: Available audio tracks: 5
2025-12-11 20:10:36.570 11811-11811 VlcDvdPlayer            com.ble1st.connectias                D  VlcDvdPlayer: Available audio tracks: 5
2025-12-11 20:10:36.571 11811-11811 VlcDvdPlayer            com.ble1st.connectias                D  VlcDvdPlayer: Audio track id=-1, name=Disable
2025-12-11 20:10:36.572 11811-11811 VlcDvdPlayer            com.ble1st.connectias                D  VlcDvdPlayer: Audio track id=-1, name=Disable
2025-12-11 20:10:36.573 11811-11811 VlcDvdPlayer            com.ble1st.connectias                D  VlcDvdPlayer: Audio track id=1, name=Track 1
2025-12-11 20:10:36.574 11811-11811 VlcDvdPlayer            com.ble1st.connectias                D  VlcDvdPlayer: Audio track id=1, name=Track 1
2025-12-11 20:10:36.575 11811-11811 VlcDvdPlayer            com.ble1st.connectias                D  VlcDvdPlayer: Audio track id=2, name=Track 2
2025-12-11 20:10:36.576 11811-11811 VlcDvdPlayer            com.ble1st.connectias                D  VlcDvdPlayer: Audio track id=2, name=Track 2
2025-12-11 20:10:36.577 11811-11811 VlcDvdPlayer            com.ble1st.connectias                D  VlcDvdPlayer: Audio track id=3, name=Track 3
2025-12-11 20:10:36.577 11811-11811 VlcDvdPlayer            com.ble1st.connectias                D  VlcDvdPlayer: Audio track id=3, name=Track 3
2025-12-11 20:10:36.578 11811-11811 VlcDvdPlayer            com.ble1st.connectias                D  VlcDvdPlayer: Audio track id=4, name=Track 4
2025-12-11 20:10:36.579 11811-11811 VlcDvdPlayer            com.ble1st.connectias                D  VlcDvdPlayer: Audio track id=4, name=Track 4
2025-12-11 20:10:36.580 11811-11811 VlcDvdPlayer            com.ble1st.connectias                D  VlcDvdPlayer: Available subtitle tracks: 0
2025-12-11 20:10:36.580 11811-11811 VlcDvdPlayer            com.ble1st.connectias                D  VlcDvdPlayer: Available subtitle tracks: 0
2025-12-11 20:10:36.581 11811-11811 VlcDvdPlayer            com.ble1st.connectias                I  VlcDvdPlayer: Setting audio track to 2 (requested id=1, lang=de)
2025-12-11 20:10:36.582 11811-11811 VlcDvdPlayer            com.ble1st.connectias                I  VlcDvdPlayer: Setting audio track to 2 (requested id=1, lang=de)
2025-12-11 20:10:36.582 11811-11902 VLC                     com.ble1st.connectias                D  [0100cd988b603c90/2e7e] libvlc input: control type=19
2025-12-11 20:10:36.583 11811-11811 VlcDvdPlayer            com.ble1st.connectias                W  VlcDvdPlayer: Could not resolve subtitle track for id=1 lang=de
2025-12-11 20:10:36.583 11811-11811 VlcDvdPlayer            com.ble1st.connectias                W  VlcDvdPlayer: Could not resolve subtitle track for id=1 lang=de
2025-12-11 20:10:36.583 11811-11811 VlcDvdPlayer            com.ble1st.connectias                D  VlcDvdPlayer: Tracks partially resolved (audio=true, sub=false) (attempt 2/30), retrying in 500ms
2025-12-11 20:10:36.583 11811-11811 VlcDvdPlayer            com.ble1st.connectias                D  VlcDvdPlayer: Tracks partially resolved (audio=true, sub=false) (attempt 2/30), retrying in 500ms
2025-12-11 20:10:36.583 11811-11811 VlcDvdPlayer            com.ble1st.connectias                D  VlcDvdPlayer: Available audio tracks: 5
2025-12-11 20:10:36.583 11811-11811 VlcDvdPlayer            com.ble1st.connectias                D  VlcDvdPlayer: Available audio tracks: 5
2025-12-11 20:10:36.583 11811-11811 VlcDvdPlayer            com.ble1st.connectias                D  VlcDvdPlayer: Audio track id=-1, name=Disable
2025-12-11 20:10:36.583 11811-11811 VlcDvdPlayer            com.ble1st.connectias                D  VlcDvdPlayer: Audio track id=-1, name=Disable
2025-12-11 20:10:36.584 11811-11811 VlcDvdPlayer            com.ble1st.connectias                D  VlcDvdPlayer: Audio track id=1, name=Track 1
2025-12-11 20:10:36.584 11811-11811 VlcDvdPlayer            com.ble1st.connectias                D  VlcDvdPlayer: Audio track id=1, name=Track 1
2025-12-11 20:10:36.584 11811-11811 VlcDvdPlayer            com.ble1st.connectias                D  VlcDvdPlayer: Audio track id=2, name=Track 2
2025-12-11 20:10:36.584 11811-11811 VlcDvdPlayer            com.ble1st.connectias                D  VlcDvdPlayer: Audio track id=2, name=Track 2
2025-12-11 20:10:36.584 11811-11811 VlcDvdPlayer            com.ble1st.connectias                D  VlcDvdPlayer: Audio track id=3, name=Track 3
2025-12-11 20:10:36.584 11811-11811 VlcDvdPlayer            com.ble1st.connectias                D  VlcDvdPlayer: Audio track id=3, name=Track 3
2025-12-11 20:10:36.584 11811-11811 VlcDvdPlayer            com.ble1st.connectias                D  VlcDvdPlayer: Audio track id=4, name=Track 4
2025-12-11 20:10:36.584 11811-11811 VlcDvdPlayer            com.ble1st.connectias                D  VlcDvdPlayer: Audio track id=4, name=Track 4
2025-12-11 20:10:36.584 11811-11811 VlcDvdPlayer            com.ble1st.connectias                D  VlcDvdPlayer: Available subtitle tracks: 0
2025-12-11 20:10:36.584 11811-11811 VlcDvdPlayer            com.ble1st.connectias                D  VlcDvdPlayer: Available subtitle tracks: 0
2025-12-11 20:10:36.584 11811-11811 VlcDvdPlayer            com.ble1st.connectias                I  VlcDvdPlayer: Setting audio track to 2 (requested id=1, lang=de)
2025-12-11 20:10:36.584 11811-11811 VlcDvdPlayer            com.ble1st.connectias                I  VlcDvdPlayer: Setting audio track to 2 (requested id=1, lang=de)
2025-12-11 20:10:36.585 11811-11902 VLC                     com.ble1st.connectias                D  [0100cd988b603c90/2e7e] libvlc input: control type=19
2025-12-11 20:10:36.585 11811-11811 VlcDvdPlayer            com.ble1st.connectias                W  VlcDvdPlayer: Could not resolve subtitle track for id=1 lang=de
2025-12-11 20:10:36.585 11811-11811 VlcDvdPlayer            com.ble1st.connectias                W  VlcDvdPlayer: Could not resolve subtitle track for id=1 lang=de
2025-12-11 20:10:36.585 11811-11811 VlcDvdPlayer            com.ble1st.connectias                D  VlcDvdPlayer: Tracks partially resolved (audio=true, sub=false) (attempt 2/30), retrying in 500ms
2025-12-11 20:10:36.585 11811-11811 VlcDvdPlayer            com.ble1st.connectias                D  VlcDvdPlayer: Tracks partially resolved (audio=true, sub=false) (attempt 2/30), retrying in 500ms
2025-12-11 20:10:36.585 11811-11811 VlcDvdPlayer            com.ble1st.connectias                D  VlcDvdPlayer: Available audio tracks: 5
2025-12-11 20:10:36.585 11811-11811 VlcDvdPlayer            com.ble1st.connectias                D  VlcDvdPlayer: Available audio tracks: 5
2025-12-11 20:10:36.585 11811-11811 VlcDvdPlayer            com.ble1st.connectias                D  VlcDvdPlayer: Audio track id=-1, name=Disable
2025-12-11 20:10:36.585 11811-11811 VlcDvdPlayer            com.ble1st.connectias                D  VlcDvdPlayer: Audio track id=-1, name=Disable
2025-12-11 20:10:36.585 11811-11811 VlcDvdPlayer            com.ble1st.connectias                D  VlcDvdPlayer: Audio track id=1, name=Track 1
2025-12-11 20:10:36.585 11811-11811 VlcDvdPlayer            com.ble1st.connectias                D  VlcDvdPlayer: Audio track id=1, name=Track 1
2025-12-11 20:10:36.585 11811-11811 VlcDvdPlayer            com.ble1st.connectias                D  VlcDvdPlayer: Audio track id=2, name=Track 2
2025-12-11 20:10:36.586 11811-11811 VlcDvdPlayer            com.ble1st.connectias                D  VlcDvdPlayer: Audio track id=2, name=Track 2
2025-12-11 20:10:36.586 11811-11811 VlcDvdPlayer            com.ble1st.connectias                D  VlcDvdPlayer: Audio track id=3, name=Track 3
2025-12-11 20:10:36.586 11811-11811 VlcDvdPlayer            com.ble1st.connectias                D  VlcDvdPlayer: Audio track id=3, name=Track 3
2025-12-11 20:10:36.586 11811-11811 VlcDvdPlayer            com.ble1st.connectias                D  VlcDvdPlayer: Audio track id=4, name=Track 4
2025-12-11 20:10:36.586 11811-11811 VlcDvdPlayer            com.ble1st.connectias                D  VlcDvdPlayer: Audio track id=4, name=Track 4
2025-12-11 20:10:36.586 11811-11811 VlcDvdPlayer            com.ble1st.connectias                D  VlcDvdPlayer: Available subtitle tracks: 0
2025-12-11 20:10:36.586 11811-11811 VlcDvdPlayer            com.ble1st.connectias                D  VlcDvdPlayer: Available subtitle tracks: 0
2025-12-11 20:10:36.586 11811-11811 VlcDvdPlayer            com.ble1st.connectias                I  VlcDvdPlayer: Setting audio track to 2 (requested id=1, lang=de)
2025-12-11 20:10:36.586 11811-11811 VlcDvdPlayer            com.ble1st.connectias                I  VlcDvdPlayer: Setting audio track to 2 (requested id=1, lang=de)
2025-12-11 20:10:36.586 11811-11902 VLC                     com.ble1st.connectias                D  [0100cd988b603c90/2e7e] libvlc input: control type=19
2025-12-11 20:10:36.586 11811-11811 VlcDvdPlayer            com.ble1st.connectias                W  VlcDvdPlayer: Could not resolve subtitle track for id=1 lang=de
2025-12-11 20:10:36.586 11811-11811 VlcDvdPlayer            com.ble1st.connectias                W  VlcDvdPlayer: Could not resolve subtitle track for id=1 lang=de
2025-12-11 20:10:36.587 11811-11811 VlcDvdPlayer            com.ble1st.connectias                D  VlcDvdPlayer: Tracks partially resolved (audio=true, sub=false) (attempt 2/30), retrying in 500ms
2025-12-11 20:10:36.587 11811-11811 VlcDvdPlayer            com.ble1st.connectias                D  VlcDvdPlayer: Tracks partially resolved (audio=true, sub=false) (attempt 2/30), retrying in 500ms
2025-12-11 20:10:36.587 11811-11811 VlcDvdPlayer            com.ble1st.connectias                D  VlcDvdPlayer: Available audio tracks: 5
2025-12-11 20:10:36.587 11811-11811 VlcDvdPlayer            com.ble1st.connectias                D  VlcDvdPlayer: Available audio tracks: 5
2025-12-11 20:10:36.587 11811-11811 VlcDvdPlayer            com.ble1st.connectias                D  VlcDvdPlayer: Audio track id=-1, name=Disable
2025-12-11 20:10:36.587 11811-11811 VlcDvdPlayer            com.ble1st.connectias                D  VlcDvdPlayer: Audio track id=-1, name=Disable
2025-12-11 20:10:36.587 11811-11811 VlcDvdPlayer            com.ble1st.connectias                D  VlcDvdPlayer: Audio track id=1, name=Track 1
2025-12-11 20:10:36.587 11811-11811 VlcDvdPlayer            com.ble1st.connectias                D  VlcDvdPlayer: Audio track id=1, name=Track 1
2025-12-11 20:10:36.587 11811-11811 VlcDvdPlayer            com.ble1st.connectias                D  VlcDvdPlayer: Audio track id=2, name=Track 2
2025-12-11 20:10:36.587 11811-11811 VlcDvdPlayer            com.ble1st.connectias                D  VlcDvdPlayer: Audio track id=2, name=Track 2
2025-12-11 20:10:36.587 11811-11811 VlcDvdPlayer            com.ble1st.connectias                D  VlcDvdPlayer: Audio track id=3, name=Track 3
2025-12-11 20:10:36.588 11811-11811 VlcDvdPlayer            com.ble1st.connectias                D  VlcDvdPlayer: Audio track id=3, name=Track 3
2025-12-11 20:10:36.588 11811-11811 VlcDvdPlayer            com.ble1st.connectias                D  VlcDvdPlayer: Audio track id=4, name=Track 4
2025-12-11 20:10:36.588 11811-11811 VlcDvdPlayer            com.ble1st.connectias                D  VlcDvdPlayer: Audio track id=4, name=Track 4
2025-12-11 20:10:36.588 11811-11811 VlcDvdPlayer            com.ble1st.connectias                D  VlcDvdPlayer: Available subtitle tracks: 0
2025-12-11 20:10:36.588 11811-11811 VlcDvdPlayer            com.ble1st.connectias                D  VlcDvdPlayer: Available subtitle tracks: 0
2025-12-11 20:10:36.588 11811-11811 VlcDvdPlayer            com.ble1st.connectias                I  VlcDvdPlayer: Setting audio track to 2 (requested id=1, lang=de)
2025-12-11 20:10:36.588 11811-11811 VlcDvdPlayer            com.ble1st.connectias                I  VlcDvdPlayer: Setting audio track to 2 (requested id=1, lang=de)
2025-12-11 20:10:36.588 11811-11902 VLC                     com.ble1st.connectias                D  [0100cd988b603c90/2e7e] libvlc input: control type=19
2025-12-11 20:10:36.588 11811-11811 VlcDvdPlayer            com.ble1st.connectias                W  VlcDvdPlayer: Could not resolve subtitle track for id=1 lang=de
2025-12-11 20:10:36.588 11811-11811 VlcDvdPlayer            com.ble1st.connectias                W  VlcDvdPlayer: Could not resolve subtitle track for id=1 lang=de
2025-12-11 20:10:36.588 11811-11811 VlcDvdPlayer            com.ble1st.connectias                D  VlcDvdPlayer: Tracks partially resolved (audio=true, sub=false) (attempt 2/30), retrying in 500ms
2025-12-11 20:10:36.588 11811-11811 VlcDvdPlayer            com.ble1st.connectias                D  VlcDvdPlayer: Tracks partially resolved (audio=true, sub=false) (attempt 2/30), retrying in 500ms
2025-12-11 20:10:36.589 11811-11811 VlcDvdPlayer            com.ble1st.connectias                D  VlcDvdPlayer: Available audio tracks: 5
2025-12-11 20:10:36.589 11811-11811 VlcDvdPlayer            com.ble1st.connectias                D  VlcDvdPlayer: Available audio tracks: 5
2025-12-11 20:10:36.589 11811-11811 VlcDvdPlayer            com.ble1st.connectias                D  VlcDvdPlayer: Audio track id=-1, name=Disable
2025-12-11 20:10:36.589 11811-11811 VlcDvdPlayer            com.ble1st.connectias                D  VlcDvdPlayer: Audio track id=-1, name=Disable
2025-12-11 20:10:36.589 11811-11811 VlcDvdPlayer            com.ble1st.connectias                D  VlcDvdPlayer: Audio track id=1, name=Track 1
2025-12-11 20:10:36.589 11811-11811 VlcDvdPlayer            com.ble1st.connectias                D  VlcDvdPlayer: Audio track id=1, name=Track 1
2025-12-11 20:10:36.589 11811-11811 VlcDvdPlayer            com.ble1st.connectias                D  VlcDvdPlayer: Audio track id=2, name=Track 2
2025-12-11 20:10:36.589 11811-11811 VlcDvdPlayer            com.ble1st.connectias                D  VlcDvdPlayer: Audio track id=2, name=Track 2
2025-12-11 20:10:36.589 11811-11811 VlcDvdPlayer            com.ble1st.connectias                D  VlcDvdPlayer: Audio track id=3, name=Track 3
2025-12-11 20:10:36.589 11811-11811 VlcDvdPlayer            com.ble1st.connectias                D  VlcDvdPlayer: Audio track id=3, name=Track 3
2025-12-11 20:10:36.589 11811-11811 VlcDvdPlayer            com.ble1st.connectias                D  VlcDvdPlayer: Audio track id=4, name=Track 4
2025-12-11 20:10:36.589 11811-11811 VlcDvdPlayer            com.ble1st.connectias                D  VlcDvdPlayer: Audio track id=4, name=Track 4
2025-12-11 20:10:36.589 11811-11811 VlcDvdPlayer            com.ble1st.connectias                D  VlcDvdPlayer: Available subtitle tracks: 0
2025-12-11 20:10:36.590 11811-11811 VlcDvdPlayer            com.ble1st.connectias                D  VlcDvdPlayer: Available subtitle tracks: 0
2025-12-11 20:10:36.590 11811-11811 VlcDvdPlayer            com.ble1st.connectias                I  VlcDvdPlayer: Setting audio track to 2 (requested id=1, lang=de)
2025-12-11 20:10:36.590 11811-11811 VlcDvdPlayer            com.ble1st.connectias                I  VlcDvdPlayer: Setting audio track to 2 (requested id=1, lang=de)
2025-12-11 20:10:36.590 11811-11902 VLC                     com.ble1st.connectias                D  [0100cd988b603c90/2e7e] libvlc input: control type=19
2025-12-11 20:10:36.590 11811-11811 VlcDvdPlayer            com.ble1st.connectias                W  VlcDvdPlayer: Could not resolve subtitle track for id=1 lang=de
2025-12-11 20:10:36.590 11811-11811 VlcDvdPlayer            com.ble1st.connectias                W  VlcDvdPlayer: Could not resolve subtitle track for id=1 lang=de
2025-12-11 20:10:36.590 11811-11811 VlcDvdPlayer            com.ble1st.connectias                D  VlcDvdPlayer: Tracks partially resolved (audio=true, sub=false) (attempt 2/30), retrying in 500ms
2025-12-11 20:10:36.591 11811-11811 VlcDvdPlayer            com.ble1st.connectias                D  VlcDvdPlayer: Tracks partially resolved (audio=true, sub=false) (attempt 2/30), retrying in 500ms
2025-12-11 20:10:36.591 11811-11811 VlcDvdPlayer            com.ble1st.connectias                D  VlcDvdPlayer: Available audio tracks: 5
