2025-12-07 20:54:52.779 15932-15986 DvdVideoPr...er$openDvd com.ble1st.connectias                W  DvdVideoProvider: openDvd() - Title 29 returned null, skipping
2025-12-07 20:54:52.789 15932-15986 DvdVideoPr...er$openDvd com.ble1st.connectias                W  DvdVideoProvider: openDvd() - Title 30 returned null, skipping
2025-12-07 20:54:52.798 15932-15986 DvdVideoPr...er$openDvd com.ble1st.connectias                W  DvdVideoProvider: openDvd() - Title 31 returned null, skipping
2025-12-07 20:54:52.808 15932-15986 DvdVideoPr...er$openDvd com.ble1st.connectias                W  DvdVideoProvider: openDvd() - Title 32 returned null, skipping
2025-12-07 20:54:52.815 15932-15986 DvdVideoPr...er$openDvd com.ble1st.connectias                W  DvdVideoProvider: openDvd() - Title 33 returned null, skipping
2025-12-07 20:54:52.823 15932-15986 DvdVideoPr...er$openDvd com.ble1st.connectias                W  DvdVideoProvider: openDvd() - Title 34 returned null, skipping
2025-12-07 20:55:08.459 15932-15986 DvdVideoPr...er$openDvd com.ble1st.connectias                W  DvdVideoProvider: openDvd() - Title 46 returned null, skipping
2025-12-07 20:55:26.082 15932-15986 DvdVideoPr...er$openDvd com.ble1st.connectias                I  DvdVideoProvider: openDvd() - Loaded 53 title metadata entries (chapters deferred)
2025-12-07 20:55:26.307 15932-15986 DvdVideoPr...er$openDvd com.ble1st.connectias                I  DvdVideoProvider: openDvd() - Successfully opened DVD
2025-12-07 20:55:26.325 15932-15986 UsbDeviceConnectionJNI  com.ble1st.connectias                D  close
2025-12-07 20:55:26.326 15932-15986 OpticalDriveProvider    com.ble1st.connectias                D  OpticalDriveProvider: Session closed
2025-12-07 20:55:26.328 15932-15932 DvdCdDetai...tailScreen com.ble1st.connectias                I  === DvdCdDetailScreen: Successfully detected Video DVD: 53 titles ===
2025-12-07 20:55:32.073 15932-15932 WindowOnBackDispatcher  com.ble1st.connectias                D  setTopOnBackInvokedCallback (unwrapped): androidx.compose.ui.window.Api33Impl$$ExternalSyntheticLambda0@4a9111
2025-12-07 20:55:32.181 15932-15932 ImeBackDispatcher       com.ble1st.connectias                D  switch root view (mImeCallbacks.size=0)
2025-12-07 20:55:32.189 15932-15932 InsetsController        com.ble1st.connectias                D  hide(ime())
2025-12-07 20:55:32.189 15932-15932 ImeTracker              com.ble1st.connectias                I  com.ble1st.connectias:c03e2254: onCancelled at PHASE_CLIENT_ALREADY_HIDDEN
2025-12-07 20:55:34.014 15932-15932 ImeBackDispatcher       com.ble1st.connectias                D  Clear (mImeCallbacks.size=0)
2025-12-07 20:55:34.014 15932-15932 ImeBackDispatcher       com.ble1st.connectias                D  switch root view (mImeCallbacks.size=0)
2025-12-07 20:55:34.015 15932-15932 WindowOnBackDispatcher  com.ble1st.connectias                D  setTopOnBackInvokedCallback (unwrapped): null
2025-12-07 20:55:34.019 15932-15955 HWUI                    com.ble1st.connectias                D  endAllActiveAnimators on 0xa00c20ccc178000 (UnprojectedRipple) with handle 0xc00c0e3a13b2a80
2025-12-07 20:55:34.057 15932-15932 ImeBackDispatcher       com.ble1st.connectias                D  switch root view (mImeCallbacks.size=0)
2025-12-07 20:55:34.064 15932-15932 InsetsController        com.ble1st.connectias                D  hide(ime())
2025-12-07 20:55:34.065 15932-15932 ImeTracker              com.ble1st.connectias                I  com.ble1st.connectias:2f41f042: onCancelled at PHASE_CLIENT_ALREADY_HIDDEN
2025-12-07 20:55:36.599 15932-15986 DvdVideoPr...$playTitle com.ble1st.connectias                D  DvdVideoProvider: playTitle() called
2025-12-07 20:55:36.600 15932-15986 DvdVideoPr...$playTitle com.ble1st.connectias                D  DvdVideoProvider: playTitle() - titleNumber: 1, deviceId: 1003
2025-12-07 20:55:36.601 15932-15986 DvdVideoPr...$playTitle com.ble1st.connectias                D  DvdVideoProvider: playTitle() - Available titles: 53
2025-12-07 20:55:36.601 15932-15986 DvdVideoPr...$playTitle com.ble1st.connectias                D  DvdVideoProvider: playTitle() -   Title[0]: number=1, chapters=21, duration=5306980ms
2025-12-07 20:55:36.601 15932-15986 DvdVideoPr...$playTitle com.ble1st.connectias                D  DvdVideoProvider: playTitle() -   Title[1]: number=2, chapters=2, duration=475419ms
2025-12-07 20:55:36.602 15932-15986 DvdVideoPr...$playTitle com.ble1st.connectias                D  DvdVideoProvider: playTitle() -   Title[2]: number=3, chapters=2, duration=110980ms
2025-12-07 20:55:36.602 15932-15986 DvdVideoPr...$playTitle com.ble1st.connectias                D  DvdVideoProvider: playTitle() -   Title[3]: number=4, chapters=2, duration=128320ms
2025-12-07 20:55:36.602 15932-15986 DvdVideoPr...$playTitle com.ble1st.connectias                D  DvdVideoProvider: playTitle() -   Title[4]: number=5, chapters=21, duration=5306980ms
2025-12-07 20:55:36.603 15932-15986 DvdVideoPr...$playTitle com.ble1st.connectias                D  DvdVideoProvider: playTitle() -   Title[5]: number=6, chapters=2, duration=475419ms
2025-12-07 20:55:36.603 15932-15986 DvdVideoPr...$playTitle com.ble1st.connectias                D  DvdVideoProvider: playTitle() -   Title[6]: number=7, chapters=2, duration=110980ms
2025-12-07 20:55:36.604 15932-15986 DvdVideoPr...$playTitle com.ble1st.connectias                D  DvdVideoProvider: playTitle() -   Title[7]: number=8, chapters=2, duration=128320ms
2025-12-07 20:55:36.604 15932-15986 DvdVideoPr...$playTitle com.ble1st.connectias                D  DvdVideoProvider: playTitle() -   Title[8]: number=9, chapters=2, duration=26881ms
2025-12-07 20:55:36.604 15932-15986 DvdVideoPr...$playTitle com.ble1st.connectias                D  DvdVideoProvider: playTitle() -   Title[9]: number=10, chapters=21, duration=5306980ms
2025-12-07 20:55:36.605 15932-15986 DvdVideoPr...$playTitle com.ble1st.connectias                D  DvdVideoProvider: playTitle() -   Title[10]: number=11, chapters=2, duration=475419ms
2025-12-07 20:55:36.606 15932-15986 DvdVideoPr...$playTitle com.ble1st.connectias                D  DvdVideoProvider: playTitle() -   Title[11]: number=12, chapters=2, duration=110980ms
2025-12-07 20:55:36.606 15932-15986 DvdVideoPr...$playTitle com.ble1st.connectias                D  DvdVideoProvider: playTitle() -   Title[12]: number=13, chapters=2, duration=128320ms
2025-12-07 20:55:36.608 15932-15986 DvdVideoPr...$playTitle com.ble1st.connectias                D  DvdVideoProvider: playTitle() -   Title[13]: number=14, chapters=2, duration=26881ms
2025-12-07 20:55:36.608 15932-15986 DvdVideoPr...$playTitle com.ble1st.connectias                D  DvdVideoProvider: playTitle() -   Title[14]: number=15, chapters=2, duration=74815ms
2025-12-07 20:55:36.609 15932-15986 DvdVideoPr...$playTitle com.ble1st.connectias                D  DvdVideoProvider: playTitle() -   Title[15]: number=16, chapters=45, duration=442320ms
2025-12-07 20:55:36.609 15932-15986 DvdVideoPr...$playTitle com.ble1st.connectias                D  DvdVideoProvider: playTitle() -   Title[16]: number=17, chapters=1, duration=1716ms
2025-12-07 20:55:36.610 15932-15986 DvdVideoPr...$playTitle com.ble1st.connectias                D  DvdVideoProvider: playTitle() -   Title[17]: number=18, chapters=21, duration=5306980ms
2025-12-07 20:55:36.611 15932-15986 DvdVideoPr...$playTitle com.ble1st.connectias                D  DvdVideoProvider: playTitle() -   Title[18]: number=19, chapters=2, duration=475419ms
2025-12-07 20:55:36.613 15932-15986 DvdVideoPr...$playTitle com.ble1st.connectias                D  DvdVideoProvider: playTitle() -   Title[19]: number=20, chapters=2, duration=110980ms
2025-12-07 20:55:36.614 15932-15986 DvdVideoPr...$playTitle com.ble1st.connectias                D  DvdVideoProvider: playTitle() -   Title[20]: number=21, chapters=2, duration=128320ms
2025-12-07 20:55:36.616 15932-15986 DvdVideoPr...$playTitle com.ble1st.connectias                D  DvdVideoProvider: playTitle() -   Title[21]: number=22, chapters=2, duration=26881ms
2025-12-07 20:55:36.618 15932-15986 DvdVideoPr...$playTitle com.ble1st.connectias                D  DvdVideoProvider: playTitle() -   Title[22]: number=23, chapters=2, duration=74815ms
2025-12-07 20:55:36.619 15932-15986 DvdVideoPr...$playTitle com.ble1st.connectias                D  DvdVideoProvider: playTitle() -   Title[23]: number=24, chapters=45, duration=442320ms
2025-12-07 20:55:36.619 15932-15986 DvdVideoPr...$playTitle com.ble1st.connectias                D  DvdVideoProvider: playTitle() -   Title[24]: number=25, chapters=1, duration=1716ms
2025-12-07 20:55:36.619 15932-15986 DvdVideoPr...$playTitle com.ble1st.connectias                D  DvdVideoProvider: playTitle() -   Title[25]: number=26, chapters=2, duration=25320ms
2025-12-07 20:55:36.620 15932-15986 DvdVideoPr...$playTitle com.ble1st.connectias                D  DvdVideoProvider: playTitle() -   Title[26]: number=27, chapters=2, duration=22320ms
2025-12-07 20:55:36.620 15932-15986 DvdVideoPr...$playTitle com.ble1st.connectias                D  DvdVideoProvider: playTitle() -   Title[27]: number=28, chapters=2, duration=15320ms
2025-12-07 20:55:36.620 15932-15986 DvdVideoPr...$playTitle com.ble1st.connectias                D  DvdVideoProvider: playTitle() -   Title[28]: number=35, chapters=21, duration=5306980ms
2025-12-07 20:55:36.620 15932-15986 DvdVideoPr...$playTitle com.ble1st.connectias                D  DvdVideoProvider: playTitle() -   Title[29]: number=36, chapters=2, duration=475419ms
2025-12-07 20:55:36.621 15932-15986 DvdVideoPr...$playTitle com.ble1st.connectias                D  DvdVideoProvider: playTitle() -   Title[30]: number=37, chapters=2, duration=110980ms
2025-12-07 20:55:36.621 15932-15986 DvdVideoPr...$playTitle com.ble1st.connectias                D  DvdVideoProvider: playTitle() -   Title[31]: number=38, chapters=2, duration=128320ms
2025-12-07 20:55:36.621 15932-15986 DvdVideoPr...$playTitle com.ble1st.connectias                D  DvdVideoProvider: playTitle() -   Title[32]: number=39, chapters=2, duration=26881ms
2025-12-07 20:55:36.621 15932-15986 DvdVideoPr...$playTitle com.ble1st.connectias                D  DvdVideoProvider: playTitle() -   Title[33]: number=40, chapters=2, duration=74815ms
2025-12-07 20:55:36.621 15932-15986 DvdVideoPr...$playTitle com.ble1st.connectias                D  DvdVideoProvider: playTitle() -   Title[34]: number=41, chapters=45, duration=442320ms
2025-12-07 20:55:36.622 15932-15986 DvdVideoPr...$playTitle com.ble1st.connectias                D  DvdVideoProvider: playTitle() -   Title[35]: number=42, chapters=1, duration=1716ms
2025-12-07 20:55:36.622 15932-15986 DvdVideoPr...$playTitle com.ble1st.connectias                D  DvdVideoProvider: playTitle() -   Title[36]: number=43, chapters=2, duration=25320ms
2025-12-07 20:55:36.622 15932-15986 DvdVideoPr...$playTitle com.ble1st.connectias                D  DvdVideoProvider: playTitle() -   Title[37]: number=44, chapters=2, duration=22320ms
2025-12-07 20:55:36.622 15932-15986 DvdVideoPr...$playTitle com.ble1st.connectias                D  DvdVideoProvider: playTitle() -   Title[38]: number=45, chapters=2, duration=15320ms
2025-12-07 20:55:36.622 15932-15986 DvdVideoPr...$playTitle com.ble1st.connectias                D  DvdVideoProvider: playTitle() -   Title[39]: number=47, chapters=21, duration=5306980ms
2025-12-07 20:55:36.623 15932-15986 DvdVideoPr...$playTitle com.ble1st.connectias                D  DvdVideoProvider: playTitle() -   Title[40]: number=48, chapters=2, duration=475419ms
2025-12-07 20:55:36.623 15932-15986 DvdVideoPr...$playTitle com.ble1st.connectias                D  DvdVideoProvider: playTitle() -   Title[41]: number=49, chapters=2, duration=110980ms
2025-12-07 20:55:36.623 15932-15986 DvdVideoPr...$playTitle com.ble1st.connectias                D  DvdVideoProvider: playTitle() -   Title[42]: number=50, chapters=21, duration=5306980ms
2025-12-07 20:55:36.623 15932-15986 DvdVideoPr...$playTitle com.ble1st.connectias                D  DvdVideoProvider: playTitle() -   Title[43]: number=51, chapters=21, duration=5306980ms
2025-12-07 20:55:36.624 15932-15986 DvdVideoPr...$playTitle com.ble1st.connectias                D  DvdVideoProvider: playTitle() -   Title[44]: number=52, chapters=2, duration=475419ms
2025-12-07 20:55:36.624 15932-15986 DvdVideoPr...$playTitle com.ble1st.connectias                D  DvdVideoProvider: playTitle() -   Title[45]: number=53, chapters=2, duration=110980ms
2025-12-07 20:55:36.624 15932-15986 DvdVideoPr...$playTitle com.ble1st.connectias                D  DvdVideoProvider: playTitle() -   Title[46]: number=54, chapters=2, duration=128320ms
2025-12-07 20:55:36.625 15932-15986 DvdVideoPr...$playTitle com.ble1st.connectias                D  DvdVideoProvider: playTitle() -   Title[47]: number=55, chapters=2, duration=26881ms
2025-12-07 20:55:36.625 15932-15986 DvdVideoPr...$playTitle com.ble1st.connectias                D  DvdVideoProvider: playTitle() -   Title[48]: number=56, chapters=2, duration=74815ms
2025-12-07 20:55:36.625 15932-15986 DvdVideoPr...$playTitle com.ble1st.connectias                D  DvdVideoProvider: playTitle() -   Title[49]: number=57, chapters=45, duration=442320ms
2025-12-07 20:55:36.625 15932-15986 DvdVideoPr...$playTitle com.ble1st.connectias                D  DvdVideoProvider: playTitle() -   Title[50]: number=58, chapters=21, duration=5306980ms
2025-12-07 20:55:36.626 15932-15986 DvdVideoPr...$playTitle com.ble1st.connectias                D  DvdVideoProvider: playTitle() -   Title[51]: number=59, chapters=21, duration=5306980ms
2025-12-07 20:55:36.626 15932-15986 DvdVideoPr...$playTitle com.ble1st.connectias                D  DvdVideoProvider: playTitle() -   Title[52]: number=60, chapters=21, duration=5306980ms
2025-12-07 20:55:36.626 15932-15986 DvdVideoPr...$playTitle com.ble1st.connectias                D  DvdVideoProvider: playTitle() - Searching for title 1
2025-12-07 20:55:36.626 15932-15986 DvdVideoPr...$playTitle com.ble1st.connectias                D  DvdVideoProvider: playTitle() - Title found: number=1, chapters=21, duration=5306980ms
2025-12-07 20:55:36.626 15932-15986 DvdVideoPr...$playTitle com.ble1st.connectias                D  DvdVideoProvider: playTitle() - Generated URI: content://com.ble1st.connectias.provider/dvd/1003/1
2025-12-07 20:55:36.627 15932-15986 DvdVideoPr...$playTitle com.ble1st.connectias                D  DvdVideoProvider: playTitle() - Creating VideoStream object
2025-12-07 20:55:36.627 15932-15986 DvdVideoPr...$playTitle com.ble1st.connectias                D  DvdVideoProvider: playTitle() - VideoStream created: codec=mpeg2, resolution=720x480, uri=content://com.ble1st.connectias.provider/dvd/1003/1
2025-12-07 20:55:36.628 15932-15986 DvdVideoPr...$playTitle com.ble1st.connectias                D  DvdVideoProvider: playTitle() - Returning VideoStream
2025-12-07 20:55:36.677 15932-15986 OpticalDriveProvider    com.ble1st.connectias                I  OpticalDriveProvider: Active session opened for Portable Super Multi Drive
2025-12-07 20:55:36.688 15932-15932 DvdPlayerFragment       com.ble1st.connectias                D  DvdPlayerFragment: onCreateView
2025-12-07 20:55:36.688 15932-15932 DvdPlayerFragment       com.ble1st.connectias                D  DvdPlayerFragment: Starting playback for content://com.ble1st.connectias.provider/dvd/1003/1
2025-12-07 20:55:36.704 15932-15932 VlcDvdPlayer            com.ble1st.connectias                D  VlcDvdPlayer: Initializing VlcDvdPlayer instance
2025-12-07 20:55:36.705 15932-15932 VlcDvdPlayer            com.ble1st.connectias                D  VlcDvdPlayer: setupLibVlc() called
2025-12-07 20:55:36.705 15932-15932 VlcDvdPlayer            com.ble1st.connectias                D  VlcDvdPlayer: Starting native bridge initialization
2025-12-07 20:55:36.705 15932-15932 VlcJni                  com.ble1st.connectias                I  VlcJni: nativeInit() - g_vm initialized: 0x800c1a26bdc0a00
2025-12-07 20:55:36.748 15932-15932 VlcJni                  com.ble1st.connectias                E  === nativeInit() SUCCESS - Will use Java LibVLC's native instance ===
2025-12-07 20:55:36.749 15932-15932 VlcDvdPlayer            com.ble1st.connectias                D  VlcDvdPlayer: nativeInit() returned: true
2025-12-07 20:55:36.750 15932-15932 VlcDvdPlayer            com.ble1st.connectias                D  VlcDvdPlayer: Native bridge initialized successfully
2025-12-07 20:55:36.750 15932-15932 VlcDvdPlayer            com.ble1st.connectias                D  VlcDvdPlayer: Creating LibVLC options list
2025-12-07 20:55:36.750 15932-15932 VlcDvdPlayer            com.ble1st.connectias                D  VlcDvdPlayer: Added option: --no-drop-late-frames
2025-12-07 20:55:36.750 15932-15932 VlcDvdPlayer            com.ble1st.connectias                D  VlcDvdPlayer: Added option: --no-skip-frames
2025-12-07 20:55:36.750 15932-15932 VlcDvdPlayer            com.ble1st.connectias                D  VlcDvdPlayer: Added option: --rtsp-tcp
2025-12-07 20:55:36.751 15932-15932 VlcDvdPlayer            com.ble1st.connectias                D  VlcDvdPlayer: Added option: --dvdnav-menu
2025-12-07 20:55:36.751 15932-15932 VlcDvdPlayer            com.ble1st.connectias                D  VlcDvdPlayer: Added option: -vvv (verbose logging)
2025-12-07 20:55:36.751 15932-15932 VlcDvdPlayer            com.ble1st.connectias                D  VlcDvdPlayer: Creating LibVLC instance with 5 options
2025-12-07 20:55:36.753 15932-15932 nativeloader            com.ble1st.connectias                D  Load /data/app/~~cCgXLh6S0ZGnwNIvDtqVaQ==/com.ble1st.connectias-f8hJ9tUnVahnCiq8fRsgQg==/base.apk!/lib/arm64-v8a/libc++_shared.so using class loader ns clns-9 (caller=/data/app/~~cCgXLh6S0ZGnwNIvDtqVaQ==/com.ble1st.connectias-f8hJ9tUnVahnCiq8fRsgQg==/base.apk!classes24.dex): ok
2025-12-07 20:55:36.754 15932-15932 nativeloader            com.ble1st.connectias                D  Load /data/app/~~cCgXLh6S0ZGnwNIvDtqVaQ==/com.ble1st.connectias-f8hJ9tUnVahnCiq8fRsgQg==/base.apk!/lib/arm64-v8a/libvlc.so using class loader ns clns-9 (caller=/data/app/~~cCgXLh6S0ZGnwNIvDtqVaQ==/com.ble1st.connectias-f8hJ9tUnVahnCiq8fRsgQg==/base.apk!classes24.dex): ok
2025-12-07 20:55:36.757 15932-15932 nativeloader            com.ble1st.connectias                D  Load /data/app/~~cCgXLh6S0ZGnwNIvDtqVaQ==/com.ble1st.connectias-f8hJ9tUnVahnCiq8fRsgQg==/base.apk!/lib/arm64-v8a/libvlcjni.so using class loader ns clns-9 (caller=/data/app/~~cCgXLh6S0ZGnwNIvDtqVaQ==/com.ble1st.connectias-f8hJ9tUnVahnCiq8fRsgQg==/base.apk!classes24.dex): ok
2025-12-07 20:55:36.760 15932-15932 VLC/JNI/VLCObject       com.ble1st.connectias                D  JNI interface loaded.
2025-12-07 20:55:36.773 15932-15932 VLC                     com.ble1st.connectias                D  [0500c17f1726bed0/0] libvlc libvlc: VLC media player - 3.0.22-rc1 Vetinari
2025-12-07 20:55:36.773 15932-15932 VLC                     com.ble1st.connectias                D  [0500c17f1726bed0/0] libvlc libvlc: Copyright © 1996-2025 the VideoLAN team
2025-12-07 20:55:36.773 15932-15932 VLC                     com.ble1st.connectias                D  [0500c17f1726bed0/0] libvlc libvlc: revision 3.0.22-rc1-20-g9306ddb224
2025-12-07 20:55:36.773 15932-15932 VLC                     com.ble1st.connectias                D  [0500c17f1726bed0/0] libvlc libvlc: configured with ../configure  '--host=aarch64-linux-android' '--build=x86_64-unknown-linux' '--with-contrib=/builds/videolan/vlc-android/libvlcjni/buildsystem/../vlc/contrib/aarch64-linux-android' '--prefix=/builds/videolan/vlc-android/libvlcjni/vlc/build-android-aarch64-linux-android/install/' '--with-pic' '--disable-nls' '--enable-realrtsp' '--enable-avformat' '--enable-swscale' '--enable-avcodec' '--enable-opus' '--enable-opensles' '--enable-matroska' '--enable-taglib' '--enable-dvbpsi' '--disable-vlc' '--disable-shared' '--disable-update-check' '--disable-vlm' '--disable-dbus' '--enable-lua' '--disable-vcd' '--disable-v4l2' '--enable-bluray' '--disable-linsys' '--disable-decklink' '--disable-libva' '--disable-dv1394' '--enable-mod' '--disable-sid' '--enable-gme' '--disable-tremor' '--disable-mad' '--enable-mpg123' '--disable-dca' '--disable-sdl-image' '--enable-zvbi' '--disable-fluidsynth' '--enable-fluidlite' '--disable-jack' '--disable-pulse' '--disable-alsa' '--disa
2025-12-07 20:55:36.773 15932-15932 VLC                     com.ble1st.connectias                D  [0500c17f1726bed0/0] libvlc libvlc: plug-ins loaded: 368 modules
2025-12-07 20:55:36.773 15932-15932 VLC                     com.ble1st.connectias                D  [0e00c17f1724e8d0/0] libvlc logger: looking for logger module matching "any": 4 candidates
2025-12-07 20:55:36.773 15932-15932 VLC                     com.ble1st.connectias                D  [0e00c17f1724e8d0/0] libvlc logger: using logger module "android_logger"
2025-12-07 20:55:36.773 15932-15932 VLC                     com.ble1st.connectias                D  [0500c17f1726bed0/3e3c] libvlc libvlc: translation test: code is "C"
2025-12-07 20:55:36.773 15932-15932 VLC                     com.ble1st.connectias                D  [0600c16f86553290/3e3c] libvlc keystore: looking for keystore module matching "memory": 3 candidates
2025-12-07 20:55:36.773 15932-15932 VLC                     com.ble1st.connectias                D  [0600c16f86553290/3e3c] libvlc keystore: using keystore module "memory"
2025-12-07 20:55:36.773 15932-15932 VLC                     com.ble1st.connectias                D  [0500c17f1726bed0/3e3c] libvlc libvlc: CPU has capabilities FPU 
2025-12-07 20:55:36.773 15932-15932 VlcDvdPlayer            com.ble1st.connectias                D  VlcDvdPlayer: LibVLC instance created: true
2025-12-07 20:55:36.774 15932-15932 VlcDvdPlayer            com.ble1st.connectias                D  VlcDvdPlayer: Creating MediaPlayer instance
2025-12-07 20:55:36.775 15932-15932 VLC                     com.ble1st.connectias                D  [0600c1a26bdb5490/3e3c] libvlc generic: creating audio output
2025-12-07 20:55:36.775 15932-15932 VLC                     com.ble1st.connectias                D  [0100c1d011bf6090/3e3c] libvlc audio output: looking for audio output module matching "android_audiotrack": 4 candidates
2025-12-07 20:55:36.776 15932-15932 VLC                     com.ble1st.connectias                D  [0100c1d011bf6090/3e3c] libvlc audio output: using audio output module "android_audiotrack"
2025-12-07 20:55:36.776 15932-15932 VLC                     com.ble1st.connectias                D  [0600c1a26bdb5490/3e3c] libvlc generic: keeping audio output
2025-12-07 20:55:36.777 15932-15932 VlcDvdPlayer            com.ble1st.connectias                D  VlcDvdPlayer: MediaPlayer instance created: true
2025-12-07 20:55:36.777 15932-15932 VlcDvdPlayer            com.ble1st.connectias                D  VlcDvdPlayer: Setting up MediaPlayer event listener
2025-12-07 20:55:36.777 15932-15932 VlcDvdPlayer            com.ble1st.connectias                D  VlcDvdPlayer: Event listener setup complete
2025-12-07 20:55:36.777 15932-15932 VlcDvdPlayer            com.ble1st.connectias                D  VlcDvdPlayer: Initialization complete
2025-12-07 20:55:36.798 15932-15932 VlcDvdPlayer            com.ble1st.connectias                D  VlcDvdPlayer: attachView() called
2025-12-07 20:55:36.798 15932-15932 VlcDvdPlayer            com.ble1st.connectias                D  VlcDvdPlayer: attachView() - surfaceView: android.view.SurfaceView{f08ba74 V.E...... ......I. 0,0-0,0}
2025-12-07 20:55:36.798 15932-15932 VlcDvdPlayer            com.ble1st.connectias                D  VlcDvdPlayer: attachView() - vout: org.videolan.libvlc.AWindow@93eeb9d
2025-12-07 20:55:36.798 15932-15932 VlcDvdPlayer            com.ble1st.connectias                D  VlcDvdPlayer: attachView() - Setting video view
2025-12-07 20:55:36.799 15932-15932 VlcDvdPlayer            com.ble1st.connectias                D  VlcDvdPlayer: attachView() - Attaching views
2025-12-07 20:55:36.799 15932-15932 VlcDvdPlayer            com.ble1st.connectias                D  VlcDvdPlayer: attachView() - Views attached
2025-12-07 20:55:36.854 15932-15932 VlcDvdPlayer            com.ble1st.connectias                V  VlcDvdPlayer: getLengthMs() -> -1
2025-12-07 20:55:36.854 15932-15986 VlcDvdPlayer            com.ble1st.connectias                D  VlcDvdPlayer: playDvd() called
2025-12-07 20:55:36.855 15932-15932 VlcDvdPlayer            com.ble1st.connectias                V  VlcDvdPlayer: getTimeMs() -> -1
2025-12-07 20:55:36.855 15932-15986 VlcDvdPlayer            com.ble1st.connectias                D  VlcDvdPlayer: usbDevice: Portable Super Multi Drive, devicePath: content://com.ble1st.connectias.provider/dvd/1003/1, driver: true
2025-12-07 20:55:36.857 15932-15986 VlcDvdPlayer            com.ble1st.connectias                D  VlcDvdPlayer: extractTitleNumberFromUri() - Found title number: 1
2025-12-07 20:55:36.858 15932-15986 VlcDvdPlayer            com.ble1st.connectias                D  VlcDvdPlayer: playDvd() - Using title number: 1
2025-12-07 20:55:36.859 15932-15986 VlcDvdPlayer            com.ble1st.connectias                D  VlcDvdPlayer: libVlc instance available: org.videolan.libvlc.LibVLC@2c5be35
2025-12-07 20:55:36.860 15932-15986 VlcDvdPlayer            com.ble1st.connectias                D  VlcDvdPlayer: mediaPlayer instance available: org.videolan.libvlc.MediaPlayer@2452ca
2025-12-07 20:55:36.860 15932-15986 VlcDvdPlayer            com.ble1st.connectias                D  VlcDvdPlayer: Stopping any previous playback
2025-12-07 20:55:36.861 15932-15986 VlcDvdPlayer            com.ble1st.connectias                D  VlcDvdPlayer: stop() called
2025-12-07 20:55:36.862 15932-15986 VlcDvdPlayer            com.ble1st.connectias                D  VlcDvdPlayer: stop() - Stopping media player
2025-12-07 20:55:36.863 15932-15986 VLC                     com.ble1st.connectias                D  [0100c1d011bf6090/3e72] libvlc audio output: removing module "android_audiotrack"
2025-12-07 20:55:36.864 15932-15986 VlcDvdPlayer            com.ble1st.connectias                D  VlcDvdPlayer: stop() - Clearing currentBlockDevice
2025-12-07 20:55:36.865 15932-15986 VlcDvdPlayer            com.ble1st.connectias                D  VlcDvdPlayer: stop() - Clearing read buffer
2025-12-07 20:55:36.866 15932-15986 VlcDvdPlayer            com.ble1st.connectias                D  VlcDvdPlayer: stop() - Complete
2025-12-07 20:55:36.867 15932-15986 VlcDvdPlayer            com.ble1st.connectias                D  VlcDvdPlayer: Previous playback stopped
2025-12-07 20:55:36.867 15932-15986 VlcDvdPlayer            com.ble1st.connectias                D  VlcDvdPlayer: Strategy 1 - Checking for Custom Native Callbacks
2025-12-07 20:55:36.868 15932-15986 VlcDvdPlayer            com.ble1st.connectias                D  VlcDvdPlayer: Driver available, attempting Custom Native Input setup
2025-12-07 20:55:36.868 15932-15986 VlcDvdPlayer            com.ble1st.connectias                I  VlcDvdPlayer: Attempting to setup Custom Native Input for USB Block Device
2025-12-07 20:55:36.868 15932-15986 VlcDvdPlayer            com.ble1st.connectias                D  VlcDvdPlayer: Setting currentBlockDevice to driver
2025-12-07 20:55:36.869 15932-15986 VlcDvdPlayer            com.ble1st.connectias                D  VlcDvdPlayer: Driver verified, blockSize: 2048
2025-12-07 20:55:36.869 15932-15986 VlcDvdPlayer            com.ble1st.connectias                I  VlcDvdPlayer: currentBlockDevice set: true
2025-12-07 20:55:36.869 15932-15986 VlcDvdPlayer            com.ble1st.connectias                D  VlcDvdPlayer: Loading VOB offsets for title: 1
2025-12-07 20:55:36.870 15932-15986 VlcDvdPlayer$playDvd    com.ble1st.connectias                D  VlcDvdPlayer: [IO Thread] Opening DVD handle
2025-12-07 20:55:36.890 15932-15932 VlcDvdPlayer$attachView com.ble1st.connectias                D  VlcDvdPlayer: attachView() - Setting window size after layout: 1080x1895
2025-12-07 20:55:36.897 15932-15932 VlcDvdPlayer            com.ble1st.connectias                D  VlcDvdPlayer: Event received - type: 262, buffering: 0.0%
2025-12-07 20:55:36.897 15932-15932 VlcDvdPlayer            com.ble1st.connectias                D  VlcDvdPlayer: VLC Event - Stopped
2025-12-07 20:55:36.999 15932-15986 DvdNative               com.ble1st.connectias                I  DvdNative: dvdOpenStreamNative() - DVD opened successfully via stream, handle: 2
2025-12-07 20:55:37.004 15932-15986 VlcDvdPlayer$playDvd    com.ble1st.connectias                D  VlcDvdPlayer: [IO Thread] DVD handle opened: 2
2025-12-07 20:55:37.006 15932-15986 DvdNative               com.ble1st.connectias                I  === Getting VOB offsets for title 1 ===
2025-12-07 20:55:37.311 15932-15986 DvdNative               com.ble1st.connectias                I  DVD has 60 titles
2025-12-07 20:55:37.311 15932-15986 DvdNative               com.ble1st.connectias                I  Title 1: VTS=1, VTS_TTN=1
2025-12-07 20:55:37.363 15932-15932 VlcDvdPlayer            com.ble1st.connectias                V  VlcDvdPlayer: getLengthMs() -> -1
2025-12-07 20:55:37.364 15932-15932 VlcDvdPlayer            com.ble1st.connectias                V  VlcDvdPlayer: getTimeMs() -> -1
2025-12-07 20:55:37.501 15932-15986 DvdNative               com.ble1st.connectias                I  VTS_TTN 1 maps to PGCN=1, PGN=1
2025-12-07 20:55:37.501 15932-15986 DvdNative               com.ble1st.connectias                I  PGC has 28 cells
2025-12-07 20:55:37.503 15932-15986 DvdNative               com.ble1st.connectias                I  Returning VTS=1 and 28 cell offsets (array size: 57)
2025-12-07 20:55:37.508 15932-15986 VlcDvdPlayer$playDvd    com.ble1st.connectias                I  VlcDvdPlayer: [IO Thread] Loaded 28 VOB cell offsets for VTS: 1
2025-12-07 20:55:37.509 15932-15986 VlcDvdPlayer$playDvd    com.ble1st.connectias                D  VlcDvdPlayer: [IO Thread] Total VOB size: 4540033024 bytes (4329 MB)
2025-12-07 20:55:37.510 15932-15986 DvdNative               com.ble1st.connectias                I  Opening VOB file for VTS 1
2025-12-07 20:55:37.813 15932-15986 DvdNative               com.ble1st.connectias                I  VOB file opened, size: 4717530 blocks (9213.93 MB)
2025-12-07 20:55:37.813 15932-15986 DvdNative               com.ble1st.connectias                I  VOB handle created: 1
2025-12-07 20:55:37.816 15932-15986 VlcDvdPlayer$playDvd    com.ble1st.connectias                I  VlcDvdPlayer: [IO Thread] VOB file opened, handle: 1
2025-12-07 20:55:37.817 15932-15986 VlcDvdPlayer            com.ble1st.connectias                D  VlcDvdPlayer: Switching to IO dispatcher for reflection work
2025-12-07 20:55:37.821 15932-15986 VlcDvdPlay...anceHandle com.ble1st.connectias                D  VlcDvdPlayer: [IO Thread] Getting LibVLC handle via reflection
2025-12-07 20:55:37.822 15932-15986 VlcDvdPlayer            com.ble1st.connectias                D  VlcDvdPlayer: getLibVlcHandle() called
2025-12-07 20:55:37.824 15932-15986 VlcDvdPlayer            com.ble1st.connectias                D  VlcDvdPlayer: getLibVlcHandle() - libVlc class: org.videolan.libvlc.LibVLC
2025-12-07 20:55:37.826 15932-15986 VlcDvdPlayer            com.ble1st.connectias                E  VlcDvdPlayer: === Inspecting class 0: org.videolan.libvlc.LibVLC ===
2025-12-07 20:55:37.827 15932-15986 VlcDvdPlayer            com.ble1st.connectias                E  VlcDvdPlayer: Found 3 fields in org.videolan.libvlc.LibVLC
2025-12-07 20:55:37.828 15932-15986 VlcDvdPlayer            com.ble1st.connectias                D  VlcDvdPlayer: FIELD: TAG (java.lang.String) = java.lang.String
2025-12-07 20:55:37.829 15932-15986 VlcDvdPlayer            com.ble1st.connectias                D  VlcDvdPlayer: FIELD: mAppContext (android.content.Context) = com.ble1st.connectias.ConnectiasApplication
2025-12-07 20:55:37.829 15932-15986 VlcDvdPlayer            com.ble1st.connectias                D  VlcDvdPlayer: FIELD: sLoaded (boolean) = java.lang.Boolean
2025-12-07 20:55:37.830 15932-15986 VlcDvdPlayer            com.ble1st.connectias                E  VlcDvdPlayer: === Inspecting class 1: org.videolan.libvlc.VLCObject ===
2025-12-07 20:55:37.830 15932-15986 VlcDvdPlayer            com.ble1st.connectias                E  VlcDvdPlayer: Found 5 fields in org.videolan.libvlc.VLCObject
2025-12-07 20:55:37.831 15932-15986 VlcDvdPlayer            com.ble1st.connectias                E  VlcDvdPlayer: FIELD: mInstance (Long) = 216384866010074688 (0x300c0e3a14d0e40)
2025-12-07 20:55:37.832 15932-15986 VlcDvdPlayer            com.ble1st.connectias                E  VlcDvdPlayer: FIELD: mNativeRefCount (Int) = 1
2025-12-07 20:55:37.832 15932-15986 VlcDvdPlayer            com.ble1st.connectias                E  VlcDvdPlayer: === Inspecting class 2: java.lang.Object ===
2025-12-07 20:55:37.833 15932-15986 VlcDvdPlayer            com.ble1st.connectias                E  VlcDvdPlayer: Found 0 fields in java.lang.Object
2025-12-07 20:55:37.834 15932-15986 VlcDvdPlayer            com.ble1st.connectias                E  VlcDvdPlayer: SELECTED FIELD: mInstance from org.videolan.libvlc.VLCObject = 216384866010074688 (0x300c0e3a14d0e40)
2025-12-07 20:55:37.834 15932-15986 VlcDvdPlay...anceHandle com.ble1st.connectias                D  VlcDvdPlayer: [IO Thread] getLibVlcHandle returned: 216384866010074688
2025-12-07 20:55:37.835 15932-15986 VlcDvdPlayer            com.ble1st.connectias                D  VlcDvdPlayer: Instance handle check: 216384866010074688
2025-12-07 20:55:37.835 15932-15986 VlcDvdPlayer            com.ble1st.connectias                D  VlcDvdPlayer: Instance handle is valid, proceeding with nativeCreateMedia
2025-12-07 20:55:37.835 15932-15986 VlcDvdPlayer            com.ble1st.connectias                D  VlcDvdPlayer: Calling nativeCreateMedia with handle: 216384866010074688
2025-12-07 20:55:37.837 15932-15986 VlcDvdPlayer$playDvd    com.ble1st.connectias                D  VlcDvdPlayer: [IO Thread] Starting nativeCreateMedia with 5 second timeout
2025-12-07 20:55:37.838 15932-15986 VlcDvdPlayer$playDvd    com.ble1st.connectias                D  VlcDvdPlayer: [IO Thread] Calling nativeCreateMedia()
2025-12-07 20:55:37.838 15932-15986 VlcJni                  com.ble1st.connectias                E  === Java provided handle: 0x300c0e3a14d0e40 (decimal: 216384866010074688) ===
2025-12-07 20:55:37.838 15932-15986 VlcJni                  com.ble1st.connectias                E  === HANDLE PROBE: ptr=0x300c0e3a14d0e40 ===
2025-12-07 20:55:37.838 15932-15986 VlcJni                  com.ble1st.connectias                E  === HANDLE PROBE: [0]=0x0, [1]=0x500c143eb1325a0 ===
2025-12-07 20:55:37.838 15932-15986 VlcJni                  com.ble1st.connectias                E  === DETECTED WRAPPER: Using dereferenced pointer [1] as instance ===
2025-12-07 20:55:37.838 15932-15986 VlcJni                  com.ble1st.connectias                E  === CRITICAL: About to call libvlc_media_new_callbacks() ===
2025-12-07 20:55:37.838 15932-15986 VlcJni                  com.ble1st.connectias                E  === Instance ptr used: 0x500c143eb1325a0 ===
2025-12-07 20:55:37.838 15932-15986 VlcJni                  com.ble1st.connectias                E  === CALLING libvlc_media_new_callbacks() NOW ===
2025-12-07 20:55:37.839 15932-15986 VlcJni                  com.ble1st.connectias                E  === libvlc_media_new_callbacks() RETURNED: 0x100c15eb2a21000 ===
2025-12-07 20:55:37.839 15932-15986 VlcJni                  com.ble1st.connectias                E  === libvlc_media_new_callbacks() returned valid media: 0x100c15eb2a21000 ===
2025-12-07 20:55:37.840 15932-15986 VlcDvdPlayer$playDvd    com.ble1st.connectias                D  VlcDvdPlayer: [IO Thread] nativeCreateMedia returned: 72270206505979904
2025-12-07 20:55:37.840 15932-15986 VlcDvdPlayer            com.ble1st.connectias                I  VlcDvdPlayer: Native media handle: 72270206505979904
2025-12-07 20:55:37.840 15932-15986 VlcDvdPlayer            com.ble1st.connectias                I  VlcDvdPlayer: Native media handle is valid, setting directly on player
2025-12-07 20:55:37.840 15932-15986 VlcDvdPlayer            com.ble1st.connectias                D  VlcDvdPlayer: getMediaPlayerHandle() called
2025-12-07 20:55:37.841 15932-15986 VlcDvdPlayer            com.ble1st.connectias                E  VlcDvdPlayer: Found MediaPlayer handle in field 'mInstance': 360500054084994944
2025-12-07 20:55:37.841 15932-15986 VlcDvdPlayer            com.ble1st.connectias                I  VlcDvdPlayer: MediaPlayer handle: 360500054084994944
2025-12-07 20:55:37.841 15932-15986 VlcJni                  com.ble1st.connectias                E  === PLAYER HANDLE PROBE: ptr=0x500c0e3a13ec780 ===
2025-12-07 20:55:37.841 15932-15986 VlcJni                  com.ble1st.connectias                E  === PLAYER HANDLE PROBE: [0]=0x500c143eb1325a0, [1]=0x600c1a26bdb5490 ===
2025-12-07 20:55:37.841 15932-15986 VlcJni                  com.ble1st.connectias                E  === DETECTED PLAYER WRAPPER: Using dereferenced pointer [1] ===
2025-12-07 20:55:37.841 15932-15986 VlcJni                  com.ble1st.connectias                E  === Setting media on player: player=0x600c1a26bdb5490, media=0x100c15eb2a21000 ===
2025-12-07 20:55:37.841 15932-15986 VlcJni                  com.ble1st.connectias                E  === Media set on player successfully ===
2025-12-07 20:55:37.842 15932-15932 VlcDvdPlayer            com.ble1st.connectias                D  VlcDvdPlayer: Event received - type: 256, buffering: 0.0%
2025-12-07 20:55:37.842 15932-15986 VlcDvdPlayer            com.ble1st.connectias                I  VlcDvdPlayer: Native media set on player successfully
2025-12-07 20:55:37.842 15932-15932 VlcDvdPlayer            com.ble1st.connectias                D  VlcDvdPlayer: VLC Event - Unknown event type: 256
2025-12-07 20:55:37.842 15932-15986 VlcDvdPlayer            com.ble1st.connectias                D  VlcDvdPlayer: Strategy 2 - Checking for MRL fallback
2025-12-07 20:55:37.843 15932-15986 VlcDvdPlayer            com.ble1st.connectias                D  VlcDvdPlayer: Media is null, attempting fallback
2025-12-07 20:55:37.843 15932-15986 VlcDvdPlayer            com.ble1st.connectias                W  VlcDvdPlayer: Cannot use fallback MRL - devicePath is not a file path: content://com.ble1st.connectias.provider/dvd/1003/1
2025-12-07 20:55:37.843 15932-15986 VlcDvdPlayer            com.ble1st.connectias                W  VlcDvdPlayer: Custom Native Input must be used. If it failed, playback is not possible.
2025-12-07 20:55:37.843 15932-15986 VlcDvdPlayer            com.ble1st.connectias                D  VlcDvdPlayer: Final setup - checking if media is available
2025-12-07 20:55:37.844 15932-15986 VlcDvdPlayer            com.ble1st.connectias                I  VlcDvdPlayer: Setting up MediaPlayer
2025-12-07 20:55:37.844 15932-15986 VlcDvdPlayer            com.ble1st.connectias                D  VlcDvdPlayer: Switching to Main dispatcher for final setup
2025-12-07 20:55:37.845 15932-15932 VlcDvdPlayer$playDvd    com.ble1st.connectias                D  VlcDvdPlayer: [Main Thread] Starting final playback setup
2025-12-07 20:55:37.845 15932-15932 VlcDvdPlayer$playDvd    com.ble1st.connectias                D  VlcDvdPlayer: [Main Thread] Using native Media (already set on player)
2025-12-07 20:55:37.845 15932-15932 VlcDvdPlayer$playDvd    com.ble1st.connectias                D  VlcDvdPlayer: [Main Thread] Native media handle: 72270206505979904
2025-12-07 20:55:37.846 15932-15932 VlcDvdPlayer$playDvd    com.ble1st.connectias                D  VlcDvdPlayer: [Main Thread] Starting playback
2025-12-07 20:55:37.846 15932-15932 VlcDvdPlayer$playDvd    com.ble1st.connectias                D  VlcDvdPlayer: [Main Thread] Calling player.play()
2025-12-07 20:55:37.847 15932-15932 VLC                     com.ble1st.connectias                D  [0600c1a26bdb5490/3e3c] libvlc generic: creating audio output
2025-12-07 20:55:37.847 15932-15932 VLC                     com.ble1st.connectias                D  [0900c1d011bdf290/3e3c] libvlc audio output: looking for audio output module matching "android_audiotrack,none": 4 candidates
2025-12-07 20:55:37.847 15932-15932 VLC                     com.ble1st.connectias                D  [0900c1d011bdf290/3e3c] libvlc audio output: using audio output module "android_audiotrack"
2025-12-07 20:55:37.848 15932-15932 VLC                     com.ble1st.connectias                D  [0600c1a26bdb5490/3e3c] libvlc generic: keeping audio output
2025-12-07 20:55:37.857 15932-15932 AudioSystem             com.ble1st.connectias                D  onNewService: media.audio_policy service obtained 0x800c0ef0f632240
2025-12-07 20:55:37.860 15932-15932 AudioSystem             com.ble1st.connectias                D  getService: checking for service media.audio_policy: 0x800c0ef0f632240
2025-12-07 20:55:37.895 15932-15932 VLC                     com.ble1st.connectias                D  [0600c242bb0afa90/3e3c] libvlc input: Creating an input for 'imem://'
2025-12-07 20:55:37.899 15932-16163 VLC                     com.ble1st.connectias                D  [0600c242bb0afa90/3f23] libvlc input: using timeshift granularity of 50 MiB
2025-12-07 20:55:37.900 15932-16163 VLC                     com.ble1st.connectias                D  [0600c242bb0afa90/3f23] libvlc input: using default timeshift path
2025-12-07 20:55:37.900 15932-16163 VLC                     com.ble1st.connectias                D  [0600c242bb0afa90/3f23] libvlc input: `imem://' gives access `imem' demux `any' path `'
2025-12-07 20:55:37.900 15932-16163 VLC                     com.ble1st.connectias                D  [0400c17f17334dd0/3f23] libvlc input source: creating demux: access='imem' demux='any' location='' file='(null)'
2025-12-07 20:55:37.900 15932-16163 VLC                     com.ble1st.connectias                D  [0600c17f1733ff50/3f23] libvlc demux: looking for access_demux module matching "imem": 7 candidates
2025-12-07 20:55:37.900 15932-16163 VLC                     com.ble1st.connectias                D  [0600c17f1733ff50/3f23] libvlc demux: no access_demux modules matched
2025-12-07 20:55:37.900 15932-16163 VLC                     com.ble1st.connectias                D  [0100c18df333db10/3f23] libvlc stream: creating access: imem://
2025-12-07 20:55:37.900 15932-16163 VLC                     com.ble1st.connectias                D  [0100c18df333db10/3f23] libvlc stream: looking for access module matching "imem": 25 candidates
2025-12-07 20:55:37.900 15932-16163 VlcJni                  com.ble1st.connectias                E  media_open_cb() CALLED - opaque: 0xa00c0ef0f628840
2025-12-07 20:55:37.900 15932-15932 VlcDvdPlayer            com.ble1st.connectias                D  VlcDvdPlayer: Available audio tracks: 0
2025-12-07 20:55:37.901 15932-16160 VLC-std                 com.ble1st.connectias                D  libdvdread: Attempting to retrieve all CSS keys
                                                                                                    libdvdread: This can take a _long_ time, please be patient
                                                                                                    libdvdread: Get key for /VIDEO_TS/VIDEO_TS.VOB at 0x000002ef
                                                                                                    libdvdread: Elapsed time 0
                                                                                                    libdvdread: Get key for /VIDEO_TS/VTS_01_0.VOB at 0x000004f5
                                                                                                    libdvdread: Elapsed time 0
                                                                                                    libdvdread: Get key for /VIDEO_TS/VTS_01_1.VOB at 0x0001752d
                                                                                                    libdvdread: Elapsed time 0
                                                                                                    libdvdread: Get key for /VIDEO_TS/VTS_02_0.VOB at 0x002348e0
                                                                                                    libdvdread: Elapsed time 0
                                                                                                    libdvdread: Get key for /VIDEO_TS/VTS_02_1.VOB at 0x002348e5
                                                                                                    libdvdread: Elapsed time 0
                                                                                                    libdvdread: Get key for /VIDEO_TS/VTS_03_0.VOB at 0x002e6aaa
                                                                                                    libdvdread: Elapsed time 0
                                                                                                    libdvdread: Get key for /VIDEO_TS/VTS_03_1.VOB at 0x002e6aaf
                                                                                                    libdvdread: Elapsed time 0
                                                                                                    libdvdread: Get key for /VIDEO_TS/VTS_04_0.VOB at 0x003296cf
                                                                                                    libdvdread: Elapsed time 0
                                                                                                    libdvdread: Get key for /VIDEO_TS/VTS_04_1.VOB at 0x003296d4
                                                                                                    libdvdread: Elapsed time 0
                                                                                                    libdvdread: Get key for /VIDEO_TS/VTS_05_0.VOB at 0x00373e54
                                                                                                    libdvdread: Elapsed time 0
                                                                                                    libdvdread: Get key for /VIDEO_TS/VT
2025-12-07 20:55:37.901 15932-16160 VLC-std                 com.ble1st.connectias                D  _05_1.VOB at 0x00373e59
                                                                                                    libdvdread: Elapsed time 0
                                                                                                    libdvdread: Get key for /VIDEO_TS/VTS_06_0.VOB at 0x0038abb7
                                                                                                    libdvdread: Elapsed time 0
                                                                                                    libdvdread: Get key for /VIDEO_TS/VTS_06_1.VOB at 0x0038abbc
                                                                                                    libdvdread: Elapsed time 0
                                                                                                    libdvdread: Get key for /VIDEO_TS/VTS_07_0.VOB at 0x0039e29a
                                                                                                    libdvdread: Elapsed time 0
                                                                                                    libdvdread: Get key for /VIDEO_TS/VTS_07_1.VOB at 0x0039e29f
                                                                                                    libdvdread: Elapsed time 0
                                                                                                    libdvdread: Get key for /VIDEO_TS/VTS_08_0.VOB at 0x0039f164
                                                                                                    libdvdread: Elapsed time 0
                                                                                                    libdvdread: Get key for /VIDEO_TS/VTS_08_1.VOB at 0x0039f169
                                                                                                    libdvdread: Elapsed time 0
                                                                                                    libdvdread: Get key for /VIDEO_TS/VTS_09_0.VOB at 0x0039f207
                                                                                                    libdvdread: Elapsed time 0
                                                                                                    libdvdread: Get key for /VIDEO_TS/VTS_09_1.VOB at 0x0039f20c
                                                                                                    libdvdread: Elapsed time 0
                                                                                                    libdvdread: Get key for /VIDEO_TS/VTS_10_0.VOB at 0x003a1898
                                                                                                    libdvdread: Elapsed time 0
                                                                                                    libdvdread: Get key for /VIDEO_TS/VTS_10_1.VOB at 0x003a189d
                                                                                                    libdvdread: Elapsed time 0
                                                                                                    libdvdread: Get key for /VIDEO_TS/VTS_11_0.VOB at 0x003a33c1
                                                                                                    libdvdread: Elapsed time 0
                                                                                                    libd
